Archive member included because of file (symbol)

c:/program files (x86)/atmel/studio/7.0/toolchain/arm/arm-gnu-toolchain/bin/../lib/gcc/arm-none-eabi/4.9.3/armv6-m\libgcc.a(_udivsi3.o)
                              src/ASF/common2/services/delay/sam0/systick_counter.o (__aeabi_uidiv)
c:/program files (x86)/atmel/studio/7.0/toolchain/arm/arm-gnu-toolchain/bin/../lib/gcc/arm-none-eabi/4.9.3/armv6-m\libgcc.a(_divsi3.o)
                              src/main.o (__aeabi_idiv)
c:/program files (x86)/atmel/studio/7.0/toolchain/arm/arm-gnu-toolchain/bin/../lib/gcc/arm-none-eabi/4.9.3/armv6-m\libgcc.a(_dvmd_tls.o)
                              c:/program files (x86)/atmel/studio/7.0/toolchain/arm/arm-gnu-toolchain/bin/../lib/gcc/arm-none-eabi/4.9.3/armv6-m\libgcc.a(_udivsi3.o) (__aeabi_idiv0)
c:/program files (x86)/atmel/studio/7.0/toolchain/arm/arm-gnu-toolchain/bin/../lib/gcc/arm-none-eabi/4.9.3/armv6-m\libgcc.a(_muldi3.o)
                              src/ASF/sam0/drivers/sercom/sercom.o (__aeabi_lmul)
c:/program files (x86)/atmel/studio/7.0/toolchain/arm/arm-gnu-toolchain/bin/../lib/gcc/arm-none-eabi/4.9.3/armv6-m\libgcc.a(_fixunssfsi.o)
                              src/main.o (__aeabi_f2uiz)
c:/program files (x86)/atmel/studio/7.0/toolchain/arm/arm-gnu-toolchain/bin/../lib/gcc/arm-none-eabi/4.9.3/armv6-m\libgcc.a(subsf3.o)
                              c:/program files (x86)/atmel/studio/7.0/toolchain/arm/arm-gnu-toolchain/bin/../lib/gcc/arm-none-eabi/4.9.3/armv6-m\libgcc.a(_fixunssfsi.o) (__aeabi_fsub)
c:/program files (x86)/atmel/studio/7.0/toolchain/arm/arm-gnu-toolchain/bin/../lib/gcc/arm-none-eabi/4.9.3/armv6-m\libgcc.a(fixsfsi.o)
                              c:/program files (x86)/atmel/studio/7.0/toolchain/arm/arm-gnu-toolchain/bin/../lib/gcc/arm-none-eabi/4.9.3/armv6-m\libgcc.a(_fixunssfsi.o) (__aeabi_f2iz)
c:/program files (x86)/atmel/studio/7.0/toolchain/arm/arm-gnu-toolchain/bin/../lib/gcc/arm-none-eabi/4.9.3/armv6-m\libgcc.a(floatunsisf.o)
                              src/main.o (__aeabi_ui2f)
c:/program files (x86)/atmel/studio/7.0/toolchain/arm/arm-gnu-toolchain/bin/../lib/gcc/arm-none-eabi/4.9.3/armv6-m\libgcc.a(adddf3.o)
                              src/main.o (__aeabi_dadd)
c:/program files (x86)/atmel/studio/7.0/toolchain/arm/arm-gnu-toolchain/bin/../lib/gcc/arm-none-eabi/4.9.3/armv6-m\libgcc.a(divdf3.o)
                              src/main.o (__aeabi_ddiv)
c:/program files (x86)/atmel/studio/7.0/toolchain/arm/arm-gnu-toolchain/bin/../lib/gcc/arm-none-eabi/4.9.3/armv6-m\libgcc.a(muldf3.o)
                              src/main.o (__aeabi_dmul)
c:/program files (x86)/atmel/studio/7.0/toolchain/arm/arm-gnu-toolchain/bin/../lib/gcc/arm-none-eabi/4.9.3/armv6-m\libgcc.a(fixdfsi.o)
                              src/main.o (__aeabi_d2iz)
c:/program files (x86)/atmel/studio/7.0/toolchain/arm/arm-gnu-toolchain/bin/../lib/gcc/arm-none-eabi/4.9.3/armv6-m\libgcc.a(floatsidf.o)
                              src/main.o (__aeabi_i2d)
c:/program files (x86)/atmel/studio/7.0/toolchain/arm/arm-gnu-toolchain/bin/../lib/gcc/arm-none-eabi/4.9.3/armv6-m\libgcc.a(floatunsidf.o)
                              src/main.o (__aeabi_ui2d)
c:/program files (x86)/atmel/studio/7.0/toolchain/arm/arm-gnu-toolchain/bin/../lib/gcc/arm-none-eabi/4.9.3/armv6-m\libgcc.a(extendsfdf2.o)
                              src/main.o (__aeabi_f2d)
c:/program files (x86)/atmel/studio/7.0/toolchain/arm/arm-gnu-toolchain/bin/../lib/gcc/arm-none-eabi/4.9.3/armv6-m\libgcc.a(truncdfsf2.o)
                              src/main.o (__aeabi_d2f)
c:/program files (x86)/atmel/studio/7.0/toolchain/arm/arm-gnu-toolchain/bin/../lib/gcc/arm-none-eabi/4.9.3/armv6-m\libgcc.a(_arm_cmpsf2.o)
                              c:/program files (x86)/atmel/studio/7.0/toolchain/arm/arm-gnu-toolchain/bin/../lib/gcc/arm-none-eabi/4.9.3/armv6-m\libgcc.a(_fixunssfsi.o) (__aeabi_fcmpge)
c:/program files (x86)/atmel/studio/7.0/toolchain/arm/arm-gnu-toolchain/bin/../lib/gcc/arm-none-eabi/4.9.3/armv6-m\libgcc.a(_clzsi2.o)
                              c:/program files (x86)/atmel/studio/7.0/toolchain/arm/arm-gnu-toolchain/bin/../lib/gcc/arm-none-eabi/4.9.3/armv6-m\libgcc.a(subsf3.o) (__clzsi2)
c:/program files (x86)/atmel/studio/7.0/toolchain/arm/arm-gnu-toolchain/bin/../lib/gcc/arm-none-eabi/4.9.3/armv6-m\libgcc.a(eqsf2.o)
                              c:/program files (x86)/atmel/studio/7.0/toolchain/arm/arm-gnu-toolchain/bin/../lib/gcc/arm-none-eabi/4.9.3/armv6-m\libgcc.a(_arm_cmpsf2.o) (__eqsf2)
c:/program files (x86)/atmel/studio/7.0/toolchain/arm/arm-gnu-toolchain/bin/../lib/gcc/arm-none-eabi/4.9.3/armv6-m\libgcc.a(gesf2.o)
                              c:/program files (x86)/atmel/studio/7.0/toolchain/arm/arm-gnu-toolchain/bin/../lib/gcc/arm-none-eabi/4.9.3/armv6-m\libgcc.a(_arm_cmpsf2.o) (__gesf2)
[...]
Memory Configuration

Name             Origin             Length             Attributes
rom              0x00000000         0x00040000         xr
ram              0x20000000         0x00008000         xrw
*default*        0x00000000         0xffffffff

Linker script and memory map

LOAD c:/program files (x86)/atmel/studio/7.0/toolchain/arm/arm-gnu-toolchain/bin/../lib/gcc/arm-none-eabi/4.9.3/armv6-m/crti.o
LOAD c:/program files (x86)/atmel/studio/7.0/toolchain/arm/arm-gnu-toolchain/bin/../lib/gcc/arm-none-eabi/4.9.3/armv6-m/crtbegin.o
LOAD c:/program files (x86)/atmel/studio/7.0/toolchain/arm/arm-gnu-toolchain/bin/../lib/gcc/arm-none-eabi/4.9.3/../../../../arm-none-eabi/lib/armv6-m/crt0.o
LOAD src/ASF/common2/services/delay/sam0/systick_counter.o
LOAD src/ASF/sam0/drivers/sercom/sercom.o
LOAD src/ASF/sam0/utils/stdio/read.o
LOAD src/ASF/sam0/utils/stdio/write.o
LOAD src/ASF/thirdparty/wireless/addons/sio2host/uart/sio2host.o
LOAD src/ASF/sam0/drivers/sercom/usart/usart.o
LOAD src/ASF/sam0/drivers/sercom/usart/usart_interrupt.o
LOAD src/ASF/sam0/drivers/sercom/sercom_interrupt.o
LOAD src/ASF/sam0/drivers/tcc/tcc.o
LOAD src/ASF/sam0/drivers/tcc/tcc_callback.o
LOAD src/ASF/common/utils/interrupt/interrupt_sam_nvic.o
LOAD src/ASF/sam0/boards/samr21_xplained_pro/board_init.o
LOAD src/ASF/sam0/drivers/port/port.o
LOAD src/ASF/sam0/drivers/system/clock/clock_samd21_r21_da/clock.o
LOAD src/ASF/sam0/drivers/system/clock/clock_samd21_r21_da/gclk.o
LOAD src/ASF/sam0/drivers/system/interrupt/system_interrupt.o
LOAD src/ASF/sam0/drivers/system/pinmux/pinmux.o
LOAD src/ASF/sam0/drivers/system/system.o
LOAD src/ASF/sam0/utils/cmsis/samr21/source/gcc/startup_samr21.o
LOAD src/ASF/sam0/utils/cmsis/samr21/source/system_samr21.o
LOAD src/ASF/sam0/utils/syscalls/gcc/syscalls.o
LOAD src/main.o
START GROUP
LOAD ../src/ASF/thirdparty/CMSIS/Lib/GCC\libarm_cortexM0l_math.a
LOAD c:/program files (x86)/atmel/studio/7.0/toolchain/arm/arm-gnu-toolchain/bin/../lib/gcc/arm-none-eabi/4.9.3/../../../../arm-none-eabi/lib/armv6-m\libm.a
END GROUP
START GROUP
LOAD c:/program files (x86)/atmel/studio/7.0/toolchain/arm/arm-gnu-toolchain/bin/../lib/gcc/arm-none-eabi/4.9.3/armv6-m\libgcc.a
LOAD c:/program files (x86)/atmel/studio/7.0/toolchain/arm/arm-gnu-toolchain/bin/../lib/gcc/arm-none-eabi/4.9.3/../../../../arm-none-eabi/lib/armv6-m\libc_nano.a
END GROUP
START GROUP
LOAD c:/program files (x86)/atmel/studio/7.0/toolchain/arm/arm-gnu-toolchain/bin/../lib/gcc/arm-none-eabi/4.9.3/armv6-m\libgcc.a
LOAD c:/program files (x86)/atmel/studio/7.0/toolchain/arm/arm-gnu-toolchain/bin/../lib/gcc/arm-none-eabi/4.9.3/../../../../arm-none-eabi/lib/armv6-m\libc_nano.a
END GROUP
LOAD c:/program files (x86)/atmel/studio/7.0/toolchain/arm/arm-gnu-toolchain/bin/../lib/gcc/arm-none-eabi/4.9.3/armv6-m/crtend.o
LOAD c:/program files (x86)/atmel/studio/7.0/toolchain/arm/arm-gnu-toolchain/bin/../lib/gcc/arm-none-eabi/4.9.3/armv6-m/crtn.o
                0x00002000                STACK_SIZE = DEFINED (STACK_SIZE)?STACK_SIZE:DEFINED (__stack_size__)?__stack_size__:0x2000

.text           0x00000000     0x50e4
                0x00000000                . = ALIGN (0x4)
                0x00000000                _sfixed = .
 *(.vectors .vectors.*)
 .vectors       0x00000000       0xb4 src/ASF/sam0/utils/cmsis/samr21/source/gcc/startup_samr21.o
                0x00000000                exception_table
 *(.text .text.* .gnu.linkonce.t.*)
 .text          0x000000b4       0x60 c:/program files (x86)/atmel/studio/7.0/toolchain/arm/arm-gnu-toolchain/bin/../lib/gcc/arm-none-eabi/4.9.3/armv6-m/crtbegin.o
 .text.delay_init
                0x00000114       0x3c src/ASF/common2/services/delay/sam0/systick_counter.o
                0x00000114                delay_init
 .text.delay_cycles_us
                0x00000150       0x2c src/ASF/common2/services/delay/sam0/systick_counter.o
                0x00000150                delay_cycles_us
 .text.delay_cycles_ms
                0x0000017c       0x2c src/ASF/common2/services/delay/sam0/systick_counter.o
                0x0000017c                delay_cycles_ms
 .text._sercom_get_sync_baud_val
                0x000001a8       0x28 src/ASF/sam0/drivers/sercom/sercom.o
                0x000001a8                _sercom_get_sync_baud_val
 .text._sercom_get_async_baud_val
                0x000001d0      0x1c8 src/ASF/sam0/drivers/sercom/sercom.o
                0x000001d0                _sercom_get_async_baud_val
 .text.sercom_set_gclk_generator
                0x00000398       0x4c src/ASF/sam0/drivers/sercom/sercom.o
                0x00000398                sercom_set_gclk_generator
 .text._sercom_get_default_pad
                0x000003e4      0x188 src/ASF/sam0/drivers/sercom/sercom.o
                0x000003e4                _sercom_get_default_pad
 .text._sercom_get_sercom_inst_index
                0x0000056c       0x3c src/ASF/sam0/drivers/sercom/sercom.o
                0x0000056c                _sercom_get_sercom_inst_index
 .text._read    0x000005a8       0x44 src/ASF/sam0/utils/stdio/read.o
                0x000005a8                _read
 .text._write   0x000005ec       0x50 src/ASF/sam0/utils/stdio/write.o
                0x000005ec                _write
 .text.usart_serial_getchar
                0x0000063c       0x2c src/ASF/thirdparty/wireless/addons/sio2host/uart/sio2host.o
 .text.usart_serial_putchar
                0x00000668       0x18 src/ASF/thirdparty/wireless/addons/sio2host/uart/sio2host.o
 .text.USART_HOST_ISR_VECT
                0x00000680       0x60 src/ASF/thirdparty/wireless/addons/sio2host/uart/sio2host.o
                0x00000680                USART_HOST_ISR_VECT
 .text.sio2host_init
                0x000006e0      0x150 src/ASF/thirdparty/wireless/addons/sio2host/uart/sio2host.o
                0x000006e0                sio2host_init
 .text.usart_init
                0x00000830      0x338 src/ASF/sam0/drivers/sercom/usart/usart.o
                0x00000830                usart_init
 .text.usart_write_wait
                0x00000b68       0x2c src/ASF/sam0/drivers/sercom/usart/usart.o
                0x00000b68                usart_write_wait
 .text.usart_read_wait
                0x00000b94       0x78 src/ASF/sam0/drivers/sercom/usart/usart.o
                0x00000b94                usart_read_wait
 .text.usart_read_buffer_wait
                0x00000c0c       0xa0 src/ASF/sam0/drivers/sercom/usart/usart.o
                0x00000c0c                usart_read_buffer_wait
 .text._usart_interrupt_handler
                0x00000cac      0x1a0 src/ASF/sam0/drivers/sercom/usart/usart_interrupt.o
                0x00000cac                _usart_interrupt_handler
 .text._sercom_default_handler
                0x00000e4c        0x4 src/ASF/sam0/drivers/sercom/sercom_interrupt.o
 .text._sercom_set_handler
                0x00000e50       0x3c src/ASF/sam0/drivers/sercom/sercom_interrupt.o
                0x00000e50                _sercom_set_handler
 .text._sercom_get_interrupt_vector
                0x00000e8c       0x2c src/ASF/sam0/drivers/sercom/sercom_interrupt.o
                0x00000e8c                _sercom_get_interrupt_vector
 .text.SERCOM0_Handler
                0x00000eb8       0x10 src/ASF/sam0/drivers/sercom/sercom_interrupt.o
                0x00000eb8                SERCOM0_Handler
 .text.SERCOM1_Handler
                0x00000ec8       0x10 src/ASF/sam0/drivers/sercom/sercom_interrupt.o
                0x00000ec8                SERCOM1_Handler
 .text.SERCOM2_Handler
                0x00000ed8       0x10 src/ASF/sam0/drivers/sercom/sercom_interrupt.o
                0x00000ed8                SERCOM2_Handler
 .text.SERCOM3_Handler
                0x00000ee8       0x10 src/ASF/sam0/drivers/sercom/sercom_interrupt.o
                0x00000ee8                SERCOM3_Handler
 .text.SERCOM4_Handler
                0x00000ef8       0x10 src/ASF/sam0/drivers/sercom/sercom_interrupt.o
                0x00000ef8                SERCOM4_Handler
 .text.SERCOM5_Handler
                0x00000f08       0x10 src/ASF/sam0/drivers/sercom/sercom_interrupt.o
                0x00000f08                SERCOM5_Handler
 .text._tcc_interrupt_handler
                0x00000f18       0x48 src/ASF/sam0/drivers/tcc/tcc_callback.o
                0x00000f18                _tcc_interrupt_handler
 .text.TCC0_Handler
                0x00000f60       0x10 src/ASF/sam0/drivers/tcc/tcc_callback.o
                0x00000f60                TCC0_Handler
 .text.TCC1_Handler
                0x00000f70       0x10 src/ASF/sam0/drivers/tcc/tcc_callback.o
                0x00000f70                TCC1_Handler
 .text.TCC2_Handler
                0x00000f80       0x10 src/ASF/sam0/drivers/tcc/tcc_callback.o
                0x00000f80                TCC2_Handler
 .text.cpu_irq_enter_critical
                0x00000f90       0x40 src/ASF/common/utils/interrupt/interrupt_sam_nvic.o
                0x00000f90                cpu_irq_enter_critical
 .text.cpu_irq_leave_critical
                0x00000fd0       0x30 src/ASF/common/utils/interrupt/interrupt_sam_nvic.o
                0x00000fd0                cpu_irq_leave_critical
 .text.system_board_init
                0x00001000       0x5c src/ASF/sam0/boards/samr21_xplained_pro/board_init.o
                0x00001000                board_init
                0x00001000                system_board_init
 .text.port_pin_set_config
                0x0000105c       0x24 src/ASF/sam0/drivers/port/port.o
                0x0000105c                port_pin_set_config
 .text.system_clock_source_get_hz
                0x00001080       0x90 src/ASF/sam0/drivers/system/clock/clock_samd21_r21_da/clock.o
                0x00001080                system_clock_source_get_hz
 .text.system_clock_source_osc8m_set_config
                0x00001110       0x3c src/ASF/sam0/drivers/system/clock/clock_samd21_r21_da/clock.o
                0x00001110                system_clock_source_osc8m_set_config
 .text.system_clock_source_osc32k_set_config
                0x0000114c       0x88 src/ASF/sam0/drivers/system/clock/clock_samd21_r21_da/clock.o
                0x0000114c                system_clock_source_osc32k_set_config
 .text.system_clock_source_xosc32k_set_config
                0x000011d4       0xd8 src/ASF/sam0/drivers/system/clock/clock_samd21_r21_da/clock.o
                0x000011d4                system_clock_source_xosc32k_set_config
 .text.system_clock_source_dfll_set_config
                0x000012ac       0x84 src/ASF/sam0/drivers/system/clock/clock_samd21_r21_da/clock.o
                0x000012ac                system_clock_source_dfll_set_config
 .text.system_clock_source_enable
                0x00001330       0xa8 src/ASF/sam0/drivers/system/clock/clock_samd21_r21_da/clock.o
                0x00001330                system_clock_source_enable
 .text.system_clock_init
                0x000013d8      0x1d0 src/ASF/sam0/drivers/system/clock/clock_samd21_r21_da/clock.o
                0x000013d8                system_clock_init
 .text.system_gclk_init
                0x000015a8       0x24 src/ASF/sam0/drivers/system/clock/clock_samd21_r21_da/gclk.o
                0x000015a8                system_gclk_init
 .text.system_gclk_gen_set_config
                0x000015cc       0xb8 src/ASF/sam0/drivers/system/clock/clock_samd21_r21_da/gclk.o
                0x000015cc                system_gclk_gen_set_config
 .text.system_gclk_gen_enable
                0x00001684       0x44 src/ASF/sam0/drivers/system/clock/clock_samd21_r21_da/gclk.o
                0x00001684                system_gclk_gen_enable
 .text.system_gclk_gen_get_hz
                0x000016c8       0x8c src/ASF/sam0/drivers/system/clock/clock_samd21_r21_da/gclk.o
                0x000016c8                system_gclk_gen_get_hz
 .text.system_gclk_chan_enable
                0x00001754       0x30 src/ASF/sam0/drivers/system/clock/clock_samd21_r21_da/gclk.o
                0x00001754                system_gclk_chan_enable
 .text.system_gclk_chan_disable
                0x00001784       0x5c src/ASF/sam0/drivers/system/clock/clock_samd21_r21_da/gclk.o
                0x00001784                system_gclk_chan_disable
 .text.system_gclk_chan_set_config
                0x000017e0       0x1c src/ASF/sam0/drivers/system/clock/clock_samd21_r21_da/gclk.o
                0x000017e0                system_gclk_chan_set_config
 .text.system_gclk_chan_get_hz
                0x000017fc       0x34 src/ASF/sam0/drivers/system/clock/clock_samd21_r21_da/gclk.o
                0x000017fc                system_gclk_chan_get_hz
 .text._system_pinmux_config
                0x00001830       0xa8 src/ASF/sam0/drivers/system/pinmux/pinmux.o
 .text.system_pinmux_pin_set_config
                0x000018d8       0x30 src/ASF/sam0/drivers/system/pinmux/pinmux.o
                0x000018d8                system_pinmux_pin_set_config
 .text._system_dummy_init
                0x00001908        0x4 src/ASF/sam0/drivers/system/system.o
                0x00001908                _system_extint_init
                0x00001908                _system_events_init
                0x00001908                _system_dummy_init
                0x00001908                _system_divas_init
 .text.system_init
                0x0000190c       0x2c src/ASF/sam0/drivers/system/system.o
                0x0000190c                system_init
 .text.Dummy_Handler
                0x00001938        0x4 src/ASF/sam0/utils/cmsis/samr21/source/gcc/startup_samr21.o
                0x00001938                DMAC_Handler
                0x00001938                HardFault_Handler
                0x00001938                AC_Handler
                0x00001938                SysTick_Handler
                0x00001938                PendSV_Handler
                0x00001938                NMI_Handler
                0x00001938                ADC_Handler
                0x00001938                RTC_Handler
                0x00001938                EIC_Handler
                0x00001938                WDT_Handler
                0x00001938                TC4_Handler
                0x00001938                USB_Handler
                0x00001938                TC3_Handler
                0x00001938                Dummy_Handler
                0x00001938                PM_Handler
                0x00001938                SVC_Handler
                0x00001938                EVSYS_Handler
                0x00001938                NVMCTRL_Handler
                0x00001938                PTC_Handler
                0x00001938                TC5_Handler
                0x00001938                SYSCTRL_Handler
 .text.Reset_Handler
                0x0000193c       0xf8 src/ASF/sam0/utils/cmsis/samr21/source/gcc/startup_samr21.o
                0x0000193c                Reset_Handler
 .text._sbrk    0x00001a34       0x24 src/ASF/sam0/utils/syscalls/gcc/syscalls.o
                0x00001a34                _sbrk
 .text._close   0x00001a58        0x8 src/ASF/sam0/utils/syscalls/gcc/syscalls.o
                0x00001a58                _close
 .text._fstat   0x00001a60        0xc src/ASF/sam0/utils/syscalls/gcc/syscalls.o
                0x00001a60                _fstat
 .text._isatty  0x00001a6c        0x4 src/ASF/sam0/utils/syscalls/gcc/syscalls.o
                0x00001a6c                _isatty
 .text._lseek   0x00001a70        0x4 src/ASF/sam0/utils/syscalls/gcc/syscalls.o
                0x00001a70                _lseek
 .text.tone     0x00001a74       0xdc src/main.o
                0x00001a74                tone
 .text.begin_rtttl
                0x00001b50       0xf4 src/main.o
                0x00001b50                begin_rtttl
 .text.next_rtttl
                0x00001c44      0x1d8 src/main.o
                0x00001c44                next_rtttl
 .text.main     0x00001e1c       0x80 src/main.o
                0x00001e1c                main
 .text          0x00001e9c      0x120 c:/program files (x86)/atmel/studio/7.0/toolchain/arm/arm-gnu-toolchain/bin/../lib/gcc/arm-none-eabi/4.9.3/armv6-m\libgcc.a(_udivsi3.o)
                0x00001e9c                __aeabi_uidiv
                0x00001e9c                __udivsi3
                0x00001fa8                __aeabi_uidivmod
 .text          0x00001fbc      0x1e0 c:/program files (x86)/atmel/studio/7.0/toolchain/arm/arm-gnu-toolchain/bin/../lib/gcc/arm-none-eabi/4.9.3/armv6-m\libgcc.a(_divsi3.o)
                0x00001fbc                __divsi3
                0x00001fbc                __aeabi_idiv
                0x00002188                __aeabi_idivmod
 .text          0x0000219c        0x4 c:/program files (x86)/atmel/studio/7.0/toolchain/arm/arm-gnu-toolchain/bin/../lib/gcc/arm-none-eabi/4.9.3/armv6-m\libgcc.a(_dvmd_tls.o)
                0x0000219c                __aeabi_idiv0
                0x0000219c                __aeabi_ldiv0
 .text          0x000021a0       0x54 c:/program files (x86)/atmel/studio/7.0/toolchain/arm/arm-gnu-toolchain/bin/../lib/gcc/arm-none-eabi/4.9.3/armv6-m\libgcc.a(_muldi3.o)
                0x000021a0                __muldi3
                0x000021a0                __aeabi_lmul
 .text          0x000021f4       0x30 c:/program files (x86)/atmel/studio/7.0/toolchain/arm/arm-gnu-toolchain/bin/../lib/gcc/arm-none-eabi/4.9.3/armv6-m\libgcc.a(_fixunssfsi.o)
                0x000021f4                __fixunssfsi
                0x000021f4                __aeabi_f2uiz
 .text          0x00002224      0x2fc c:/program files (x86)/atmel/studio/7.0/toolchain/arm/arm-gnu-toolchain/bin/../lib/gcc/arm-none-eabi/4.9.3/armv6-m\libgcc.a(subsf3.o)
                0x00002224                __aeabi_fsub
 .text          0x00002520       0x40 c:/program files (x86)/atmel/studio/7.0/toolchain/arm/arm-gnu-toolchain/bin/../lib/gcc/arm-none-eabi/4.9.3/armv6-m\libgcc.a(fixsfsi.o)
                0x00002520                __aeabi_f2iz
 .text          0x00002560       0x90 c:/program files (x86)/atmel/studio/7.0/toolchain/arm/arm-gnu-toolchain/bin/../lib/gcc/arm-none-eabi/4.9.3/armv6-m\libgcc.a(floatunsisf.o)
                0x00002560                __aeabi_ui2f
 .text          0x000025f0      0x650 c:/program files (x86)/atmel/studio/7.0/toolchain/arm/arm-gnu-toolchain/bin/../lib/gcc/arm-none-eabi/4.9.3/armv6-m\libgcc.a(adddf3.o)
                0x000025f0                __aeabi_dadd
 .text          0x00002c40      0x648 c:/program files (x86)/atmel/studio/7.0/toolchain/arm/arm-gnu-toolchain/bin/../lib/gcc/arm-none-eabi/4.9.3/armv6-m\libgcc.a(divdf3.o)
                0x00002c40                __aeabi_ddiv
 .text          0x00003288      0x534 c:/program files (x86)/atmel/studio/7.0/toolchain/arm/arm-gnu-toolchain/bin/../lib/gcc/arm-none-eabi/4.9.3/armv6-m\libgcc.a(muldf3.o)
                0x00003288                __aeabi_dmul
 .text          0x000037bc       0x6c c:/program files (x86)/atmel/studio/7.0/toolchain/arm/arm-gnu-toolchain/bin/../lib/gcc/arm-none-eabi/4.9.3/armv6-m\libgcc.a(fixdfsi.o)
                0x000037bc                __aeabi_d2iz
 .text          0x00003828       0x78 c:/program files (x86)/atmel/studio/7.0/toolchain/arm/arm-gnu-toolchain/bin/../lib/gcc/arm-none-eabi/4.9.3/armv6-m\libgcc.a(floatsidf.o)
                0x00003828                __aeabi_i2d
 .text          0x000038a0       0x64 c:/program files (x86)/atmel/studio/7.0/toolchain/arm/arm-gnu-toolchain/bin/../lib/gcc/arm-none-eabi/4.9.3/armv6-m\libgcc.a(floatunsidf.o)
                0x000038a0                __aeabi_ui2d
 .text          0x00003904       0xa8 c:/program files (x86)/atmel/studio/7.0/toolchain/arm/arm-gnu-toolchain/bin/../lib/gcc/arm-none-eabi/4.9.3/armv6-m\libgcc.a(extendsfdf2.o)
                0x00003904                __aeabi_f2d
 .text          0x000039ac      0x120 c:/program files (x86)/atmel/studio/7.0/toolchain/arm/arm-gnu-toolchain/bin/../lib/gcc/arm-none-eabi/4.9.3/armv6-m\libgcc.a(truncdfsf2.o)
                0x000039ac                __aeabi_d2f
 .text          0x00003acc       0x74 c:/program files (x86)/atmel/studio/7.0/toolchain/arm/arm-gnu-toolchain/bin/../lib/gcc/arm-none-eabi/4.9.3/armv6-m\libgcc.a(_arm_cmpsf2.o)
                0x00003acc                __aeabi_cfrcmple
                0x00003ad4                __aeabi_cfcmpeq
                0x00003ad4                __aeabi_cfcmple
                0x00003ae4                __aeabi_fcmpeq
                0x00003af0                __aeabi_fcmplt
                0x00003b04                __aeabi_fcmple
                0x00003b18                __aeabi_fcmpgt
                0x00003b2c                __aeabi_fcmpge
 .text          0x00003b40       0x3c c:/program files (x86)/atmel/studio/7.0/toolchain/arm/arm-gnu-toolchain/bin/../lib/gcc/arm-none-eabi/4.9.3/armv6-m\libgcc.a(_clzsi2.o)
                0x00003b40                __clzsi2
 .text          0x00003b7c       0x54 c:/program files (x86)/atmel/studio/7.0/toolchain/arm/arm-gnu-toolchain/bin/../lib/gcc/arm-none-eabi/4.9.3/armv6-m\libgcc.a(eqsf2.o)
                0x00003b7c                __eqsf2
                0x00003b7c                __nesf2
 .text          0x00003bd0       0x94 c:/program files (x86)/atmel/studio/7.0/toolchain/arm/arm-gnu-toolchain/bin/../lib/gcc/arm-none-eabi/4.9.3/armv6-m\libgcc.a(gesf2.o)
                0x00003bd0                __gesf2
                0x00003bd0                __gtsf2
 .text          0x00003c64       0x8c c:/program files (x86)/atmel/studio/7.0/toolchain/arm/arm-gnu-toolchain/bin/../lib/gcc/arm-none-eabi/4.9.3/armv6-m\libgcc.a(lesf2.o)
                0x00003c64                __ltsf2
                0x00003c64                __lesf2
 .text.__libc_init_array
                0x00003cf0       0x4c c:/program files (x86)/atmel/studio/7.0/toolchain/arm/arm-gnu-toolchain/bin/../lib/gcc/arm-none-eabi/4.9.3/../../../../arm-none-eabi/lib/armv6-m\libc_nano.a(lib_a-init.o)
                0x00003cf0                __libc_init_array
 .text.memcpy   0x00003d3c       0x12 c:/program files (x86)/atmel/studio/7.0/toolchain/arm/arm-gnu-toolchain/bin/../lib/gcc/arm-none-eabi/4.9.3/../../../../arm-none-eabi/lib/armv6-m\libc_nano.a(lib_a-memcpy.o)
                0x00003d3c                memcpy
 .text.memset   0x00003d4e       0x10 c:/program files (x86)/atmel/studio/7.0/toolchain/arm/arm-gnu-toolchain/bin/../lib/gcc/arm-none-eabi/4.9.3/../../../../arm-none-eabi/lib/armv6-m\libc_nano.a(lib_a-memset.o)
                0x00003d4e                memset
 *fill*         0x00003d5e        0x2 
 .text.printf   0x00003d60       0x34 c:/program files (x86)/atmel/studio/7.0/toolchain/arm/arm-gnu-toolchain/bin/../lib/gcc/arm-none-eabi/4.9.3/../../../../arm-none-eabi/lib/armv6-m\libc_nano.a(lib_a-printf.o)
                0x00003d60                iprintf
                0x00003d60                printf
 .text.setbuf   0x00003d94       0x12 c:/program files (x86)/atmel/studio/7.0/toolchain/arm/arm-gnu-toolchain/bin/../lib/gcc/arm-none-eabi/4.9.3/../../../../arm-none-eabi/lib/armv6-m\libc_nano.a(lib_a-setbuf.o)
                0x00003d94                setbuf
 *fill*         0x00003da6        0x2 
 .text.setvbuf  0x00003da8      0x10c c:/program files (x86)/atmel/studio/7.0/toolchain/arm/arm-gnu-toolchain/bin/../lib/gcc/arm-none-eabi/4.9.3/../../../../arm-none-eabi/lib/armv6-m\libc_nano.a(lib_a-setvbuf.o)
                0x00003da8                setvbuf
 .text.__sflush_r
                0x00003eb4      0x112 c:/program files (x86)/atmel/studio/7.0/toolchain/arm/arm-gnu-toolchain/bin/../lib/gcc/arm-none-eabi/4.9.3/../../../../arm-none-eabi/lib/armv6-m\libc_nano.a(lib_a-fflush.o)
                0x00003eb4                __sflush_r
 *fill*         0x00003fc6        0x2 
 .text._fflush_r
                0x00003fc8       0x58 c:/program files (x86)/atmel/studio/7.0/toolchain/arm/arm-gnu-toolchain/bin/../lib/gcc/arm-none-eabi/4.9.3/../../../../arm-none-eabi/lib/armv6-m\libc_nano.a(lib_a-fflush.o)
                0x00003fc8                _fflush_r
 .text._cleanup_r
                0x00004020       0x10 c:/program files (x86)/atmel/studio/7.0/toolchain/arm/arm-gnu-toolchain/bin/../lib/gcc/arm-none-eabi/4.9.3/../../../../arm-none-eabi/lib/armv6-m\libc_nano.a(lib_a-findfp.o)
                0x00004020                _cleanup_r
 .text.std.isra.0
                0x00004030       0x48 c:/program files (x86)/atmel/studio/7.0/toolchain/arm/arm-gnu-toolchain/bin/../lib/gcc/arm-none-eabi/4.9.3/../../../../arm-none-eabi/lib/armv6-m\libc_nano.a(lib_a-findfp.o)
 .text.__sfmoreglue
                0x00004078       0x2c c:/program files (x86)/atmel/studio/7.0/toolchain/arm/arm-gnu-toolchain/bin/../lib/gcc/arm-none-eabi/4.9.3/../../../../arm-none-eabi/lib/armv6-m\libc_nano.a(lib_a-findfp.o)
                0x00004078                __sfmoreglue
 .text.__sinit  0x000040a4       0x64 c:/program files (x86)/atmel/studio/7.0/toolchain/arm/arm-gnu-toolchain/bin/../lib/gcc/arm-none-eabi/4.9.3/../../../../arm-none-eabi/lib/armv6-m\libc_nano.a(lib_a-findfp.o)
                0x000040a4                __sinit
 .text.__sfp    0x00004108       0x7c c:/program files (x86)/atmel/studio/7.0/toolchain/arm/arm-gnu-toolchain/bin/../lib/gcc/arm-none-eabi/4.9.3/../../../../arm-none-eabi/lib/armv6-m\libc_nano.a(lib_a-findfp.o)
                0x00004108                __sfp
 .text._fwalk_reent
                0x00004184       0x42 c:/program files (x86)/atmel/studio/7.0/toolchain/arm/arm-gnu-toolchain/bin/../lib/gcc/arm-none-eabi/4.9.3/../../../../arm-none-eabi/lib/armv6-m\libc_nano.a(lib_a-fwalk.o)
                0x00004184                _fwalk_reent
 *fill*         0x000041c6        0x2 
 .text.malloc   0x000041c8       0x14 c:/program files (x86)/atmel/studio/7.0/toolchain/arm/arm-gnu-toolchain/bin/../lib/gcc/arm-none-eabi/4.9.3/../../../../arm-none-eabi/lib/armv6-m\libc_nano.a(lib_a-malloc.o)
                0x000041c8                malloc
 .text._free_r  0x000041dc       0x8c c:/program files (x86)/atmel/studio/7.0/toolchain/arm/arm-gnu-toolchain/bin/../lib/gcc/arm-none-eabi/4.9.3/../../../../arm-none-eabi/lib/armv6-m\libc_nano.a(lib_a-nano-freer.o)
                0x000041dc                _free_r
 .text._malloc_r
                0x00004268       0xb0 c:/program files (x86)/atmel/studio/7.0/toolchain/arm/arm-gnu-toolchain/bin/../lib/gcc/arm-none-eabi/4.9.3/../../../../arm-none-eabi/lib/armv6-m\libc_nano.a(lib_a-nano-mallocr.o)
                0x00004268                _malloc_r
 .text.__sfputc_r
                0x00004318       0x2a c:/program files (x86)/atmel/studio/7.0/toolchain/arm/arm-gnu-toolchain/bin/../lib/gcc/arm-none-eabi/4.9.3/../../../../arm-none-eabi/lib/armv6-m\libc_nano.a(lib_a-nano-vfprintf.o)
 .text.__sfputs_r
                0x00004342       0x24 c:/program files (x86)/atmel/studio/7.0/toolchain/arm/arm-gnu-toolchain/bin/../lib/gcc/arm-none-eabi/4.9.3/../../../../arm-none-eabi/lib/armv6-m\libc_nano.a(lib_a-nano-vfprintf.o)
                0x00004342                __sfputs_r
 *fill*         0x00004366        0x2 
 .text._vfprintf_r
                0x00004368      0x220 c:/program files (x86)/atmel/studio/7.0/toolchain/arm/arm-gnu-toolchain/bin/../lib/gcc/arm-none-eabi/4.9.3/../../../../arm-none-eabi/lib/armv6-m\libc_nano.a(lib_a-nano-vfprintf.o)
                0x00004368                _vfprintf_r
                0x00004368                _vfiprintf_r
 .text._printf_common
                0x00004588       0xdc c:/program files (x86)/atmel/studio/7.0/toolchain/arm/arm-gnu-toolchain/bin/../lib/gcc/arm-none-eabi/4.9.3/../../../../arm-none-eabi/lib/armv6-m\libc_nano.a(lib_a-nano-vfprintf_i.o)
                0x00004588                _printf_common
 .text._printf_i
                0x00004664      0x230 c:/program files (x86)/atmel/studio/7.0/toolchain/arm/arm-gnu-toolchain/bin/../lib/gcc/arm-none-eabi/4.9.3/../../../../arm-none-eabi/lib/armv6-m\libc_nano.a(lib_a-nano-vfprintf_i.o)
                0x00004664                _printf_i
 .text._sbrk_r  0x00004894       0x24 c:/program files (x86)/atmel/studio/7.0/toolchain/arm/arm-gnu-toolchain/bin/../lib/gcc/arm-none-eabi/4.9.3/../../../../arm-none-eabi/lib/armv6-m\libc_nano.a(lib_a-sbrkr.o)
                0x00004894                _sbrk_r
 .text.__sread  0x000048b8       0x28 c:/program files (x86)/atmel/studio/7.0/toolchain/arm/arm-gnu-toolchain/bin/../lib/gcc/arm-none-eabi/4.9.3/../../../../arm-none-eabi/lib/armv6-m\libc_nano.a(lib_a-stdio.o)
                0x000048b8                __sread
 .text.__swrite
                0x000048e0       0x38 c:/program files (x86)/atmel/studio/7.0/toolchain/arm/arm-gnu-toolchain/bin/../lib/gcc/arm-none-eabi/4.9.3/../../../../arm-none-eabi/lib/armv6-m\libc_nano.a(lib_a-stdio.o)
                0x000048e0                __swrite
 .text.__sseek  0x00004918       0x2c c:/program files (x86)/atmel/studio/7.0/toolchain/arm/arm-gnu-toolchain/bin/../lib/gcc/arm-none-eabi/4.9.3/../../../../arm-none-eabi/lib/armv6-m\libc_nano.a(lib_a-stdio.o)
                0x00004918                __sseek
 .text.__sclose
                0x00004944        0xc c:/program files (x86)/atmel/studio/7.0/toolchain/arm/arm-gnu-toolchain/bin/../lib/gcc/arm-none-eabi/4.9.3/../../../../arm-none-eabi/lib/armv6-m\libc_nano.a(lib_a-stdio.o)
                0x00004944                __sclose
 .text.__swbuf_r
                0x00004950       0xb0 c:/program files (x86)/atmel/studio/7.0/toolchain/arm/arm-gnu-toolchain/bin/../lib/gcc/arm-none-eabi/4.9.3/../../../../arm-none-eabi/lib/armv6-m\libc_nano.a(lib_a-wbuf.o)
                0x00004950                __swbuf_r
 .text._write_r
                0x00004a00       0x28 c:/program files (x86)/atmel/studio/7.0/toolchain/arm/arm-gnu-toolchain/bin/../lib/gcc/arm-none-eabi/4.9.3/../../../../arm-none-eabi/lib/armv6-m\libc_nano.a(lib_a-writer.o)
                0x00004a00                _write_r
 .text.__swsetup_r
                0x00004a28       0xe8 c:/program files (x86)/atmel/studio/7.0/toolchain/arm/arm-gnu-toolchain/bin/../lib/gcc/arm-none-eabi/4.9.3/../../../../arm-none-eabi/lib/armv6-m\libc_nano.a(lib_a-wsetup.o)
                0x00004a28                __swsetup_r
 .text._close_r
                0x00004b10       0x24 c:/program files (x86)/atmel/studio/7.0/toolchain/arm/arm-gnu-toolchain/bin/../lib/gcc/arm-none-eabi/4.9.3/../../../../arm-none-eabi/lib/armv6-m\libc_nano.a(lib_a-closer.o)
                0x00004b10                _close_r
 .text._lseek_r
                0x00004b34       0x28 c:/program files (x86)/atmel/studio/7.0/toolchain/arm/arm-gnu-toolchain/bin/../lib/gcc/arm-none-eabi/4.9.3/../../../../arm-none-eabi/lib/armv6-m\libc_nano.a(lib_a-lseekr.o)
                0x00004b34                _lseek_r
 .text.__smakebuf_r
                0x00004b5c       0xb0 c:/program files (x86)/atmel/studio/7.0/toolchain/arm/arm-gnu-toolchain/bin/../lib/gcc/arm-none-eabi/4.9.3/../../../../arm-none-eabi/lib/armv6-m\libc_nano.a(lib_a-makebuf.o)
                0x00004b5c                __smakebuf_r
 .text.memchr   0x00004c0c       0x16 c:/program files (x86)/atmel/studio/7.0/toolchain/arm/arm-gnu-toolchain/bin/../lib/gcc/arm-none-eabi/4.9.3/../../../../arm-none-eabi/lib/armv6-m\libc_nano.a(lib_a-memchr.o)
                0x00004c0c                memchr
 *fill*         0x00004c22        0x2 
 .text._read_r  0x00004c24       0x28 c:/program files (x86)/atmel/studio/7.0/toolchain/arm/arm-gnu-toolchain/bin/../lib/gcc/arm-none-eabi/4.9.3/../../../../arm-none-eabi/lib/armv6-m\libc_nano.a(lib_a-readr.o)
                0x00004c24                _read_r
 .text._fstat_r
                0x00004c4c       0x24 c:/program files (x86)/atmel/studio/7.0/toolchain/arm/arm-gnu-toolchain/bin/../lib/gcc/arm-none-eabi/4.9.3/../../../../arm-none-eabi/lib/armv6-m\libc_nano.a(lib_a-fstatr.o)
                0x00004c4c                _fstat_r
 .text._isatty_r
                0x00004c70       0x24 c:/program files (x86)/atmel/studio/7.0/toolchain/arm/arm-gnu-toolchain/bin/../lib/gcc/arm-none-eabi/4.9.3/../../../../arm-none-eabi/lib/armv6-m\libc_nano.a(lib_a-isattyr.o)
                0x00004c70                _isatty_r
 *(.glue_7t)
 .glue_7t       0x00000000        0x0 linker stubs
 *(.glue_7)
 .glue_7        0x00000000        0x0 linker stubs
 *(.rodata .rodata* .gnu.linkonce.r.*)
 .rodata        0x00004c94       0x18 src/ASF/sam0/drivers/sercom/sercom.o
 .rodata        0x00004cac        0x6 src/ASF/sam0/drivers/sercom/sercom_interrupt.o
 *fill*         0x00004cb2        0x2 
 .rodata._tcc_intflag
                0x00004cb4       0x30 src/ASF/sam0/drivers/tcc/tcc_callback.o
                0x00004cb4                _tcc_intflag
 .rodata.system_clock_source_get_hz
                0x00004ce4       0x24 src/ASF/sam0/drivers/system/clock/clock_samd21_r21_da/clock.o
 .rodata.system_clock_source_enable
                0x00004d08       0x24 src/ASF/sam0/drivers/system/clock/clock_samd21_r21_da/clock.o
 .rodata.next_rtttl
                0x00004d2c       0x1c src/main.o
 .rodata.str1.4
                0x00004d48      0x160 src/main.o
                                0x15d (size before relaxing)
 .rodata        0x00004ea8       0x40 c:/program files (x86)/atmel/studio/7.0/toolchain/arm/arm-gnu-toolchain/bin/../lib/gcc/arm-none-eabi/4.9.3/armv6-m\libgcc.a(divdf3.o)
 .rodata        0x00004ee8       0x40 c:/program files (x86)/atmel/studio/7.0/toolchain/arm/arm-gnu-toolchain/bin/../lib/gcc/arm-none-eabi/4.9.3/armv6-m\libgcc.a(muldf3.o)
 .rodata._ctype_
                0x00004f28      0x101 c:/program files (x86)/atmel/studio/7.0/toolchain/arm/arm-gnu-toolchain/bin/../lib/gcc/arm-none-eabi/4.9.3/../../../../arm-none-eabi/lib/armv6-m\libc_nano.a(lib_a-ctype_.o)
                0x00004f28                _ctype_
 .rodata.str1.1
                0x00005029        0x2 c:/program files (x86)/atmel/studio/7.0/toolchain/arm/arm-gnu-toolchain/bin/../lib/gcc/arm-none-eabi/4.9.3/../../../../arm-none-eabi/lib/armv6-m\libc_nano.a(lib_a-impure.o)
 *fill*         0x0000502b        0x1 
 .rodata._global_impure_ptr
                0x0000502c        0x4 c:/program files (x86)/atmel/studio/7.0/toolchain/arm/arm-gnu-toolchain/bin/../lib/gcc/arm-none-eabi/4.9.3/../../../../arm-none-eabi/lib/armv6-m\libc_nano.a(lib_a-impure.o)
                0x0000502c                _global_impure_ptr
 .rodata.__sf_fake_stdin
                0x00005030       0x20 c:/program files (x86)/atmel/studio/7.0/toolchain/arm/arm-gnu-toolchain/bin/../lib/gcc/arm-none-eabi/4.9.3/../../../../arm-none-eabi/lib/armv6-m\libc_nano.a(lib_a-findfp.o)
                0x00005030                __sf_fake_stdin
 .rodata.__sf_fake_stdout
                0x00005050       0x20 c:/program files (x86)/atmel/studio/7.0/toolchain/arm/arm-gnu-toolchain/bin/../lib/gcc/arm-none-eabi/4.9.3/../../../../arm-none-eabi/lib/armv6-m\libc_nano.a(lib_a-findfp.o)
                0x00005050                __sf_fake_stdout
 .rodata.__sf_fake_stderr
                0x00005070       0x20 c:/program files (x86)/atmel/studio/7.0/toolchain/arm/arm-gnu-toolchain/bin/../lib/gcc/arm-none-eabi/4.9.3/../../../../arm-none-eabi/lib/armv6-m\libc_nano.a(lib_a-findfp.o)
                0x00005070                __sf_fake_stderr
 .rodata.str1.1
                0x00005090       0x11 c:/program files (x86)/atmel/studio/7.0/toolchain/arm/arm-gnu-toolchain/bin/../lib/gcc/arm-none-eabi/4.9.3/../../../../arm-none-eabi/lib/armv6-m\libc_nano.a(lib_a-nano-vfprintf.o)
 .rodata.str1.1
                0x000050a1       0x22 c:/program files (x86)/atmel/studio/7.0/toolchain/arm/arm-gnu-toolchain/bin/../lib/gcc/arm-none-eabi/4.9.3/../../../../arm-none-eabi/lib/armv6-m\libc_nano.a(lib_a-nano-vfprintf_i.o)
 *(.ARM.extab* .gnu.linkonce.armextab.*)
                0x000050c4                . = ALIGN (0x4)
 *fill*         0x000050c3        0x1 
 *(.init)
 .init          0x000050c4        0x4 c:/program files (x86)/atmel/studio/7.0/toolchain/arm/arm-gnu-toolchain/bin/../lib/gcc/arm-none-eabi/4.9.3/armv6-m/crti.o
                0x000050c4                _init
 .init          0x000050c8        0x8 c:/program files (x86)/atmel/studio/7.0/toolchain/arm/arm-gnu-toolchain/bin/../lib/gcc/arm-none-eabi/4.9.3/armv6-m/crtn.o
                0x000050d0                . = ALIGN (0x4)
                0x000050d0                __preinit_array_start = .
 *(.preinit_array)
                0x000050d0                __preinit_array_end = .
                0x000050d0                . = ALIGN (0x4)
                0x000050d0                __init_array_start = .
 *(SORT(.init_array.*))
 *(.init_array)
 .init_array    0x000050d0        0x4 c:/program files (x86)/atmel/studio/7.0/toolchain/arm/arm-gnu-toolchain/bin/../lib/gcc/arm-none-eabi/4.9.3/armv6-m/crtbegin.o
                0x000050d4                __init_array_end = .
                0x000050d4                . = ALIGN (0x4)
 *crtbegin.o(.ctors)
 *(EXCLUDE_FILE(*crtend.o) .ctors)
 *(SORT(.ctors.*))
 *crtend.o(.ctors)
                0x000050d4                . = ALIGN (0x4)
 *(.fini)
 .fini          0x000050d4        0x4 c:/program files (x86)/atmel/studio/7.0/toolchain/arm/arm-gnu-toolchain/bin/../lib/gcc/arm-none-eabi/4.9.3/armv6-m/crti.o
                0x000050d4                _fini
 .fini          0x000050d8        0x8 c:/program files (x86)/atmel/studio/7.0/toolchain/arm/arm-gnu-toolchain/bin/../lib/gcc/arm-none-eabi/4.9.3/armv6-m/crtn.o
                0x000050e0                . = ALIGN (0x4)
                0x000050e0                __fini_array_start = .
 *(.fini_array)
 .fini_array    0x000050e0        0x4 c:/program files (x86)/atmel/studio/7.0/toolchain/arm/arm-gnu-toolchain/bin/../lib/gcc/arm-none-eabi/4.9.3/armv6-m/crtbegin.o
 *(SORT(.fini_array.*))
                0x000050e4                __fini_array_end = .
 *crtbegin.o(.dtors)
 *(EXCLUDE_FILE(*crtend.o) .dtors)
 *(SORT(.dtors.*))
 *crtend.o(.dtors)
                0x000050e4                . = ALIGN (0x4)
                0x000050e4                _efixed = .
                0x000050e4                PROVIDE (__exidx_start, .)

.vfp11_veneer   0x000050e4        0x0
 .vfp11_veneer  0x00000000        0x0 linker stubs

.v4_bx          0x000050e4        0x0
 .v4_bx         0x00000000        0x0 linker stubs

.iplt           0x000050e4        0x0
 .iplt          0x00000000        0x0 c:/program files (x86)/atmel/studio/7.0/toolchain/arm/arm-gnu-toolchain/bin/../lib/gcc/arm-none-eabi/4.9.3/armv6-m/crtbegin.o

.eh_frame       0x000050e4        0x0
 .eh_frame      0x000050e4        0x0 c:/program files (x86)/atmel/studio/7.0/toolchain/arm/arm-gnu-toolchain/bin/../lib/gcc/arm-none-eabi/4.9.3/armv6-m/crtbegin.o

.rel.dyn        0x000050e4        0x0
 .rel.iplt      0x00000000        0x0 c:/program files (x86)/atmel/studio/7.0/toolchain/arm/arm-gnu-toolchain/bin/../lib/gcc/arm-none-eabi/4.9.3/armv6-m/crtbegin.o

.jcr            0x000050e4        0x0
 .jcr           0x000050e4        0x0 c:/program files (x86)/atmel/studio/7.0/toolchain/arm/arm-gnu-toolchain/bin/../lib/gcc/arm-none-eabi/4.9.3/armv6-m/crtbegin.o

.igot.plt       0x000050e4        0x0
 .igot.plt      0x00000000        0x0 c:/program files (x86)/atmel/studio/7.0/toolchain/arm/arm-gnu-toolchain/bin/../lib/gcc/arm-none-eabi/4.9.3/armv6-m/crtbegin.o

.ARM.exidx
 *(.ARM.exidx* .gnu.linkonce.armexidx.*)
                0x000050e4                PROVIDE (__exidx_end, .)
                0x000050e4                . = ALIGN (0x4)
                0x000050e4                _etext = .

.relocate       0x20000000      0x174 load address 0x000050e4
                0x20000000                . = ALIGN (0x4)
                0x20000000                _srelocate = .
 *(.ramfunc .ramfunc.*)
 *(.data .data.*)
 .data.cycles_per_us
                0x20000000        0x4 src/ASF/common2/services/delay/sam0/systick_counter.o
 .data.cycles_per_ms
                0x20000004        0x4 src/ASF/common2/services/delay/sam0/systick_counter.o
 .data.g_interrupt_enabled
                0x20000008        0x1 src/ASF/common/utils/interrupt/interrupt_sam_nvic.o
                0x20000008                g_interrupt_enabled
 .data.default_dur
                0x20000009        0x1 src/main.o
                0x20000009                default_dur
 .data.default_oct
                0x2000000a        0x1 src/main.o
                0x2000000a                default_oct
 *fill*         0x2000000b        0x1 
 .data.notes    0x2000000c       0xf4 src/main.o
                0x2000000c                notes
 .data.lowest_oct
                0x20000100        0x1 src/main.o
                0x20000100                lowest_oct
 *fill*         0x20000101        0x3 
 .data.bpm      0x20000104        0x4 src/main.o
                0x20000104                bpm
 .data.song     0x20000108        0x4 src/main.o
                0x20000108                song
 .data.__ctype_ptr__
                0x2000010c        0x4 c:/program files (x86)/atmel/studio/7.0/toolchain/arm/arm-gnu-toolchain/bin/../lib/gcc/arm-none-eabi/4.9.3/../../../../arm-none-eabi/lib/armv6-m\libc_nano.a(lib_a-ctype_.o)
                0x2000010c                __ctype_ptr__
 .data.impure_data
                0x20000110       0x60 c:/program files (x86)/atmel/studio/7.0/toolchain/arm/arm-gnu-toolchain/bin/../lib/gcc/arm-none-eabi/4.9.3/../../../../arm-none-eabi/lib/armv6-m\libc_nano.a(lib_a-impure.o)
 .data._impure_ptr
                0x20000170        0x4 c:/program files (x86)/atmel/studio/7.0/toolchain/arm/arm-gnu-toolchain/bin/../lib/gcc/arm-none-eabi/4.9.3/../../../../arm-none-eabi/lib/armv6-m\libc_nano.a(lib_a-impure.o)
                0x20000170                _impure_ptr
                0x20000174                . = ALIGN (0x4)
                0x20000174                _erelocate = .

.bss            0x20000174      0x188 load address 0x00005258
                0x20000174                . = ALIGN (0x4)
                0x20000174                _sbss = .
                0x20000174                _szero = .
 *(.bss .bss.*)
 .bss           0x20000174       0x1c c:/program files (x86)/atmel/studio/7.0/toolchain/arm/arm-gnu-toolchain/bin/../lib/gcc/arm-none-eabi/4.9.3/armv6-m/crtbegin.o
 .bss._sercom_config
                0x20000190        0x2 src/ASF/sam0/drivers/sercom/sercom.o
 *fill*         0x20000192        0x2 
 .bss.serial_rx_buf
                0x20000194       0x9c src/ASF/thirdparty/wireless/addons/sio2host/uart/sio2host.o
 .bss.host_uart_module
                0x20000230       0x34 src/ASF/thirdparty/wireless/addons/sio2host/uart/sio2host.o
 .bss.serial_rx_buf_tail
                0x20000264        0x1 src/ASF/thirdparty/wireless/addons/sio2host/uart/sio2host.o
 .bss._handler_table_initialized
                0x20000265        0x1 src/ASF/sam0/drivers/sercom/sercom_interrupt.o
 *fill*         0x20000266        0x2 
 .bss._sercom_interrupt_handlers
                0x20000268       0x18 src/ASF/sam0/drivers/sercom/sercom_interrupt.o
 .bss.cpu_irq_critical_section_counter
                0x20000280        0x4 src/ASF/common/utils/interrupt/interrupt_sam_nvic.o
 .bss.cpu_irq_prev_interrupt_state
                0x20000284        0x1 src/ASF/common/utils/interrupt/interrupt_sam_nvic.o
 *fill*         0x20000285        0x3 
 .bss._system_clock_inst
                0x20000288       0x18 src/ASF/sam0/drivers/system/clock/clock_samd21_r21_da/clock.o
 .bss.heap.5211
                0x200002a0        0x4 src/ASF/sam0/utils/syscalls/gcc/syscalls.o
 .bss.songStarts
                0x200002a4        0x1 src/main.o
                0x200002a4                songStarts
 *fill*         0x200002a5        0x3 
 .bss.__malloc_sbrk_start
                0x200002a8        0x4 c:/program files (x86)/atmel/studio/7.0/toolchain/arm/arm-gnu-toolchain/bin/../lib/gcc/arm-none-eabi/4.9.3/../../../../arm-none-eabi/lib/armv6-m\libc_nano.a(lib_a-nano-mallocr.o)
                0x200002a8                __malloc_sbrk_start
 .bss.__malloc_free_list
                0x200002ac        0x4 c:/program files (x86)/atmel/studio/7.0/toolchain/arm/arm-gnu-toolchain/bin/../lib/gcc/arm-none-eabi/4.9.3/../../../../arm-none-eabi/lib/armv6-m\libc_nano.a(lib_a-nano-mallocr.o)
                0x200002ac                __malloc_free_list
 *(COMMON)
 COMMON         0x200002b0        0x4 src/ASF/sam0/utils/stdio/read.o
                0x200002b0                ptr_get
 COMMON         0x200002b4        0x8 src/ASF/sam0/utils/stdio/write.o
                0x200002b4                ptr_put
                0x200002b8                stdio_base
 COMMON         0x200002bc       0x18 src/ASF/sam0/drivers/sercom/sercom_interrupt.o
                0x200002bc                _sercom_instances
 COMMON         0x200002d4        0xc src/ASF/sam0/drivers/tcc/tcc_callback.o
                0x200002d4                _tcc_instances
 COMMON         0x200002e0       0x15 src/main.o
                0x200002e0                duration
                0x200002e4                num
                0x200002e8                wholenote
                0x200002ec                note
                0x200002f0                songPtr
                0x200002f4                scale
 *fill*         0x200002f5        0x3 
 COMMON         0x200002f8        0x4 c:/program files (x86)/atmel/studio/7.0/toolchain/arm/arm-gnu-toolchain/bin/../lib/gcc/arm-none-eabi/4.9.3/../../../../arm-none-eabi/lib/armv6-m\libc_nano.a(lib_a-reent.o)
                0x200002f8                errno
                0x200002fc                . = ALIGN (0x4)
                0x200002fc                _ebss = .
                0x200002fc                _ezero = .

.stack          0x200002fc     0x2004 load address 0x000053e0
                0x20000300                . = ALIGN (0x8)
 *fill*         0x200002fc        0x4 
                0x20000300                _sstack = .
                0x20002300                . = (. + STACK_SIZE)
 *fill*         0x20000300     0x2000 
                0x20002300                . = ALIGN (0x8)
                0x20002300                _estack = .
                0x20002300                . = ALIGN (0x4)
                0x20002300                _end = .
OUTPUT(Neopixel.elf elf32-littlearm)

.ARM.attributes
                0x00000000       0x28
 .ARM.attributes
                0x00000000       0x1e c:/program files (x86)/atmel/studio/7.0/toolchain/arm/arm-gnu-toolchain/bin/../lib/gcc/arm-none-eabi/4.9.3/armv6-m/crti.o
 .ARM.attributes
                0x0000001e       0x2c c:/program files (x86)/atmel/studio/7.0/toolchain/arm/arm-gnu-toolchain/bin/../lib/gcc/arm-none-eabi/4.9.3/armv6-m/crtbegin.o
 .ARM.attributes
                0x0000004a       0x32 src/ASF/common2/services/delay/sam0/systick_counter.o
 .ARM.attributes
                0x0000007c       0x32 src/ASF/sam0/drivers/sercom/sercom.o
 .ARM.attributes
                0x000000ae       0x32 src/ASF/sam0/utils/stdio/read.o
 .ARM.attributes
                0x000000e0       0x32 src/ASF/sam0/utils/stdio/write.o
 .ARM.attributes
                0x00000112       0x32 src/ASF/thirdparty/wireless/addons/sio2host/uart/sio2host.o
 .ARM.attributes
                0x00000144       0x32 src/ASF/sam0/drivers/sercom/usart/usart.o
 .ARM.attributes
                0x00000176       0x32 src/ASF/sam0/drivers/sercom/usart/usart_interrupt.o
 .ARM.attributes
                0x000001a8       0x32 src/ASF/sam0/drivers/sercom/sercom_interrupt.o
 .ARM.attributes
                0x000001da       0x32 src/ASF/sam0/drivers/tcc/tcc_callback.o
 .ARM.attributes
                0x0000020c       0x32 src/ASF/common/utils/interrupt/interrupt_sam_nvic.o
 .ARM.attributes
                0x0000023e       0x32 src/ASF/sam0/boards/samr21_xplained_pro/board_init.o
 .ARM.attributes
                0x00000270       0x32 src/ASF/sam0/drivers/port/port.o
 .ARM.attributes
                0x000002a2       0x32 src/ASF/sam0/drivers/system/clock/clock_samd21_r21_da/clock.o
 .ARM.attributes
                0x000002d4       0x32 src/ASF/sam0/drivers/system/clock/clock_samd21_r21_da/gclk.o
 .ARM.attributes
                0x00000306       0x32 src/ASF/sam0/drivers/system/pinmux/pinmux.o
 .ARM.attributes
                0x00000338       0x32 src/ASF/sam0/drivers/system/system.o
 .ARM.attributes
                0x0000036a       0x32 src/ASF/sam0/utils/cmsis/samr21/source/gcc/startup_samr21.o
 .ARM.attributes
                0x0000039c       0x32 src/ASF/sam0/utils/syscalls/gcc/syscalls.o
 .ARM.attributes
                0x000003ce       0x32 src/main.o
 .ARM.attributes
                0x00000400       0x1e c:/program files (x86)/atmel/studio/7.0/toolchain/arm/arm-gnu-toolchain/bin/../lib/gcc/arm-none-eabi/4.9.3/armv6-m\libgcc.a(_udivsi3.o)
 .ARM.attributes
                0x0000041e       0x1e c:/program files (x86)/atmel/studio/7.0/toolchain/arm/arm-gnu-toolchain/bin/../lib/gcc/arm-none-eabi/4.9.3/armv6-m\libgcc.a(_divsi3.o)
 .ARM.attributes
                0x0000043c       0x1e c:/program files (x86)/atmel/studio/7.0/toolchain/arm/arm-gnu-toolchain/bin/../lib/gcc/arm-none-eabi/4.9.3/armv6-m\libgcc.a(_dvmd_tls.o)
 .ARM.attributes
                0x0000045a       0x2c c:/program files (x86)/atmel/studio/7.0/toolchain/arm/arm-gnu-toolchain/bin/../lib/gcc/arm-none-eabi/4.9.3/armv6-m\libgcc.a(_muldi3.o)
 .ARM.attributes
                0x00000486       0x2c c:/program files (x86)/atmel/studio/7.0/toolchain/arm/arm-gnu-toolchain/bin/../lib/gcc/arm-none-eabi/4.9.3/armv6-m\libgcc.a(_fixunssfsi.o)
 .ARM.attributes
                0x000004b2       0x2c c:/program files (x86)/atmel/studio/7.0/toolchain/arm/arm-gnu-toolchain/bin/../lib/gcc/arm-none-eabi/4.9.3/armv6-m\libgcc.a(subsf3.o)
 .ARM.attributes
                0x000004de       0x2c c:/program files (x86)/atmel/studio/7.0/toolchain/arm/arm-gnu-toolchain/bin/../lib/gcc/arm-none-eabi/4.9.3/armv6-m\libgcc.a(fixsfsi.o)
 .ARM.attributes
                0x0000050a       0x2c c:/program files (x86)/atmel/studio/7.0/toolchain/arm/arm-gnu-toolchain/bin/../lib/gcc/arm-none-eabi/4.9.3/armv6-m\libgcc.a(floatunsisf.o)
 .ARM.attributes
                0x00000536       0x2c c:/program files (x86)/atmel/studio/7.0/toolchain/arm/arm-gnu-toolchain/bin/../lib/gcc/arm-none-eabi/4.9.3/armv6-m\libgcc.a(adddf3.o)
 .ARM.attributes
                0x00000562       0x2c c:/program files (x86)/atmel/studio/7.0/toolchain/arm/arm-gnu-toolchain/bin/../lib/gcc/arm-none-eabi/4.9.3/armv6-m\libgcc.a(divdf3.o)
 .ARM.attributes
                0x0000058e       0x2c c:/program files (x86)/atmel/studio/7.0/toolchain/arm/arm-gnu-toolchain/bin/../lib/gcc/arm-none-eabi/4.9.3/armv6-m\libgcc.a(muldf3.o)
 .ARM.attributes
                0x000005ba       0x2c c:/program files (x86)/atmel/studio/7.0/toolchain/arm/arm-gnu-toolchain/bin/../lib/gcc/arm-none-eabi/4.9.3/armv6-m\libgcc.a(fixdfsi.o)
 .ARM.attributes
                0x000005e6       0x2c c:/program files (x86)/atmel/studio/7.0/toolchain/arm/arm-gnu-toolchain/bin/../lib/gcc/arm-none-eabi/4.9.3/armv6-m\libgcc.a(floatsidf.o)
 .ARM.attributes
                0x00000612       0x2c c:/program files (x86)/atmel/studio/7.0/toolchain/arm/arm-gnu-toolchain/bin/../lib/gcc/arm-none-eabi/4.9.3/armv6-m\libgcc.a(floatunsidf.o)
 .ARM.attributes
                0x0000063e       0x2c c:/program files (x86)/atmel/studio/7.0/toolchain/arm/arm-gnu-toolchain/bin/../lib/gcc/arm-none-eabi/4.9.3/armv6-m\libgcc.a(extendsfdf2.o)
 .ARM.attributes
                0x0000066a       0x2c c:/program files (x86)/atmel/studio/7.0/toolchain/arm/arm-gnu-toolchain/bin/../lib/gcc/arm-none-eabi/4.9.3/armv6-m\libgcc.a(truncdfsf2.o)
 .ARM.attributes
                0x00000696       0x1e c:/program files (x86)/atmel/studio/7.0/toolchain/arm/arm-gnu-toolchain/bin/../lib/gcc/arm-none-eabi/4.9.3/armv6-m\libgcc.a(_arm_cmpsf2.o)
 .ARM.attributes
                0x000006b4       0x1e c:/program files (x86)/atmel/studio/7.0/toolchain/arm/arm-gnu-toolchain/bin/../lib/gcc/arm-none-eabi/4.9.3/armv6-m\libgcc.a(_clzsi2.o)
 .ARM.attributes
                0x000006d2       0x2c c:/program files (x86)/atmel/studio/7.0/toolchain/arm/arm-gnu-toolchain/bin/../lib/gcc/arm-none-eabi/4.9.3/armv6-m\libgcc.a(eqsf2.o)
 .ARM.attributes
                0x000006fe       0x2c c:/program files (x86)/atmel/studio/7.0/toolchain/arm/arm-gnu-toolchain/bin/../lib/gcc/arm-none-eabi/4.9.3/armv6-m\libgcc.a(gesf2.o)
 .ARM.attributes
                0x0000072a       0x2c c:/program files (x86)/atmel/studio/7.0/toolchain/arm/arm-gnu-toolchain/bin/../lib/gcc/arm-none-eabi/4.9.3/armv6-m\libgcc.a(lesf2.o)
 .ARM.attributes
                0x00000756       0x2c c:/program files (x86)/atmel/studio/7.0/toolchain/arm/arm-gnu-toolchain/bin/../lib/gcc/arm-none-eabi/4.9.3/../../../../arm-none-eabi/lib/armv6-m\libc_nano.a(lib_a-ctype_.o)
 .ARM.attributes
                0x00000782       0x2c c:/program files (x86)/atmel/studio/7.0/toolchain/arm/arm-gnu-toolchain/bin/../lib/gcc/arm-none-eabi/4.9.3/../../../../arm-none-eabi/lib/armv6-m\libc_nano.a(lib_a-impure.o)
 .ARM.attributes
                0x000007ae       0x2c c:/program files (x86)/atmel/studio/7.0/toolchain/arm/arm-gnu-toolchain/bin/../lib/gcc/arm-none-eabi/4.9.3/../../../../arm-none-eabi/lib/armv6-m\libc_nano.a(lib_a-init.o)
 .ARM.attributes
                0x000007da       0x2c c:/program files (x86)/atmel/studio/7.0/toolchain/arm/arm-gnu-toolchain/bin/../lib/gcc/arm-none-eabi/4.9.3/../../../../arm-none-eabi/lib/armv6-m\libc_nano.a(lib_a-memcpy.o)
 .ARM.attributes
                0x00000806       0x2c c:/program files (x86)/atmel/studio/7.0/toolchain/arm/arm-gnu-toolchain/bin/../lib/gcc/arm-none-eabi/4.9.3/../../../../arm-none-eabi/lib/armv6-m\libc_nano.a(lib_a-memset.o)
 .ARM.attributes
                0x00000832       0x2c c:/program files (x86)/atmel/studio/7.0/toolchain/arm/arm-gnu-toolchain/bin/../lib/gcc/arm-none-eabi/4.9.3/../../../../arm-none-eabi/lib/armv6-m\libc_nano.a(lib_a-printf.o)
 .ARM.attributes
                0x0000085e       0x2c c:/program files (x86)/atmel/studio/7.0/toolchain/arm/arm-gnu-toolchain/bin/../lib/gcc/arm-none-eabi/4.9.3/../../../../arm-none-eabi/lib/armv6-m\libc_nano.a(lib_a-setbuf.o)
 .ARM.attributes
                0x0000088a       0x2c c:/program files (x86)/atmel/studio/7.0/toolchain/arm/arm-gnu-toolchain/bin/../lib/gcc/arm-none-eabi/4.9.3/../../../../arm-none-eabi/lib/armv6-m\libc_nano.a(lib_a-setvbuf.o)
 .ARM.attributes
                0x000008b6       0x2c c:/program files (x86)/atmel/studio/7.0/toolchain/arm/arm-gnu-toolchain/bin/../lib/gcc/arm-none-eabi/4.9.3/../../../../arm-none-eabi/lib/armv6-m\libc_nano.a(lib_a-fflush.o)
 .ARM.attributes
                0x000008e2       0x2c c:/program files (x86)/atmel/studio/7.0/toolchain/arm/arm-gnu-toolchain/bin/../lib/gcc/arm-none-eabi/4.9.3/../../../../arm-none-eabi/lib/armv6-m\libc_nano.a(lib_a-findfp.o)
 .ARM.attributes
                0x0000090e       0x2c c:/program files (x86)/atmel/studio/7.0/toolchain/arm/arm-gnu-toolchain/bin/../lib/gcc/arm-none-eabi/4.9.3/../../../../arm-none-eabi/lib/armv6-m\libc_nano.a(lib_a-fwalk.o)
 .ARM.attributes
                0x0000093a       0x2c c:/program files (x86)/atmel/studio/7.0/toolchain/arm/arm-gnu-toolchain/bin/../lib/gcc/arm-none-eabi/4.9.3/../../../../arm-none-eabi/lib/armv6-m\libc_nano.a(lib_a-malloc.o)
 .ARM.attributes
                0x00000966       0x2c c:/program files (x86)/atmel/studio/7.0/toolchain/arm/arm-gnu-toolchain/bin/../lib/gcc/arm-none-eabi/4.9.3/../../../../arm-none-eabi/lib/armv6-m\libc_nano.a(lib_a-nano-freer.o)
 .ARM.attributes
                0x00000992       0x2c c:/program files (x86)/atmel/studio/7.0/toolchain/arm/arm-gnu-toolchain/bin/../lib/gcc/arm-none-eabi/4.9.3/../../../../arm-none-eabi/lib/armv6-m\libc_nano.a(lib_a-nano-mallocr.o)
 .ARM.attributes
                0x000009be       0x2c c:/program files (x86)/atmel/studio/7.0/toolchain/arm/arm-gnu-toolchain/bin/../lib/gcc/arm-none-eabi/4.9.3/../../../../arm-none-eabi/lib/armv6-m\libc_nano.a(lib_a-nano-vfprintf.o)
 .ARM.attributes
                0x000009ea       0x2c c:/program files (x86)/atmel/studio/7.0/toolchain/arm/arm-gnu-toolchain/bin/../lib/gcc/arm-none-eabi/4.9.3/../../../../arm-none-eabi/lib/armv6-m\libc_nano.a(lib_a-nano-vfprintf_i.o)
 .ARM.attributes
                0x00000a16       0x2c c:/program files (x86)/atmel/studio/7.0/toolchain/arm/arm-gnu-toolchain/bin/../lib/gcc/arm-none-eabi/4.9.3/../../../../arm-none-eabi/lib/armv6-m\libc_nano.a(lib_a-sbrkr.o)
 .ARM.attributes
                0x00000a42       0x2c c:/program files (x86)/atmel/studio/7.0/toolchain/arm/arm-gnu-toolchain/bin/../lib/gcc/arm-none-eabi/4.9.3/../../../../arm-none-eabi/lib/armv6-m\libc_nano.a(lib_a-stdio.o)
 .ARM.attributes
                0x00000a6e       0x2c c:/program files (x86)/atmel/studio/7.0/toolchain/arm/arm-gnu-toolchain/bin/../lib/gcc/arm-none-eabi/4.9.3/../../../../arm-none-eabi/lib/armv6-m\libc_nano.a(lib_a-wbuf.o)
 .ARM.attributes
                0x00000a9a       0x2c c:/program files (x86)/atmel/studio/7.0/toolchain/arm/arm-gnu-toolchain/bin/../lib/gcc/arm-none-eabi/4.9.3/../../../../arm-none-eabi/lib/armv6-m\libc_nano.a(lib_a-writer.o)
 .ARM.attributes
                0x00000ac6       0x2c c:/program files (x86)/atmel/studio/7.0/toolchain/arm/arm-gnu-toolchain/bin/../lib/gcc/arm-none-eabi/4.9.3/../../../../arm-none-eabi/lib/armv6-m\libc_nano.a(lib_a-wsetup.o)
 .ARM.attributes
                0x00000af2       0x2c c:/program files (x86)/atmel/studio/7.0/toolchain/arm/arm-gnu-toolchain/bin/../lib/gcc/arm-none-eabi/4.9.3/../../../../arm-none-eabi/lib/armv6-m\libc_nano.a(lib_a-closer.o)
 .ARM.attributes
                0x00000b1e       0x2c c:/program files (x86)/atmel/studio/7.0/toolchain/arm/arm-gnu-toolchain/bin/../lib/gcc/arm-none-eabi/4.9.3/../../../../arm-none-eabi/lib/armv6-m\libc_nano.a(lib_a-lseekr.o)
 .ARM.attributes
                0x00000b4a       0x2c c:/program files (x86)/atmel/studio/7.0/toolchain/arm/arm-gnu-toolchain/bin/../lib/gcc/arm-none-eabi/4.9.3/../../../../arm-none-eabi/lib/armv6-m\libc_nano.a(lib_a-makebuf.o)
 .ARM.attributes
                0x00000b76       0x2c c:/program files (x86)/atmel/studio/7.0/toolchain/arm/arm-gnu-toolchain/bin/../lib/gcc/arm-none-eabi/4.9.3/../../../../arm-none-eabi/lib/armv6-m\libc_nano.a(lib_a-memchr.o)
 .ARM.attributes
                0x00000ba2       0x2c c:/program files (x86)/atmel/studio/7.0/toolchain/arm/arm-gnu-toolchain/bin/../lib/gcc/arm-none-eabi/4.9.3/../../../../arm-none-eabi/lib/armv6-m\libc_nano.a(lib_a-readr.o)
 .ARM.attributes
                0x00000bce       0x2c c:/program files (x86)/atmel/studio/7.0/toolchain/arm/arm-gnu-toolchain/bin/../lib/gcc/arm-none-eabi/4.9.3/../../../../arm-none-eabi/lib/armv6-m\libc_nano.a(lib_a-reent.o)
 .ARM.attributes
                0x00000bfa       0x2c c:/program files (x86)/atmel/studio/7.0/toolchain/arm/arm-gnu-toolchain/bin/../lib/gcc/arm-none-eabi/4.9.3/../../../../arm-none-eabi/lib/armv6-m\libc_nano.a(lib_a-fstatr.o)
 .ARM.attributes
                0x00000c26       0x2c c:/program files (x86)/atmel/studio/7.0/toolchain/arm/arm-gnu-toolchain/bin/../lib/gcc/arm-none-eabi/4.9.3/../../../../arm-none-eabi/lib/armv6-m\libc_nano.a(lib_a-isattyr.o)
 .ARM.attributes
                0x00000c52       0x1e c:/program files (x86)/atmel/studio/7.0/toolchain/arm/arm-gnu-toolchain/bin/../lib/gcc/arm-none-eabi/4.9.3/armv6-m/crtn.o

.comment        0x00000000       0x5b
 .comment       0x00000000       0x5b src/ASF/common2/services/delay/sam0/systick_counter.o
                                 0x5c (size before relaxing)
 .comment       0x00000000       0x5c src/ASF/sam0/drivers/sercom/sercom.o
 .comment       0x00000000       0x5c src/ASF/sam0/utils/stdio/read.o
 .comment       0x00000000       0x5c src/ASF/sam0/utils/stdio/write.o
 .comment       0x00000000       0x5c src/ASF/thirdparty/wireless/addons/sio2host/uart/sio2host.o
 .comment       0x00000000       0x5c src/ASF/sam0/drivers/sercom/usart/usart.o
 .comment       0x00000000       0x5c src/ASF/sam0/drivers/sercom/usart/usart_interrupt.o
 .comment       0x00000000       0x5c src/ASF/sam0/drivers/sercom/sercom_interrupt.o
 .comment       0x00000000       0x5c src/ASF/sam0/drivers/tcc/tcc_callback.o
 .comment       0x00000000       0x5c src/ASF/common/utils/interrupt/interrupt_sam_nvic.o
 .comment       0x00000000       0x5c src/ASF/sam0/boards/samr21_xplained_pro/board_init.o
 .comment       0x00000000       0x5c src/ASF/sam0/drivers/port/port.o
 .comment       0x00000000       0x5c src/ASF/sam0/drivers/system/clock/clock_samd21_r21_da/clock.o
 .comment       0x00000000       0x5c src/ASF/sam0/drivers/system/clock/clock_samd21_r21_da/gclk.o
 .comment       0x00000000       0x5c src/ASF/sam0/drivers/system/pinmux/pinmux.o
 .comment       0x00000000       0x5c src/ASF/sam0/drivers/system/system.o
 .comment       0x00000000       0x5c src/ASF/sam0/utils/cmsis/samr21/source/gcc/startup_samr21.o
 .comment       0x00000000       0x5c src/ASF/sam0/utils/syscalls/gcc/syscalls.o
 .comment       0x00000000       0x5c src/main.o

.debug_info     0x00000000    0x23dcc
 .debug_info    0x00000000      0x269 src/ASF/common2/services/delay/sam0/systick_counter.o
 .debug_info    0x00000269     0x252d src/ASF/sam0/drivers/sercom/sercom.o
 .debug_info    0x00002796      0x1c2 src/ASF/sam0/utils/stdio/read.o
 .debug_info    0x00002958      0x1bf src/ASF/sam0/utils/stdio/write.o
 .debug_info    0x00002b17     0x3a53 src/ASF/thirdparty/wireless/addons/sio2host/uart/sio2host.o
 .debug_info    0x0000656a     0x4097 src/ASF/sam0/drivers/sercom/usart/usart.o
 .debug_info    0x0000a601     0x277b src/ASF/sam0/drivers/sercom/usart/usart_interrupt.o
 .debug_info    0x0000cd7c     0x2305 src/ASF/sam0/drivers/sercom/sercom_interrupt.o
 .debug_info    0x0000f081     0x27d9 src/ASF/sam0/drivers/tcc/tcc_callback.o
 .debug_info    0x0001185a      0x1ec src/ASF/common/utils/interrupt/interrupt_sam_nvic.o
 .debug_info    0x00011a46      0xa0d src/ASF/sam0/boards/samr21_xplained_pro/board_init.o
 .debug_info    0x00012453      0x966 src/ASF/sam0/drivers/port/port.o
 .debug_info    0x00012db9     0x3036 src/ASF/sam0/drivers/system/clock/clock_samd21_r21_da/clock.o
 .debug_info    0x00015def     0x1498 src/ASF/sam0/drivers/system/clock/clock_samd21_r21_da/gclk.o
 .debug_info    0x00017287      0xa45 src/ASF/sam0/drivers/system/pinmux/pinmux.o
 .debug_info    0x00017ccc      0x17a src/ASF/sam0/drivers/system/system.o
 .debug_info    0x00017e46     0x3a6f src/ASF/sam0/utils/cmsis/samr21/source/gcc/startup_samr21.o
 .debug_info    0x0001b8b5      0x427 src/ASF/sam0/utils/syscalls/gcc/syscalls.o
 .debug_info    0x0001bcdc     0x80f0 src/main.o

.debug_abbrev   0x00000000     0x2e7e
 .debug_abbrev  0x00000000      0x13c src/ASF/common2/services/delay/sam0/systick_counter.o
 .debug_abbrev  0x0000013c      0x2fd src/ASF/sam0/drivers/sercom/sercom.o
 .debug_abbrev  0x00000439      0x108 src/ASF/sam0/utils/stdio/read.o
 .debug_abbrev  0x00000541       0xf5 src/ASF/sam0/utils/stdio/write.o
 .debug_abbrev  0x00000636      0x431 src/ASF/thirdparty/wireless/addons/sio2host/uart/sio2host.o
 .debug_abbrev  0x00000a67      0x3c6 src/ASF/sam0/drivers/sercom/usart/usart.o
 .debug_abbrev  0x00000e2d      0x37b src/ASF/sam0/drivers/sercom/usart/usart_interrupt.o
 .debug_abbrev  0x000011a8      0x22c src/ASF/sam0/drivers/sercom/sercom_interrupt.o
 .debug_abbrev  0x000013d4      0x2f3 src/ASF/sam0/drivers/tcc/tcc_callback.o
 .debug_abbrev  0x000016c7       0xf6 src/ASF/common/utils/interrupt/interrupt_sam_nvic.o
 .debug_abbrev  0x000017bd      0x22b src/ASF/sam0/boards/samr21_xplained_pro/board_init.o
 .debug_abbrev  0x000019e8      0x1da src/ASF/sam0/drivers/port/port.o
 .debug_abbrev  0x00001bc2      0x3f6 src/ASF/sam0/drivers/system/clock/clock_samd21_r21_da/clock.o
 .debug_abbrev  0x00001fb8      0x327 src/ASF/sam0/drivers/system/clock/clock_samd21_r21_da/gclk.o
 .debug_abbrev  0x000022df      0x287 src/ASF/sam0/drivers/system/pinmux/pinmux.o
 .debug_abbrev  0x00002566       0xb9 src/ASF/sam0/drivers/system/system.o
 .debug_abbrev  0x0000261f      0x211 src/ASF/sam0/utils/cmsis/samr21/source/gcc/startup_samr21.o
 .debug_abbrev  0x00002830      0x141 src/ASF/sam0/utils/syscalls/gcc/syscalls.o
 .debug_abbrev  0x00002971      0x50d src/main.o

.debug_loc      0x00000000     0x4a96
 .debug_loc     0x00000000       0xe4 src/ASF/common2/services/delay/sam0/systick_counter.o
 .debug_loc     0x000000e4      0x982 src/ASF/sam0/drivers/sercom/sercom.o
 .debug_loc     0x00000a66      0x11d src/ASF/sam0/utils/stdio/read.o
 .debug_loc     0x00000b83      0x152 src/ASF/sam0/utils/stdio/write.o
 .debug_loc     0x00000cd5      0x471 src/ASF/thirdparty/wireless/addons/sio2host/uart/sio2host.o
 .debug_loc     0x00001146      0xcf3 src/ASF/sam0/drivers/sercom/usart/usart.o
 .debug_loc     0x00001e39      0x589 src/ASF/sam0/drivers/sercom/usart/usart_interrupt.o
 .debug_loc     0x000023c2      0x16c src/ASF/sam0/drivers/sercom/sercom_interrupt.o
 .debug_loc     0x0000252e      0x245 src/ASF/sam0/drivers/tcc/tcc_callback.o
 .debug_loc     0x00002773       0x1e src/ASF/common/utils/interrupt/interrupt_sam_nvic.o
 .debug_loc     0x00002791       0x65 src/ASF/sam0/boards/samr21_xplained_pro/board_init.o
 .debug_loc     0x000027f6      0x16d src/ASF/sam0/drivers/port/port.o
 .debug_loc     0x00002963     0x107c src/ASF/sam0/drivers/system/clock/clock_samd21_r21_da/clock.o
 .debug_loc     0x000039df      0x51e src/ASF/sam0/drivers/system/clock/clock_samd21_r21_da/gclk.o
 .debug_loc     0x00003efd      0x32f src/ASF/sam0/drivers/system/pinmux/pinmux.o
 .debug_loc     0x0000422c       0x20 src/ASF/sam0/drivers/system/system.o
 .debug_loc     0x0000424c       0x20 src/ASF/sam0/utils/cmsis/samr21/source/gcc/startup_samr21.o
 .debug_loc     0x0000426c      0x11d src/ASF/sam0/utils/syscalls/gcc/syscalls.o
 .debug_loc     0x00004389      0x70d src/main.o

.debug_aranges  0x00000000      0x548
 .debug_aranges
                0x00000000       0x30 src/ASF/common2/services/delay/sam0/systick_counter.o
 .debug_aranges
                0x00000030       0x40 src/ASF/sam0/drivers/sercom/sercom.o
 .debug_aranges
                0x00000070       0x20 src/ASF/sam0/utils/stdio/read.o
 .debug_aranges
                0x00000090       0x20 src/ASF/sam0/utils/stdio/write.o
 .debug_aranges
                0x000000b0       0x60 src/ASF/thirdparty/wireless/addons/sio2host/uart/sio2host.o
 .debug_aranges
                0x00000110       0x40 src/ASF/sam0/drivers/sercom/usart/usart.o
 .debug_aranges
                0x00000150       0x70 src/ASF/sam0/drivers/sercom/usart/usart_interrupt.o
 .debug_aranges
                0x000001c0       0x60 src/ASF/sam0/drivers/sercom/sercom_interrupt.o
 .debug_aranges
                0x00000220       0x58 src/ASF/sam0/drivers/tcc/tcc_callback.o
 .debug_aranges
                0x00000278       0x28 src/ASF/common/utils/interrupt/interrupt_sam_nvic.o
 .debug_aranges
                0x000002a0       0x20 src/ASF/sam0/boards/samr21_xplained_pro/board_init.o
 .debug_aranges
                0x000002c0       0x28 src/ASF/sam0/drivers/port/port.o
 .debug_aranges
                0x000002e8       0x78 src/ASF/sam0/drivers/system/clock/clock_samd21_r21_da/clock.o
 .debug_aranges
                0x00000360       0x80 src/ASF/sam0/drivers/system/clock/clock_samd21_r21_da/gclk.o
 .debug_aranges
                0x000003e0       0x38 src/ASF/sam0/drivers/system/pinmux/pinmux.o
 .debug_aranges
                0x00000418       0x28 src/ASF/sam0/drivers/system/system.o
 .debug_aranges
                0x00000440       0x28 src/ASF/sam0/utils/cmsis/samr21/source/gcc/startup_samr21.o
 .debug_aranges
                0x00000468       0x60 src/ASF/sam0/utils/syscalls/gcc/syscalls.o
 .debug_aranges
                0x000004c8       0x80 src/main.o

.debug_ranges   0x00000000      0x540
 .debug_ranges  0x00000000       0x50 src/ASF/common2/services/delay/sam0/systick_counter.o
 .debug_ranges  0x00000050       0x48 src/ASF/sam0/drivers/sercom/sercom.o
 .debug_ranges  0x00000098       0x10 src/ASF/sam0/utils/stdio/read.o
 .debug_ranges  0x000000a8       0x10 src/ASF/sam0/utils/stdio/write.o
 .debug_ranges  0x000000b8       0x50 src/ASF/thirdparty/wireless/addons/sio2host/uart/sio2host.o
 .debug_ranges  0x00000108       0xf8 src/ASF/sam0/drivers/sercom/usart/usart.o
 .debug_ranges  0x00000200       0x60 src/ASF/sam0/drivers/sercom/usart/usart_interrupt.o
 .debug_ranges  0x00000260       0x50 src/ASF/sam0/drivers/sercom/sercom_interrupt.o
 .debug_ranges  0x000002b0       0x48 src/ASF/sam0/drivers/tcc/tcc_callback.o
 .debug_ranges  0x000002f8       0x18 src/ASF/common/utils/interrupt/interrupt_sam_nvic.o
 .debug_ranges  0x00000310       0x10 src/ASF/sam0/boards/samr21_xplained_pro/board_init.o
 .debug_ranges  0x00000320       0x18 src/ASF/sam0/drivers/port/port.o
 .debug_ranges  0x00000338       0x68 src/ASF/sam0/drivers/system/clock/clock_samd21_r21_da/clock.o
 .debug_ranges  0x000003a0       0x70 src/ASF/sam0/drivers/system/clock/clock_samd21_r21_da/gclk.o
 .debug_ranges  0x00000410       0x28 src/ASF/sam0/drivers/system/pinmux/pinmux.o
 .debug_ranges  0x00000438       0x18 src/ASF/sam0/drivers/system/system.o
 .debug_ranges  0x00000450       0x18 src/ASF/sam0/utils/cmsis/samr21/source/gcc/startup_samr21.o
 .debug_ranges  0x00000468       0x50 src/ASF/sam0/utils/syscalls/gcc/syscalls.o
 .debug_ranges  0x000004b8       0x88 src/main.o

.debug_macro    0x00000000    0x18d0d
 .debug_macro   0x00000000      0x4a9 src/ASF/common2/services/delay/sam0/systick_counter.o
 .debug_macro   0x000004a9      0x856 src/ASF/common2/services/delay/sam0/systick_counter.o
 .debug_macro   0x00000cff      0x166 src/ASF/common2/services/delay/sam0/systick_counter.o
 .debug_macro   0x00000e65      0x621 src/ASF/common2/services/delay/sam0/systick_counter.o
 .debug_macro   0x00001486       0x22 src/ASF/common2/services/delay/sam0/systick_counter.o
 .debug_macro   0x000014a8       0x44 src/ASF/common2/services/delay/sam0/systick_counter.o
 .debug_macro   0x000014ec       0x58 src/ASF/common2/services/delay/sam0/systick_counter.o
 .debug_macro   0x00001544       0x22 src/ASF/common2/services/delay/sam0/systick_counter.o
 .debug_macro   0x00001566      0x1df src/ASF/common2/services/delay/sam0/systick_counter.o
 .debug_macro   0x00001745       0x10 src/ASF/common2/services/delay/sam0/systick_counter.o
 .debug_macro   0x00001755       0x76 src/ASF/common2/services/delay/sam0/systick_counter.o
 .debug_macro   0x000017cb       0x16 src/ASF/common2/services/delay/sam0/systick_counter.o
 .debug_macro   0x000017e1      0x6e5 src/ASF/common2/services/delay/sam0/systick_counter.o
 .debug_macro   0x00001ec6      0xde2 src/ASF/common2/services/delay/sam0/systick_counter.o
 .debug_macro   0x00002ca8       0x22 src/ASF/common2/services/delay/sam0/systick_counter.o
 .debug_macro   0x00002cca       0x40 src/ASF/common2/services/delay/sam0/systick_counter.o
 .debug_macro   0x00002d0a       0x3a src/ASF/common2/services/delay/sam0/systick_counter.o
 .debug_macro   0x00002d44       0x1f src/ASF/common2/services/delay/sam0/systick_counter.o
 .debug_macro   0x00002d63      0x250 src/ASF/common2/services/delay/sam0/systick_counter.o
 .debug_macro   0x00002fb3      0x682 src/ASF/common2/services/delay/sam0/systick_counter.o
 .debug_macro   0x00003635      0x8bf src/ASF/common2/services/delay/sam0/systick_counter.o
 .debug_macro   0x00003ef4      0xd6a src/ASF/common2/services/delay/sam0/systick_counter.o
 .debug_macro   0x00004c5e      0x4ce src/ASF/common2/services/delay/sam0/systick_counter.o
 .debug_macro   0x0000512c      0x9f8 src/ASF/common2/services/delay/sam0/systick_counter.o
 .debug_macro   0x00005b24      0x82b src/ASF/common2/services/delay/sam0/systick_counter.o
 .debug_macro   0x0000634f      0x45f src/ASF/common2/services/delay/sam0/systick_counter.o
 .debug_macro   0x000067ae       0x5e src/ASF/common2/services/delay/sam0/systick_counter.o
 .debug_macro   0x0000680c      0x225 src/ASF/common2/services/delay/sam0/systick_counter.o
 .debug_macro   0x00006a31      0x797 src/ASF/common2/services/delay/sam0/systick_counter.o
 .debug_macro   0x000071c8       0x5e src/ASF/common2/services/delay/sam0/systick_counter.o
 .debug_macro   0x00007226      0x60a src/ASF/common2/services/delay/sam0/systick_counter.o
 .debug_macro   0x00007830      0x3b6 src/ASF/common2/services/delay/sam0/systick_counter.o
 .debug_macro   0x00007be6       0x94 src/ASF/common2/services/delay/sam0/systick_counter.o
 .debug_macro   0x00007c7a      0xc55 src/ASF/common2/services/delay/sam0/systick_counter.o
 .debug_macro   0x000088cf     0x1092 src/ASF/common2/services/delay/sam0/systick_counter.o
 .debug_macro   0x00009961      0xc4a src/ASF/common2/services/delay/sam0/systick_counter.o
 .debug_macro   0x0000a5ab      0x6bf src/ASF/common2/services/delay/sam0/systick_counter.o
 .debug_macro   0x0000ac6a     0x1b4b src/ASF/common2/services/delay/sam0/systick_counter.o
 .debug_macro   0x0000c7b5     0x144a src/ASF/common2/services/delay/sam0/systick_counter.o
 .debug_macro   0x0000dbff      0x34e src/ASF/common2/services/delay/sam0/systick_counter.o
 .debug_macro   0x0000df4d       0x7c src/ASF/common2/services/delay/sam0/systick_counter.o
 .debug_macro   0x0000dfc9       0xa0 src/ASF/common2/services/delay/sam0/systick_counter.o
 .debug_macro   0x0000e069       0xca src/ASF/common2/services/delay/sam0/systick_counter.o
 .debug_macro   0x0000e133       0x94 src/ASF/common2/services/delay/sam0/systick_counter.o
 .debug_macro   0x0000e1c7       0x58 src/ASF/common2/services/delay/sam0/systick_counter.o
 .debug_macro   0x0000e21f      0x364 src/ASF/common2/services/delay/sam0/systick_counter.o
 .debug_macro   0x0000e583       0x82 src/ASF/common2/services/delay/sam0/systick_counter.o
 .debug_macro   0x0000e605      0x197 src/ASF/common2/services/delay/sam0/systick_counter.o
 .debug_macro   0x0000e79c       0xa0 src/ASF/common2/services/delay/sam0/systick_counter.o
 .debug_macro   0x0000e83c       0xb2 src/ASF/common2/services/delay/sam0/systick_counter.o
 .debug_macro   0x0000e8ee       0x1c src/ASF/common2/services/delay/sam0/systick_counter.o
 .debug_macro   0x0000e90a       0x1c src/ASF/common2/services/delay/sam0/systick_counter.o
 .debug_macro   0x0000e926       0x1c src/ASF/common2/services/delay/sam0/systick_counter.o
 .debug_macro   0x0000e942       0x7c src/ASF/common2/services/delay/sam0/systick_counter.o
 .debug_macro   0x0000e9be      0x1c6 src/ASF/common2/services/delay/sam0/systick_counter.o
 .debug_macro   0x0000eb84       0x16 src/ASF/common2/services/delay/sam0/systick_counter.o
 .debug_macro   0x0000eb9a       0xdc src/ASF/common2/services/delay/sam0/systick_counter.o
 .debug_macro   0x0000ec76      0x12f src/ASF/common2/services/delay/sam0/systick_counter.o
 .debug_macro   0x0000eda5      0x12f src/ASF/common2/services/delay/sam0/systick_counter.o
 .debug_macro   0x0000eed4      0x12f src/ASF/common2/services/delay/sam0/systick_counter.o
 .debug_macro   0x0000f003      0x12f src/ASF/common2/services/delay/sam0/systick_counter.o
 .debug_macro   0x0000f132      0x12f src/ASF/common2/services/delay/sam0/systick_counter.o
 .debug_macro   0x0000f261      0x12f src/ASF/common2/services/delay/sam0/systick_counter.o
 .debug_macro   0x0000f390      0x11e src/ASF/common2/services/delay/sam0/systick_counter.o
 .debug_macro   0x0000f4ae       0xe2 src/ASF/common2/services/delay/sam0/systick_counter.o
 .debug_macro   0x0000f590       0xe2 src/ASF/common2/services/delay/sam0/systick_counter.o
 .debug_macro   0x0000f672       0xe2 src/ASF/common2/services/delay/sam0/systick_counter.o
 .debug_macro   0x0000f754      0x12c src/ASF/common2/services/delay/sam0/systick_counter.o
 .debug_macro   0x0000f880      0x100 src/ASF/common2/services/delay/sam0/systick_counter.o
 .debug_macro   0x0000f980       0xf4 src/ASF/common2/services/delay/sam0/systick_counter.o
 .debug_macro   0x0000fa74      0x40f src/ASF/common2/services/delay/sam0/systick_counter.o
 .debug_macro   0x0000fe83       0x40 src/ASF/common2/services/delay/sam0/systick_counter.o
 .debug_macro   0x0000fec3      0x345 src/ASF/common2/services/delay/sam0/systick_counter.o
 .debug_macro   0x00010208     0x174b src/ASF/common2/services/delay/sam0/systick_counter.o
 .debug_macro   0x00011953       0x74 src/ASF/common2/services/delay/sam0/systick_counter.o
 .debug_macro   0x000119c7       0x58 src/ASF/common2/services/delay/sam0/systick_counter.o
 .debug_macro   0x00011a1f       0x35 src/ASF/common2/services/delay/sam0/systick_counter.o
 .debug_macro   0x00011a54       0x9c src/ASF/common2/services/delay/sam0/systick_counter.o
 .debug_macro   0x00011af0       0x16 src/ASF/common2/services/delay/sam0/systick_counter.o
 .debug_macro   0x00011b06       0x35 src/ASF/common2/services/delay/sam0/systick_counter.o
 .debug_macro   0x00011b3b      0x29d src/ASF/common2/services/delay/sam0/systick_counter.o
 .debug_macro   0x00011dd8       0x10 src/ASF/common2/services/delay/sam0/systick_counter.o
 .debug_macro   0x00011de8       0x52 src/ASF/common2/services/delay/sam0/systick_counter.o
 .debug_macro   0x00011e3a       0x16 src/ASF/common2/services/delay/sam0/systick_counter.o
 .debug_macro   0x00011e50       0x43 src/ASF/common2/services/delay/sam0/systick_counter.o
 .debug_macro   0x00011e93      0x180 src/ASF/common2/services/delay/sam0/systick_counter.o
 .debug_macro   0x00012013       0x10 src/ASF/common2/services/delay/sam0/systick_counter.o
 .debug_macro   0x00012023       0x22 src/ASF/common2/services/delay/sam0/systick_counter.o
 .debug_macro   0x00012045       0xbe src/ASF/common2/services/delay/sam0/systick_counter.o
 .debug_macro   0x00012103       0x16 src/ASF/common2/services/delay/sam0/systick_counter.o
 .debug_macro   0x00012119      0x197 src/ASF/common2/services/delay/sam0/systick_counter.o
 .debug_macro   0x000122b0       0x16 src/ASF/common2/services/delay/sam0/systick_counter.o
 .debug_macro   0x000122c6       0x16 src/ASF/common2/services/delay/sam0/systick_counter.o
 .debug_macro   0x000122dc       0x29 src/ASF/common2/services/delay/sam0/systick_counter.o
 .debug_macro   0x00012305       0x51 src/ASF/common2/services/delay/sam0/systick_counter.o
 .debug_macro   0x00012356       0x3f src/ASF/common2/services/delay/sam0/systick_counter.o
 .debug_macro   0x00012395      0x3df src/ASF/common2/services/delay/sam0/systick_counter.o
 .debug_macro   0x00012774       0x11 src/ASF/common2/services/delay/sam0/systick_counter.o
 .debug_macro   0x00012785       0x16 src/ASF/common2/services/delay/sam0/systick_counter.o
 .debug_macro   0x0001279b       0x16 src/ASF/common2/services/delay/sam0/systick_counter.o
 .debug_macro   0x000127b1      0x4fc src/ASF/sam0/drivers/sercom/sercom.o
 .debug_macro   0x00012cad       0x11 src/ASF/sam0/drivers/sercom/sercom.o
 .debug_macro   0x00012cbe       0x2e src/ASF/sam0/drivers/sercom/sercom.o
 .debug_macro   0x00012cec       0xa0 src/ASF/sam0/drivers/sercom/sercom.o
 .debug_macro   0x00012d8c       0x10 src/ASF/sam0/drivers/sercom/sercom.o
 .debug_macro   0x00012d9c      0x46e src/ASF/sam0/utils/stdio/read.o
 .debug_macro   0x0001320a      0x46e src/ASF/sam0/utils/stdio/write.o
 .debug_macro   0x00013678      0x5ab src/ASF/thirdparty/wireless/addons/sio2host/uart/sio2host.o
 .debug_macro   0x00013c23      0x279 src/ASF/thirdparty/wireless/addons/sio2host/uart/sio2host.o
 .debug_macro   0x00013e9c      0x6b3 src/ASF/thirdparty/wireless/addons/sio2host/uart/sio2host.o
 .debug_macro   0x0001454f       0x19 src/ASF/thirdparty/wireless/addons/sio2host/uart/sio2host.o
 .debug_macro   0x00014568       0x57 src/ASF/thirdparty/wireless/addons/sio2host/uart/sio2host.o
 .debug_macro   0x000145bf       0x8f src/ASF/thirdparty/wireless/addons/sio2host/uart/sio2host.o
 .debug_macro   0x0001464e       0x46 src/ASF/thirdparty/wireless/addons/sio2host/uart/sio2host.o
 .debug_macro   0x00014694      0x50d src/ASF/sam0/drivers/sercom/usart/usart.o
 .debug_macro   0x00014ba1       0x51 src/ASF/sam0/drivers/sercom/usart/usart.o
 .debug_macro   0x00014bf2      0x50d src/ASF/sam0/drivers/sercom/usart/usart_interrupt.o
 .debug_macro   0x000150ff      0x4f9 src/ASF/sam0/drivers/sercom/sercom_interrupt.o
 .debug_macro   0x000155f8      0x4e8 src/ASF/sam0/drivers/tcc/tcc_callback.o
 .debug_macro   0x00015ae0      0x46e src/ASF/common/utils/interrupt/interrupt_sam_nvic.o
 .debug_macro   0x00015f4e      0x4aa src/ASF/sam0/boards/samr21_xplained_pro/board_init.o
 .debug_macro   0x000163f8      0x488 src/ASF/sam0/drivers/port/port.o
 .debug_macro   0x00016880      0x4ee src/ASF/sam0/drivers/system/clock/clock_samd21_r21_da/clock.o
 .debug_macro   0x00016d6e      0x29d src/ASF/sam0/drivers/system/clock/clock_samd21_r21_da/clock.o
 .debug_macro   0x0001700b      0x4a4 src/ASF/sam0/drivers/system/clock/clock_samd21_r21_da/gclk.o
 .debug_macro   0x000174af      0x480 src/ASF/sam0/drivers/system/pinmux/pinmux.o
 .debug_macro   0x0001792f      0x4b2 src/ASF/sam0/drivers/system/system.o
 .debug_macro   0x00017de1      0x2c2 src/ASF/sam0/utils/cmsis/samr21/source/gcc/startup_samr21.o
 .debug_macro   0x000180a3       0x3a src/ASF/sam0/utils/cmsis/samr21/source/gcc/startup_samr21.o
 .debug_macro   0x000180dd      0x169 src/ASF/sam0/utils/syscalls/gcc/syscalls.o
 .debug_macro   0x00018246       0x4a src/ASF/sam0/utils/syscalls/gcc/syscalls.o
 .debug_macro   0x00018290       0x97 src/ASF/sam0/utils/syscalls/gcc/syscalls.o
 .debug_macro   0x00018327       0xef src/ASF/sam0/utils/syscalls/gcc/syscalls.o
 .debug_macro   0x00018416       0x52 src/ASF/sam0/utils/syscalls/gcc/syscalls.o
 .debug_macro   0x00018468       0x16 src/ASF/sam0/utils/syscalls/gcc/syscalls.o
 .debug_macro   0x0001847e       0x10 src/ASF/sam0/utils/syscalls/gcc/syscalls.o
 .debug_macro   0x0001848e       0x10 src/ASF/sam0/utils/syscalls/gcc/syscalls.o
 .debug_macro   0x0001849e       0x10 src/ASF/sam0/utils/syscalls/gcc/syscalls.o
 .debug_macro   0x000184ae       0x35 src/ASF/sam0/utils/syscalls/gcc/syscalls.o
 .debug_macro   0x000184e3      0x122 src/ASF/sam0/utils/syscalls/gcc/syscalls.o
 .debug_macro   0x00018605      0x5ee src/main.o
 .debug_macro   0x00018bf3       0x5e src/main.o
 .debug_macro   0x00018c51       0xac src/main.o
 .debug_macro   0x00018cfd       0x10 src/main.o

.debug_line     0x00000000     0xca87
 .debug_line    0x00000000      0x929 src/ASF/common2/services/delay/sam0/systick_counter.o
 .debug_line    0x00000929      0xb2e src/ASF/sam0/drivers/sercom/sercom.o
 .debug_line    0x00001457      0x817 src/ASF/sam0/utils/stdio/read.o
 .debug_line    0x00001c6e      0x808 src/ASF/sam0/utils/stdio/write.o
 .debug_line    0x00002476      0xe73 src/ASF/thirdparty/wireless/addons/sio2host/uart/sio2host.o
 .debug_line    0x000032e9      0xc72 src/ASF/sam0/drivers/sercom/usart/usart.o
 .debug_line    0x00003f5b      0xbf5 src/ASF/sam0/drivers/sercom/usart/usart_interrupt.o
 .debug_line    0x00004b50      0xad6 src/ASF/sam0/drivers/sercom/sercom_interrupt.o
 .debug_line    0x00005626      0xa19 src/ASF/sam0/drivers/tcc/tcc_callback.o
 .debug_line    0x0000603f      0x835 src/ASF/common/utils/interrupt/interrupt_sam_nvic.o
 .debug_line    0x00006874      0x8f4 src/ASF/sam0/boards/samr21_xplained_pro/board_init.o
 .debug_line    0x00007168      0x861 src/ASF/sam0/drivers/port/port.o
 .debug_line    0x000079c9      0xc36 src/ASF/sam0/drivers/system/clock/clock_samd21_r21_da/clock.o
 .debug_line    0x000085ff      0xbd2 src/ASF/sam0/drivers/system/clock/clock_samd21_r21_da/gclk.o
 .debug_line    0x000091d1      0x887 src/ASF/sam0/drivers/system/pinmux/pinmux.o
 .debug_line    0x00009a58      0x950 src/ASF/sam0/drivers/system/system.o
 .debug_line    0x0000a3a8      0x630 src/ASF/sam0/utils/cmsis/samr21/source/gcc/startup_samr21.o
 .debug_line    0x0000a9d8      0x398 src/ASF/sam0/utils/syscalls/gcc/syscalls.o
 .debug_line    0x0000ad70     0x1d17 src/main.o

.debug_str      0x00000000    0x8477a
 .debug_str     0x00000000    0x7826f src/ASF/common2/services/delay/sam0/systick_counter.o
                              0x78614 (size before relaxing)
 .debug_str     0x0007826f     0x15bd src/ASF/sam0/drivers/sercom/sercom.o
                              0x79ae2 (size before relaxing)
 .debug_str     0x0007982c       0x43 src/ASF/sam0/utils/stdio/read.o
                              0x78446 (size before relaxing)
 .debug_str     0x0007986f       0x33 src/ASF/sam0/utils/stdio/write.o
                              0x78448 (size before relaxing)
 .debug_str     0x000798a2     0x44d3 src/ASF/thirdparty/wireless/addons/sio2host/uart/sio2host.o
                              0x7dd84 (size before relaxing)
 .debug_str     0x0007dd75      0x6b2 src/ASF/sam0/drivers/sercom/usart/usart.o
                              0x7a7bb (size before relaxing)
 .debug_str     0x0007e427      0x1a7 src/ASF/sam0/drivers/sercom/usart/usart_interrupt.o
                              0x79b05 (size before relaxing)
 .debug_str     0x0007e5ce      0x189 src/ASF/sam0/drivers/sercom/sercom_interrupt.o
                              0x7991d (size before relaxing)
 .debug_str     0x0007e757      0x863 src/ASF/sam0/drivers/tcc/tcc_callback.o
                              0x79d71 (size before relaxing)
 .debug_str     0x0007efba       0x73 src/ASF/common/utils/interrupt/interrupt_sam_nvic.o
                              0x78499 (size before relaxing)
 .debug_str     0x0007f02d      0x2ed src/ASF/sam0/boards/samr21_xplained_pro/board_init.o
                              0x7b05d (size before relaxing)
 .debug_str     0x0007f31a       0x53 src/ASF/sam0/drivers/port/port.o
                              0x78878 (size before relaxing)
 .debug_str     0x0007f36d     0x2800 src/ASF/sam0/drivers/system/clock/clock_samd21_r21_da/clock.o
                              0x7b620 (size before relaxing)
 .debug_str     0x00081b6d      0x27d src/ASF/sam0/drivers/system/clock/clock_samd21_r21_da/gclk.o
                              0x790df (size before relaxing)
 .debug_str     0x00081dea      0x130 src/ASF/sam0/drivers/system/pinmux/pinmux.o
                              0x78890 (size before relaxing)
 .debug_str     0x00081f1a       0x47 src/ASF/sam0/drivers/system/system.o
                              0x7851e (size before relaxing)
 .debug_str     0x00081f61      0xefd src/ASF/sam0/utils/cmsis/samr21/source/gcc/startup_samr21.o
                              0x651d2 (size before relaxing)
 .debug_str     0x00082e5e      0x837 src/ASF/sam0/utils/syscalls/gcc/syscalls.o
                               0x5fea (size before relaxing)
 .debug_str     0x00083695     0x10e5 src/main.o
                              0x7f1b7 (size before relaxing)

.debug_frame    0x00000000     0x16e8
 .debug_frame   0x00000000       0x60 src/ASF/common2/services/delay/sam0/systick_counter.o
 .debug_frame   0x00000060       0x9c src/ASF/sam0/drivers/sercom/sercom.o
 .debug_frame   0x000000fc       0x34 src/ASF/sam0/utils/stdio/read.o
 .debug_frame   0x00000130       0x34 src/ASF/sam0/utils/stdio/write.o
 .debug_frame   0x00000164      0x110 src/ASF/thirdparty/wireless/addons/sio2host/uart/sio2host.o
 .debug_frame   0x00000274       0xbc src/ASF/sam0/drivers/sercom/usart/usart.o
 .debug_frame   0x00000330      0x110 src/ASF/sam0/drivers/sercom/usart/usart_interrupt.o
 .debug_frame   0x00000440       0xec src/ASF/sam0/drivers/sercom/sercom_interrupt.o
 .debug_frame   0x0000052c       0xd4 src/ASF/sam0/drivers/tcc/tcc_callback.o
 .debug_frame   0x00000600       0x30 src/ASF/common/utils/interrupt/interrupt_sam_nvic.o
 .debug_frame   0x00000630       0x38 src/ASF/sam0/boards/samr21_xplained_pro/board_init.o
 .debug_frame   0x00000668       0x44 src/ASF/sam0/drivers/port/port.o
 .debug_frame   0x000006ac      0x164 src/ASF/sam0/drivers/system/clock/clock_samd21_r21_da/clock.o
 .debug_frame   0x00000810      0x148 src/ASF/sam0/drivers/system/clock/clock_samd21_r21_da/gclk.o
 .debug_frame   0x00000958       0x74 src/ASF/sam0/drivers/system/pinmux/pinmux.o
 .debug_frame   0x000009cc       0x38 src/ASF/sam0/drivers/system/system.o
 .debug_frame   0x00000a04       0x3c src/ASF/sam0/utils/cmsis/samr21/source/gcc/startup_samr21.o
 .debug_frame   0x00000a40       0xa8 src/ASF/sam0/utils/syscalls/gcc/syscalls.o
 .debug_frame   0x00000ae8      0x160 src/main.o
 .debug_frame   0x00000c48       0x20 c:/program files (x86)/atmel/studio/7.0/toolchain/arm/arm-gnu-toolchain/bin/../lib/gcc/arm-none-eabi/4.9.3/armv6-m\libgcc.a(_udivsi3.o)
 .debug_frame   0x00000c68       0x20 c:/program files (x86)/atmel/studio/7.0/toolchain/arm/arm-gnu-toolchain/bin/../lib/gcc/arm-none-eabi/4.9.3/armv6-m\libgcc.a(_divsi3.o)
 .debug_frame   0x00000c88       0x34 c:/program files (x86)/atmel/studio/7.0/toolchain/arm/arm-gnu-toolchain/bin/../lib/gcc/arm-none-eabi/4.9.3/armv6-m\libgcc.a(_muldi3.o)
 .debug_frame   0x00000cbc       0x28 c:/program files (x86)/atmel/studio/7.0/toolchain/arm/arm-gnu-toolchain/bin/../lib/gcc/arm-none-eabi/4.9.3/armv6-m\libgcc.a(_fixunssfsi.o)
 .debug_frame   0x00000ce4       0x30 c:/program files (x86)/atmel/studio/7.0/toolchain/arm/arm-gnu-toolchain/bin/../lib/gcc/arm-none-eabi/4.9.3/armv6-m\libgcc.a(subsf3.o)
 .debug_frame   0x00000d14       0x20 c:/program files (x86)/atmel/studio/7.0/toolchain/arm/arm-gnu-toolchain/bin/../lib/gcc/arm-none-eabi/4.9.3/armv6-m\libgcc.a(fixsfsi.o)
 .debug_frame   0x00000d34       0x28 c:/program files (x86)/atmel/studio/7.0/toolchain/arm/arm-gnu-toolchain/bin/../lib/gcc/arm-none-eabi/4.9.3/armv6-m\libgcc.a(floatunsisf.o)
 .debug_frame   0x00000d5c       0x38 c:/program files (x86)/atmel/studio/7.0/toolchain/arm/arm-gnu-toolchain/bin/../lib/gcc/arm-none-eabi/4.9.3/armv6-m\libgcc.a(adddf3.o)
 .debug_frame   0x00000d94       0x3c c:/program files (x86)/atmel/studio/7.0/toolchain/arm/arm-gnu-toolchain/bin/../lib/gcc/arm-none-eabi/4.9.3/armv6-m\libgcc.a(divdf3.o)
 .debug_frame   0x00000dd0       0x3c c:/program files (x86)/atmel/studio/7.0/toolchain/arm/arm-gnu-toolchain/bin/../lib/gcc/arm-none-eabi/4.9.3/armv6-m\libgcc.a(muldf3.o)
 .debug_frame   0x00000e0c       0x2c c:/program files (x86)/atmel/studio/7.0/toolchain/arm/arm-gnu-toolchain/bin/../lib/gcc/arm-none-eabi/4.9.3/armv6-m\libgcc.a(fixdfsi.o)
 .debug_frame   0x00000e38       0x2c c:/program files (x86)/atmel/studio/7.0/toolchain/arm/arm-gnu-toolchain/bin/../lib/gcc/arm-none-eabi/4.9.3/armv6-m\libgcc.a(floatsidf.o)
 .debug_frame   0x00000e64       0x28 c:/program files (x86)/atmel/studio/7.0/toolchain/arm/arm-gnu-toolchain/bin/../lib/gcc/arm-none-eabi/4.9.3/armv6-m\libgcc.a(floatunsidf.o)
 .debug_frame   0x00000e8c       0x2c c:/program files (x86)/atmel/studio/7.0/toolchain/arm/arm-gnu-toolchain/bin/../lib/gcc/arm-none-eabi/4.9.3/armv6-m\libgcc.a(extendsfdf2.o)
 .debug_frame   0x00000eb8       0x2c c:/program files (x86)/atmel/studio/7.0/toolchain/arm/arm-gnu-toolchain/bin/../lib/gcc/arm-none-eabi/4.9.3/armv6-m\libgcc.a(truncdfsf2.o)
 .debug_frame   0x00000ee4       0x2c c:/program files (x86)/atmel/studio/7.0/toolchain/arm/arm-gnu-toolchain/bin/../lib/gcc/arm-none-eabi/4.9.3/armv6-m\libgcc.a(eqsf2.o)
 .debug_frame   0x00000f10       0x30 c:/program files (x86)/atmel/studio/7.0/toolchain/arm/arm-gnu-toolchain/bin/../lib/gcc/arm-none-eabi/4.9.3/armv6-m\libgcc.a(gesf2.o)
 .debug_frame   0x00000f40       0x30 c:/program files (x86)/atmel/studio/7.0/toolchain/arm/arm-gnu-toolchain/bin/../lib/gcc/arm-none-eabi/4.9.3/armv6-m\libgcc.a(lesf2.o)
 .debug_frame   0x00000f70       0x2c c:/program files (x86)/atmel/studio/7.0/toolchain/arm/arm-gnu-toolchain/bin/../lib/gcc/arm-none-eabi/4.9.3/../../../../arm-none-eabi/lib/armv6-m\libc_nano.a(lib_a-init.o)
 .debug_frame   0x00000f9c       0x28 c:/program files (x86)/atmel/studio/7.0/toolchain/arm/arm-gnu-toolchain/bin/../lib/gcc/arm-none-eabi/4.9.3/../../../../arm-none-eabi/lib/armv6-m\libc_nano.a(lib_a-memcpy.o)
 .debug_frame   0x00000fc4       0x20 c:/program files (x86)/atmel/studio/7.0/toolchain/arm/arm-gnu-toolchain/bin/../lib/gcc/arm-none-eabi/4.9.3/../../../../arm-none-eabi/lib/armv6-m\libc_nano.a(lib_a-memset.o)
 .debug_frame   0x00000fe4       0x50 c:/program files (x86)/atmel/studio/7.0/toolchain/arm/arm-gnu-toolchain/bin/../lib/gcc/arm-none-eabi/4.9.3/../../../../arm-none-eabi/lib/armv6-m\libc_nano.a(lib_a-printf.o)
 .debug_frame   0x00001034       0x28 c:/program files (x86)/atmel/studio/7.0/toolchain/arm/arm-gnu-toolchain/bin/../lib/gcc/arm-none-eabi/4.9.3/../../../../arm-none-eabi/lib/armv6-m\libc_nano.a(lib_a-setbuf.o)
 .debug_frame   0x0000105c       0x34 c:/program files (x86)/atmel/studio/7.0/toolchain/arm/arm-gnu-toolchain/bin/../lib/gcc/arm-none-eabi/4.9.3/../../../../arm-none-eabi/lib/armv6-m\libc_nano.a(lib_a-setvbuf.o)
 .debug_frame   0x00001090       0x68 c:/program files (x86)/atmel/studio/7.0/toolchain/arm/arm-gnu-toolchain/bin/../lib/gcc/arm-none-eabi/4.9.3/../../../../arm-none-eabi/lib/armv6-m\libc_nano.a(lib_a-fflush.o)
 .debug_frame   0x000010f8      0x140 c:/program files (x86)/atmel/studio/7.0/toolchain/arm/arm-gnu-toolchain/bin/../lib/gcc/arm-none-eabi/4.9.3/../../../../arm-none-eabi/lib/armv6-m\libc_nano.a(lib_a-findfp.o)
 .debug_frame   0x00001238       0x58 c:/program files (x86)/atmel/studio/7.0/toolchain/arm/arm-gnu-toolchain/bin/../lib/gcc/arm-none-eabi/4.9.3/../../../../arm-none-eabi/lib/armv6-m\libc_nano.a(lib_a-fwalk.o)
 .debug_frame   0x00001290       0x40 c:/program files (x86)/atmel/studio/7.0/toolchain/arm/arm-gnu-toolchain/bin/../lib/gcc/arm-none-eabi/4.9.3/../../../../arm-none-eabi/lib/armv6-m\libc_nano.a(lib_a-malloc.o)
 .debug_frame   0x000012d0       0x2c c:/program files (x86)/atmel/studio/7.0/toolchain/arm/arm-gnu-toolchain/bin/../lib/gcc/arm-none-eabi/4.9.3/../../../../arm-none-eabi/lib/armv6-m\libc_nano.a(lib_a-nano-freer.o)
 .debug_frame   0x000012fc       0x2c c:/program files (x86)/atmel/studio/7.0/toolchain/arm/arm-gnu-toolchain/bin/../lib/gcc/arm-none-eabi/4.9.3/../../../../arm-none-eabi/lib/armv6-m\libc_nano.a(lib_a-nano-mallocr.o)