Archive member included because of file (symbol)

c:/program files (x86)/atmel/studio/7.0/toolchain/arm/arm-gnu-toolchain/bin/../lib/gcc/arm-none-eabi/4.9.3/armv6-m\libgcc.a(_udivsi3.o)
                              src/ASF/common2/services/delay/sam0/systick_counter.o (__aeabi_uidiv)
c:/program files (x86)/atmel/studio/7.0/toolchain/arm/arm-gnu-toolchain/bin/../lib/gcc/arm-none-eabi/4.9.3/armv6-m\libgcc.a(_divsi3.o)
                              src/main.o (__aeabi_idiv)
c:/program files (x86)/atmel/studio/7.0/toolchain/arm/arm-gnu-toolchain/bin/../lib/gcc/arm-none-eabi/4.9.3/armv6-m\libgcc.a(_dvmd_tls.o)
                              c:/program files (x86)/atmel/studio/7.0/toolchain/arm/arm-gnu-toolchain/bin/../lib/gcc/arm-none-eabi/4.9.3/armv6-m\libgcc.a(_udivsi3.o) (__aeabi_idiv0)
c:/program files (x86)/atmel/studio/7.0/toolchain/arm/arm-gnu-toolchain/bin/../lib/gcc/arm-none-eabi/4.9.3/armv6-m\libgcc.a(_muldi3.o)
                              src/ASF/sam0/drivers/sercom/sercom.o (__aeabi_lmul)
c:/program files (x86)/atmel/studio/7.0/toolchain/arm/arm-gnu-toolchain/bin/../lib/gcc/arm-none-eabi/4.9.3/armv6-m\libgcc.a(_fixunssfsi.o)
                              src/main.o (__aeabi_f2uiz)
c:/program files (x86)/atmel/studio/7.0/toolchain/arm/arm-gnu-toolchain/bin/../lib/gcc/arm-none-eabi/4.9.3/armv6-m\libgcc.a(subsf3.o)
                              c:/program files (x86)/atmel/studio/7.0/toolchain/arm/arm-gnu-toolchain/bin/../lib/gcc/arm-none-eabi/4.9.3/armv6-m\libgcc.a(_fixunssfsi.o) (__aeabi_fsub)
c:/program files (x86)/atmel/studio/7.0/toolchain/arm/arm-gnu-toolchain/bin/../lib/gcc/arm-none-eabi/4.9.3/armv6-m\libgcc.a(fixsfsi.o)
                              c:/program files (x86)/atmel/studio/7.0/toolchain/arm/arm-gnu-toolchain/bin/../lib/gcc/arm-none-eabi/4.9.3/armv6-m\libgcc.a(_fixunssfsi.o) (__aeabi_f2iz)
c:/program files (x86)/atmel/studio/7.0/toolchain/arm/arm-gnu-toolchain/bin/../lib/gcc/arm-none-eabi/4.9.3/armv6-m\libgcc.a(floatunsisf.o)
                              src/main.o (__aeabi_ui2f)
c:/program files (x86)/atmel/studio/7.0/toolchain/arm/arm-gnu-toolchain/bin/../lib/gcc/arm-none-eabi/4.9.3/armv6-m\libgcc.a(adddf3.o)
                              src/main.o (__aeabi_dadd)
c:/program files (x86)/atmel/studio/7.0/toolchain/arm/arm-gnu-toolchain/bin/../lib/gcc/arm-none-eabi/4.9.3/armv6-m\libgcc.a(divdf3.o)
                              src/main.o (__aeabi_ddiv)
c:/program files (x86)/atmel/studio/7.0/toolchain/arm/arm-gnu-toolchain/bin/../lib/gcc/arm-none-eabi/4.9.3/armv6-m\libgcc.a(muldf3.o)
                              src/main.o (__aeabi_dmul)
c:/program files (x86)/atmel/studio/7.0/toolchain/arm/arm-gnu-toolchain/bin/../lib/gcc/arm-none-eabi/4.9.3/armv6-m\libgcc.a(fixdfsi.o)
                              src/main.o (__aeabi_d2iz)
c:/program files (x86)/atmel/studio/7.0/toolchain/arm/arm-gnu-toolchain/bin/../lib/gcc/arm-none-eabi/4.9.3/armv6-m\libgcc.a(floatsidf.o)
                              src/main.o (__aeabi_i2d)
c:/program files (x86)/atmel/studio/7.0/toolchain/arm/arm-gnu-toolchain/bin/../lib/gcc/arm-none-eabi/4.9.3/armv6-m\libgcc.a(floatunsidf.o)
                              src/main.o (__aeabi_ui2d)
c:/program files (x86)/atmel/studio/7.0/toolchain/arm/arm-gnu-toolchain/bin/../lib/gcc/arm-none-eabi/4.9.3/armv6-m\libgcc.a(extendsfdf2.o)
                              src/main.o (__aeabi_f2d)
c:/program files (x86)/atmel/studio/7.0/toolchain/arm/arm-gnu-toolchain/bin/../lib/gcc/arm-none-eabi/4.9.3/armv6-m\libgcc.a(truncdfsf2.o)
                              src/main.o (__aeabi_d2f)
c:/program files (x86)/atmel/studio/7.0/toolchain/arm/arm-gnu-toolchain/bin/../lib/gcc/arm-none-eabi/4.9.3/armv6-m\libgcc.a(_arm_cmpsf2.o)
                              c:/program files (x86)/atmel/studio/7.0/toolchain/arm/arm-gnu-toolchain/bin/../lib/gcc/arm-none-eabi/4.9.3/armv6-m\libgcc.a(_fixunssfsi.o) (__aeabi_fcmpge)
c:/program files (x86)/atmel/studio/7.0/toolchain/arm/arm-gnu-toolchain/bin/../lib/gcc/arm-none-eabi/4.9.3/armv6-m\libgcc.a(_clzsi2.o)
                              c:/program files (x86)/atmel/studio/7.0/toolchain/arm/arm-gnu-toolchain/bin/../lib/gcc/arm-none-eabi/4.9.3/armv6-m\libgcc.a(subsf3.o) (__clzsi2)
c:/program files (x86)/atmel/studio/7.0/toolchain/arm/arm-gnu-toolchain/bin/../lib/gcc/arm-none-eabi/4.9.3/armv6-m\libgcc.a(eqsf2.o)
                              c:/program files (x86)/atmel/studio/7.0/toolchain/arm/arm-gnu-toolchain/bin/../lib/gcc/arm-none-eabi/4.9.3/armv6-m\libgcc.a(_arm_cmpsf2.o) (__eqsf2)
c:/program files (x86)/atmel/studio/7.0/toolchain/arm/arm-gnu-toolchain/bin/../lib/gcc/arm-none-eabi/4.9.3/armv6-m\libgcc.a(gesf2.o)
                              c:/program files (x86)/atmel/studio/7.0/toolchain/arm/arm-gnu-toolchain/bin/../lib/gcc/arm-none-eabi/4.9.3/armv6-m\libgcc.a(_arm_cmpsf2.o) (__gesf2)
[...]
Memory Configuration

Name             Origin             Length             Attributes
rom              0x00000000         0x00040000         xr
ram              0x20000000         0x00008000         xrw
*default*        0x00000000         0xffffffff

Linker script and memory map

LOAD c:/program files (x86)/atmel/studio/7.0/toolchain/arm/arm-gnu-toolchain/bin/../lib/gcc/arm-none-eabi/4.9.3/armv6-m/crti.o
LOAD c:/program files (x86)/atmel/studio/7.0/toolchain/arm/arm-gnu-toolchain/bin/../lib/gcc/arm-none-eabi/4.9.3/armv6-m/crtbegin.o
LOAD c:/program files (x86)/atmel/studio/7.0/toolchain/arm/arm-gnu-toolchain/bin/../lib/gcc/arm-none-eabi/4.9.3/../../../../arm-none-eabi/lib/armv6-m/crt0.o
LOAD src/ASF/common2/services/delay/sam0/systick_counter.o
LOAD src/ASF/sam0/drivers/sercom/sercom.o
LOAD src/ASF/sam0/utils/stdio/read.o
LOAD src/ASF/sam0/utils/stdio/write.o
LOAD src/ASF/thirdparty/wireless/addons/sio2host/uart/sio2host.o
LOAD src/ASF/sam0/drivers/sercom/usart/usart.o
LOAD src/ASF/sam0/drivers/sercom/usart/usart_interrupt.o
LOAD src/ASF/sam0/drivers/sercom/sercom_interrupt.o
LOAD src/ASF/sam0/drivers/tcc/tcc.o
LOAD src/ASF/sam0/drivers/tcc/tcc_callback.o
LOAD src/ASF/common/utils/interrupt/interrupt_sam_nvic.o
LOAD src/ASF/sam0/boards/samr21_xplained_pro/board_init.o
LOAD src/ASF/sam0/drivers/port/port.o
LOAD src/ASF/sam0/drivers/system/clock/clock_samd21_r21_da/clock.o
LOAD src/ASF/sam0/drivers/system/clock/clock_samd21_r21_da/gclk.o
LOAD src/ASF/sam0/drivers/system/interrupt/system_interrupt.o
LOAD src/ASF/sam0/drivers/system/pinmux/pinmux.o
LOAD src/ASF/sam0/drivers/system/system.o
LOAD src/ASF/sam0/utils/cmsis/samr21/source/gcc/startup_samr21.o
LOAD src/ASF/sam0/utils/cmsis/samr21/source/system_samr21.o
LOAD src/ASF/sam0/utils/syscalls/gcc/syscalls.o
LOAD src/main.o
START GROUP
LOAD ../src/ASF/thirdparty/CMSIS/Lib/GCC\libarm_cortexM0l_math.a
LOAD c:/program files (x86)/atmel/studio/7.0/toolchain/arm/arm-gnu-toolchain/bin/../lib/gcc/arm-none-eabi/4.9.3/../../../../arm-none-eabi/lib/armv6-m\libm.a
END GROUP
START GROUP
LOAD c:/program files (x86)/atmel/studio/7.0/toolchain/arm/arm-gnu-toolchain/bin/../lib/gcc/arm-none-eabi/4.9.3/armv6-m\libgcc.a
LOAD c:/program files (x86)/atmel/studio/7.0/toolchain/arm/arm-gnu-toolchain/bin/../lib/gcc/arm-none-eabi/4.9.3/../../../../arm-none-eabi/lib/armv6-m\libc_nano.a
END GROUP
START GROUP
LOAD c:/program files (x86)/atmel/studio/7.0/toolchain/arm/arm-gnu-toolchain/bin/../lib/gcc/arm-none-eabi/4.9.3/armv6-m\libgcc.a
LOAD c:/program files (x86)/atmel/studio/7.0/toolchain/arm/arm-gnu-toolchain/bin/../lib/gcc/arm-none-eabi/4.9.3/../../../../arm-none-eabi/lib/armv6-m\libc_nano.a
END GROUP
LOAD c:/program files (x86)/atmel/studio/7.0/toolchain/arm/arm-gnu-toolchain/bin/../lib/gcc/arm-none-eabi/4.9.3/armv6-m/crtend.o
LOAD c:/program files (x86)/atmel/studio/7.0/toolchain/arm/arm-gnu-toolchain/bin/../lib/gcc/arm-none-eabi/4.9.3/armv6-m/crtn.o
                0x00002000                STACK_SIZE = DEFINED (STACK_SIZE)?STACK_SIZE:DEFINED (__stack_size__)?__stack_size__:0x2000

.text           0x00000000     0x4b40
                0x00000000                . = ALIGN (0x4)
                0x00000000                _sfixed = .
 *(.vectors .vectors.*)
 .vectors       0x00000000       0xb4 src/ASF/sam0/utils/cmsis/samr21/source/gcc/startup_samr21.o
                0x00000000                exception_table
 *(.text .text.* .gnu.linkonce.t.*)
 .text          0x000000b4       0x60 c:/program files (x86)/atmel/studio/7.0/toolchain/arm/arm-gnu-toolchain/bin/../lib/gcc/arm-none-eabi/4.9.3/armv6-m/crtbegin.o
 .text.delay_init
                0x00000114       0x3c src/ASF/common2/services/delay/sam0/systick_counter.o
                0x00000114                delay_init
 .text.delay_cycles_ms
                0x00000150       0x2c src/ASF/common2/services/delay/sam0/systick_counter.o
                0x00000150                delay_cycles_ms
 .text._sercom_get_sync_baud_val
                0x0000017c       0x28 src/ASF/sam0/drivers/sercom/sercom.o
                0x0000017c                _sercom_get_sync_baud_val
 .text._sercom_get_async_baud_val
                0x000001a4      0x1c8 src/ASF/sam0/drivers/sercom/sercom.o
                0x000001a4                _sercom_get_async_baud_val
 .text.sercom_set_gclk_generator
                0x0000036c       0x4c src/ASF/sam0/drivers/sercom/sercom.o
                0x0000036c                sercom_set_gclk_generator
 .text._sercom_get_default_pad
                0x000003b8      0x188 src/ASF/sam0/drivers/sercom/sercom.o
                0x000003b8                _sercom_get_default_pad
 .text._sercom_get_sercom_inst_index
                0x00000540       0x3c src/ASF/sam0/drivers/sercom/sercom.o
                0x00000540                _sercom_get_sercom_inst_index
 .text._read    0x0000057c       0x44 src/ASF/sam0/utils/stdio/read.o
                0x0000057c                _read
 .text._write   0x000005c0       0x50 src/ASF/sam0/utils/stdio/write.o
                0x000005c0                _write
 .text.usart_serial_getchar
                0x00000610       0x2c src/ASF/thirdparty/wireless/addons/sio2host/uart/sio2host.o
 .text.usart_serial_putchar
                0x0000063c       0x18 src/ASF/thirdparty/wireless/addons/sio2host/uart/sio2host.o
 .text.USART_HOST_ISR_VECT
                0x00000654       0x60 src/ASF/thirdparty/wireless/addons/sio2host/uart/sio2host.o
                0x00000654                USART_HOST_ISR_VECT
 .text.sio2host_init
                0x000006b4      0x150 src/ASF/thirdparty/wireless/addons/sio2host/uart/sio2host.o
                0x000006b4                sio2host_init
 .text.usart_init
                0x00000804      0x338 src/ASF/sam0/drivers/sercom/usart/usart.o
                0x00000804                usart_init
 .text.usart_write_wait
                0x00000b3c       0x2c src/ASF/sam0/drivers/sercom/usart/usart.o
                0x00000b3c                usart_write_wait
 .text.usart_read_wait
                0x00000b68       0x78 src/ASF/sam0/drivers/sercom/usart/usart.o
                0x00000b68                usart_read_wait
 .text.usart_read_buffer_wait
                0x00000be0       0xa0 src/ASF/sam0/drivers/sercom/usart/usart.o
                0x00000be0                usart_read_buffer_wait
 .text._usart_interrupt_handler
                0x00000c80      0x1a0 src/ASF/sam0/drivers/sercom/usart/usart_interrupt.o
                0x00000c80                _usart_interrupt_handler
 .text._sercom_default_handler
                0x00000e20        0x4 src/ASF/sam0/drivers/sercom/sercom_interrupt.o
 .text._sercom_set_handler
                0x00000e24       0x3c src/ASF/sam0/drivers/sercom/sercom_interrupt.o
                0x00000e24                _sercom_set_handler
 .text._sercom_get_interrupt_vector
                0x00000e60       0x2c src/ASF/sam0/drivers/sercom/sercom_interrupt.o
                0x00000e60                _sercom_get_interrupt_vector
 .text.SERCOM0_Handler
                0x00000e8c       0x10 src/ASF/sam0/drivers/sercom/sercom_interrupt.o
                0x00000e8c                SERCOM0_Handler
 .text.SERCOM1_Handler
                0x00000e9c       0x10 src/ASF/sam0/drivers/sercom/sercom_interrupt.o
                0x00000e9c                SERCOM1_Handler
 .text.SERCOM2_Handler
                0x00000eac       0x10 src/ASF/sam0/drivers/sercom/sercom_interrupt.o
                0x00000eac                SERCOM2_Handler
 .text.SERCOM3_Handler
                0x00000ebc       0x10 src/ASF/sam0/drivers/sercom/sercom_interrupt.o
                0x00000ebc                SERCOM3_Handler
 .text.SERCOM4_Handler
                0x00000ecc       0x10 src/ASF/sam0/drivers/sercom/sercom_interrupt.o
                0x00000ecc                SERCOM4_Handler
 .text.SERCOM5_Handler
                0x00000edc       0x10 src/ASF/sam0/drivers/sercom/sercom_interrupt.o
                0x00000edc                SERCOM5_Handler
 .text._tcc_interrupt_handler
                0x00000eec       0x48 src/ASF/sam0/drivers/tcc/tcc_callback.o
                0x00000eec                _tcc_interrupt_handler
 .text.TCC0_Handler
                0x00000f34       0x10 src/ASF/sam0/drivers/tcc/tcc_callback.o
                0x00000f34                TCC0_Handler
 .text.TCC1_Handler
                0x00000f44       0x10 src/ASF/sam0/drivers/tcc/tcc_callback.o
                0x00000f44                TCC1_Handler
 .text.TCC2_Handler
                0x00000f54       0x10 src/ASF/sam0/drivers/tcc/tcc_callback.o
                0x00000f54                TCC2_Handler
 .text.cpu_irq_enter_critical
                0x00000f64       0x40 src/ASF/common/utils/interrupt/interrupt_sam_nvic.o
                0x00000f64                cpu_irq_enter_critical
 .text.cpu_irq_leave_critical
                0x00000fa4       0x30 src/ASF/common/utils/interrupt/interrupt_sam_nvic.o
                0x00000fa4                cpu_irq_leave_critical
 .text.system_board_init
                0x00000fd4       0x50 src/ASF/sam0/boards/samr21_xplained_pro/board_init.o
                0x00000fd4                board_init
                0x00000fd4                system_board_init
 .text.port_pin_set_config
                0x00001024       0x24 src/ASF/sam0/drivers/port/port.o
                0x00001024                port_pin_set_config
 .text.system_clock_source_get_hz
                0x00001048       0x90 src/ASF/sam0/drivers/system/clock/clock_samd21_r21_da/clock.o
                0x00001048                system_clock_source_get_hz
 .text.system_clock_source_osc8m_set_config
                0x000010d8       0x3c src/ASF/sam0/drivers/system/clock/clock_samd21_r21_da/clock.o
                0x000010d8                system_clock_source_osc8m_set_config
 .text.system_clock_source_osc32k_set_config
                0x00001114       0x88 src/ASF/sam0/drivers/system/clock/clock_samd21_r21_da/clock.o
                0x00001114                system_clock_source_osc32k_set_config
 .text.system_clock_source_xosc32k_set_config
                0x0000119c       0xd8 src/ASF/sam0/drivers/system/clock/clock_samd21_r21_da/clock.o
                0x0000119c                system_clock_source_xosc32k_set_config
 .text.system_clock_source_dfll_set_config
                0x00001274       0x84 src/ASF/sam0/drivers/system/clock/clock_samd21_r21_da/clock.o
                0x00001274                system_clock_source_dfll_set_config
 .text.system_clock_source_enable
                0x000012f8       0xa8 src/ASF/sam0/drivers/system/clock/clock_samd21_r21_da/clock.o
                0x000012f8                system_clock_source_enable
 .text.system_clock_init
                0x000013a0      0x1d0 src/ASF/sam0/drivers/system/clock/clock_samd21_r21_da/clock.o
                0x000013a0                system_clock_init
 .text.system_gclk_init
                0x00001570       0x24 src/ASF/sam0/drivers/system/clock/clock_samd21_r21_da/gclk.o
                0x00001570                system_gclk_init
 .text.system_gclk_gen_set_config
                0x00001594       0xb8 src/ASF/sam0/drivers/system/clock/clock_samd21_r21_da/gclk.o
                0x00001594                system_gclk_gen_set_config
 .text.system_gclk_gen_enable
                0x0000164c       0x44 src/ASF/sam0/drivers/system/clock/clock_samd21_r21_da/gclk.o
                0x0000164c                system_gclk_gen_enable
 .text.system_gclk_gen_get_hz
                0x00001690       0x8c src/ASF/sam0/drivers/system/clock/clock_samd21_r21_da/gclk.o
                0x00001690                system_gclk_gen_get_hz
 .text.system_gclk_chan_enable
                0x0000171c       0x30 src/ASF/sam0/drivers/system/clock/clock_samd21_r21_da/gclk.o
                0x0000171c                system_gclk_chan_enable
 .text.system_gclk_chan_disable
                0x0000174c       0x5c src/ASF/sam0/drivers/system/clock/clock_samd21_r21_da/gclk.o
                0x0000174c                system_gclk_chan_disable
 .text.system_gclk_chan_set_config
                0x000017a8       0x1c src/ASF/sam0/drivers/system/clock/clock_samd21_r21_da/gclk.o
                0x000017a8                system_gclk_chan_set_config
 .text.system_gclk_chan_get_hz
                0x000017c4       0x34 src/ASF/sam0/drivers/system/clock/clock_samd21_r21_da/gclk.o
                0x000017c4                system_gclk_chan_get_hz
 .text._system_pinmux_config
                0x000017f8       0xa8 src/ASF/sam0/drivers/system/pinmux/pinmux.o
 .text.system_pinmux_pin_set_config
                0x000018a0       0x30 src/ASF/sam0/drivers/system/pinmux/pinmux.o
                0x000018a0                system_pinmux_pin_set_config
 .text._system_dummy_init
                0x000018d0        0x4 src/ASF/sam0/drivers/system/system.o
                0x000018d0                _system_extint_init
                0x000018d0                _system_events_init
                0x000018d0                _system_dummy_init
                0x000018d0                _system_divas_init
 .text.system_init
                0x000018d4       0x2c src/ASF/sam0/drivers/system/system.o
                0x000018d4                system_init
 .text.Dummy_Handler
                0x00001900        0x4 src/ASF/sam0/utils/cmsis/samr21/source/gcc/startup_samr21.o
                0x00001900                DMAC_Handler
                0x00001900                HardFault_Handler
                0x00001900                AC_Handler
                0x00001900                SysTick_Handler
                0x00001900                PendSV_Handler
                0x00001900                NMI_Handler
                0x00001900                ADC_Handler
                0x00001900                RTC_Handler
                0x00001900                EIC_Handler
                0x00001900                WDT_Handler
                0x00001900                TC4_Handler
                0x00001900                USB_Handler
                0x00001900                TC3_Handler
                0x00001900                Dummy_Handler
                0x00001900                PM_Handler
                0x00001900                SVC_Handler
                0x00001900                EVSYS_Handler
                0x00001900                NVMCTRL_Handler
                0x00001900                PTC_Handler
                0x00001900                TC5_Handler
                0x00001900                SYSCTRL_Handler
 .text.Reset_Handler
                0x00001904       0xf8 src/ASF/sam0/utils/cmsis/samr21/source/gcc/startup_samr21.o
                0x00001904                Reset_Handler
 .text._sbrk    0x000019fc       0x24 src/ASF/sam0/utils/syscalls/gcc/syscalls.o
                0x000019fc                _sbrk
 .text._close   0x00001a20        0x8 src/ASF/sam0/utils/syscalls/gcc/syscalls.o
                0x00001a20                _close
 .text._fstat   0x00001a28        0xc src/ASF/sam0/utils/syscalls/gcc/syscalls.o
                0x00001a28                _fstat
 .text._isatty  0x00001a34        0x4 src/ASF/sam0/utils/syscalls/gcc/syscalls.o
                0x00001a34                _isatty
 .text._lseek   0x00001a38        0x4 src/ASF/sam0/utils/syscalls/gcc/syscalls.o
                0x00001a38                _lseek
 .text.green    0x00001a3c      0x47c src/main.o
                0x00001a3c                green
 .text.red      0x00001eb8      0x47c src/main.o
                0x00001eb8                red
 .text.blue     0x00002334      0x47c src/main.o
                0x00002334                blue
 .text.cyan     0x000027b0      0x468 src/main.o
                0x000027b0                cyan
 .text.yellow   0x00002c18      0x468 src/main.o
                0x00002c18                yellow
 .text.magenta  0x00003080      0x468 src/main.o
                0x00003080                magenta
 .text.neopixelDefaults
                0x000034e8       0x14 src/main.o
                0x000034e8                neopixelDefaults
 .text.neopixelBegin
                0x000034fc       0x44 src/main.o
                0x000034fc                neopixelBegin
 .text.neopixelShow
                0x00003540       0xd8 src/main.o
                0x00003540                neopixelShow
 .text.neopixel_init
                0x00003618       0x20 src/main.o
                0x00003618                neopixel_init
 .text.main     0x00003638       0xa0 src/main.o
                0x00003638                main
 .text          0x000036d8      0x120 c:/program files (x86)/atmel/studio/7.0/toolchain/arm/arm-gnu-toolchain/bin/../lib/gcc/arm-none-eabi/4.9.3/armv6-m\libgcc.a(_udivsi3.o)
                0x000036d8                __aeabi_uidiv
                0x000036d8                __udivsi3
                0x000037e4                __aeabi_uidivmod
 .text          0x000037f8        0x4 c:/program files (x86)/atmel/studio/7.0/toolchain/arm/arm-gnu-toolchain/bin/../lib/gcc/arm-none-eabi/4.9.3/armv6-m\libgcc.a(_dvmd_tls.o)
                0x000037f8                __aeabi_idiv0
                0x000037f8                __aeabi_ldiv0
 .text          0x000037fc       0x54 c:/program files (x86)/atmel/studio/7.0/toolchain/arm/arm-gnu-toolchain/bin/../lib/gcc/arm-none-eabi/4.9.3/armv6-m\libgcc.a(_muldi3.o)
                0x000037fc                __muldi3
                0x000037fc                __aeabi_lmul
 .text.__libc_init_array
                0x00003850       0x4c c:/program files (x86)/atmel/studio/7.0/toolchain/arm/arm-gnu-toolchain/bin/../lib/gcc/arm-none-eabi/4.9.3/../../../../arm-none-eabi/lib/armv6-m\libc_nano.a(lib_a-init.o)
                0x00003850                __libc_init_array
 .text.memcpy   0x0000389c       0x12 c:/program files (x86)/atmel/studio/7.0/toolchain/arm/arm-gnu-toolchain/bin/../lib/gcc/arm-none-eabi/4.9.3/../../../../arm-none-eabi/lib/armv6-m\libc_nano.a(lib_a-memcpy.o)
                0x0000389c                memcpy
 .text.memset   0x000038ae       0x10 c:/program files (x86)/atmel/studio/7.0/toolchain/arm/arm-gnu-toolchain/bin/../lib/gcc/arm-none-eabi/4.9.3/../../../../arm-none-eabi/lib/armv6-m\libc_nano.a(lib_a-memset.o)
                0x000038ae                memset
 *fill*         0x000038be        0x2 
 .text.printf   0x000038c0       0x34 c:/program files (x86)/atmel/studio/7.0/toolchain/arm/arm-gnu-toolchain/bin/../lib/gcc/arm-none-eabi/4.9.3/../../../../arm-none-eabi/lib/armv6-m\libc_nano.a(lib_a-printf.o)
                0x000038c0                iprintf
                0x000038c0                printf
 .text.setbuf   0x000038f4       0x12 c:/program files (x86)/atmel/studio/7.0/toolchain/arm/arm-gnu-toolchain/bin/../lib/gcc/arm-none-eabi/4.9.3/../../../../arm-none-eabi/lib/armv6-m\libc_nano.a(lib_a-setbuf.o)
                0x000038f4                setbuf
 *fill*         0x00003906        0x2 
 .text.setvbuf  0x00003908      0x10c c:/program files (x86)/atmel/studio/7.0/toolchain/arm/arm-gnu-toolchain/bin/../lib/gcc/arm-none-eabi/4.9.3/../../../../arm-none-eabi/lib/armv6-m\libc_nano.a(lib_a-setvbuf.o)
                0x00003908                setvbuf
 .text.__sflush_r
                0x00003a14      0x112 c:/program files (x86)/atmel/studio/7.0/toolchain/arm/arm-gnu-toolchain/bin/../lib/gcc/arm-none-eabi/4.9.3/../../../../arm-none-eabi/lib/armv6-m\libc_nano.a(lib_a-fflush.o)
                0x00003a14                __sflush_r
 *fill*         0x00003b26        0x2 
 .text._fflush_r
                0x00003b28       0x58 c:/program files (x86)/atmel/studio/7.0/toolchain/arm/arm-gnu-toolchain/bin/../lib/gcc/arm-none-eabi/4.9.3/../../../../arm-none-eabi/lib/armv6-m\libc_nano.a(lib_a-fflush.o)
                0x00003b28                _fflush_r
 .text._cleanup_r
                0x00003b80       0x10 c:/program files (x86)/atmel/studio/7.0/toolchain/arm/arm-gnu-toolchain/bin/../lib/gcc/arm-none-eabi/4.9.3/../../../../arm-none-eabi/lib/armv6-m\libc_nano.a(lib_a-findfp.o)
                0x00003b80                _cleanup_r
 .text.std.isra.0
                0x00003b90       0x48 c:/program files (x86)/atmel/studio/7.0/toolchain/arm/arm-gnu-toolchain/bin/../lib/gcc/arm-none-eabi/4.9.3/../../../../arm-none-eabi/lib/armv6-m\libc_nano.a(lib_a-findfp.o)
 .text.__sfmoreglue
                0x00003bd8       0x2c c:/program files (x86)/atmel/studio/7.0/toolchain/arm/arm-gnu-toolchain/bin/../lib/gcc/arm-none-eabi/4.9.3/../../../../arm-none-eabi/lib/armv6-m\libc_nano.a(lib_a-findfp.o)
                0x00003bd8                __sfmoreglue
 .text.__sinit  0x00003c04       0x64 c:/program files (x86)/atmel/studio/7.0/toolchain/arm/arm-gnu-toolchain/bin/../lib/gcc/arm-none-eabi/4.9.3/../../../../arm-none-eabi/lib/armv6-m\libc_nano.a(lib_a-findfp.o)
                0x00003c04                __sinit
 .text.__sfp    0x00003c68       0x7c c:/program files (x86)/atmel/studio/7.0/toolchain/arm/arm-gnu-toolchain/bin/../lib/gcc/arm-none-eabi/4.9.3/../../../../arm-none-eabi/lib/armv6-m\libc_nano.a(lib_a-findfp.o)
                0x00003c68                __sfp
 .text._fwalk_reent
                0x00003ce4       0x42 c:/program files (x86)/atmel/studio/7.0/toolchain/arm/arm-gnu-toolchain/bin/../lib/gcc/arm-none-eabi/4.9.3/../../../../arm-none-eabi/lib/armv6-m\libc_nano.a(lib_a-fwalk.o)
                0x00003ce4                _fwalk_reent
 *fill*         0x00003d26        0x2 
 .text.malloc   0x00003d28       0x14 c:/program files (x86)/atmel/studio/7.0/toolchain/arm/arm-gnu-toolchain/bin/../lib/gcc/arm-none-eabi/4.9.3/../../../../arm-none-eabi/lib/armv6-m\libc_nano.a(lib_a-malloc.o)
                0x00003d28                malloc
 .text._free_r  0x00003d3c       0x8c c:/program files (x86)/atmel/studio/7.0/toolchain/arm/arm-gnu-toolchain/bin/../lib/gcc/arm-none-eabi/4.9.3/../../../../arm-none-eabi/lib/armv6-m\libc_nano.a(lib_a-nano-freer.o)
                0x00003d3c                _free_r
 .text._malloc_r
                0x00003dc8       0xb0 c:/program files (x86)/atmel/studio/7.0/toolchain/arm/arm-gnu-toolchain/bin/../lib/gcc/arm-none-eabi/4.9.3/../../../../arm-none-eabi/lib/armv6-m\libc_nano.a(lib_a-nano-mallocr.o)
                0x00003dc8                _malloc_r
 .text.__sfputc_r
                0x00003e78       0x2a c:/program files (x86)/atmel/studio/7.0/toolchain/arm/arm-gnu-toolchain/bin/../lib/gcc/arm-none-eabi/4.9.3/../../../../arm-none-eabi/lib/armv6-m\libc_nano.a(lib_a-nano-vfprintf.o)
 .text.__sfputs_r
                0x00003ea2       0x24 c:/program files (x86)/atmel/studio/7.0/toolchain/arm/arm-gnu-toolchain/bin/../lib/gcc/arm-none-eabi/4.9.3/../../../../arm-none-eabi/lib/armv6-m\libc_nano.a(lib_a-nano-vfprintf.o)
                0x00003ea2                __sfputs_r
 *fill*         0x00003ec6        0x2 
 .text._vfprintf_r
                0x00003ec8      0x220 c:/program files (x86)/atmel/studio/7.0/toolchain/arm/arm-gnu-toolchain/bin/../lib/gcc/arm-none-eabi/4.9.3/../../../../arm-none-eabi/lib/armv6-m\libc_nano.a(lib_a-nano-vfprintf.o)
                0x00003ec8                _vfprintf_r
                0x00003ec8                _vfiprintf_r
 .text._printf_common
                0x000040e8       0xdc c:/program files (x86)/atmel/studio/7.0/toolchain/arm/arm-gnu-toolchain/bin/../lib/gcc/arm-none-eabi/4.9.3/../../../../arm-none-eabi/lib/armv6-m\libc_nano.a(lib_a-nano-vfprintf_i.o)
                0x000040e8                _printf_common
 .text._printf_i
                0x000041c4      0x230 c:/program files (x86)/atmel/studio/7.0/toolchain/arm/arm-gnu-toolchain/bin/../lib/gcc/arm-none-eabi/4.9.3/../../../../arm-none-eabi/lib/armv6-m\libc_nano.a(lib_a-nano-vfprintf_i.o)
                0x000041c4                _printf_i
 .text._sbrk_r  0x000043f4       0x24 c:/program files (x86)/atmel/studio/7.0/toolchain/arm/arm-gnu-toolchain/bin/../lib/gcc/arm-none-eabi/4.9.3/../../../../arm-none-eabi/lib/armv6-m\libc_nano.a(lib_a-sbrkr.o)
                0x000043f4                _sbrk_r
 .text.__sread  0x00004418       0x28 c:/program files (x86)/atmel/studio/7.0/toolchain/arm/arm-gnu-toolchain/bin/../lib/gcc/arm-none-eabi/4.9.3/../../../../arm-none-eabi/lib/armv6-m\libc_nano.a(lib_a-stdio.o)
                0x00004418                __sread
 .text.__swrite
                0x00004440       0x38 c:/program files (x86)/atmel/studio/7.0/toolchain/arm/arm-gnu-toolchain/bin/../lib/gcc/arm-none-eabi/4.9.3/../../../../arm-none-eabi/lib/armv6-m\libc_nano.a(lib_a-stdio.o)
                0x00004440                __swrite
 .text.__sseek  0x00004478       0x2c c:/program files (x86)/atmel/studio/7.0/toolchain/arm/arm-gnu-toolchain/bin/../lib/gcc/arm-none-eabi/4.9.3/../../../../arm-none-eabi/lib/armv6-m\libc_nano.a(lib_a-stdio.o)
                0x00004478                __sseek
 .text.__sclose
                0x000044a4        0xc c:/program files (x86)/atmel/studio/7.0/toolchain/arm/arm-gnu-toolchain/bin/../lib/gcc/arm-none-eabi/4.9.3/../../../../arm-none-eabi/lib/armv6-m\libc_nano.a(lib_a-stdio.o)
                0x000044a4                __sclose
 .text.__swbuf_r
                0x000044b0       0xb0 c:/program files (x86)/atmel/studio/7.0/toolchain/arm/arm-gnu-toolchain/bin/../lib/gcc/arm-none-eabi/4.9.3/../../../../arm-none-eabi/lib/armv6-m\libc_nano.a(lib_a-wbuf.o)
                0x000044b0                __swbuf_r
 .text._write_r
                0x00004560       0x28 c:/program files (x86)/atmel/studio/7.0/toolchain/arm/arm-gnu-toolchain/bin/../lib/gcc/arm-none-eabi/4.9.3/../../../../arm-none-eabi/lib/armv6-m\libc_nano.a(lib_a-writer.o)
                0x00004560                _write_r
 .text.__swsetup_r
                0x00004588       0xe8 c:/program files (x86)/atmel/studio/7.0/toolchain/arm/arm-gnu-toolchain/bin/../lib/gcc/arm-none-eabi/4.9.3/../../../../arm-none-eabi/lib/armv6-m\libc_nano.a(lib_a-wsetup.o)
                0x00004588                __swsetup_r
 .text._close_r
                0x00004670       0x24 c:/program files (x86)/atmel/studio/7.0/toolchain/arm/arm-gnu-toolchain/bin/../lib/gcc/arm-none-eabi/4.9.3/../../../../arm-none-eabi/lib/armv6-m\libc_nano.a(lib_a-closer.o)
                0x00004670                _close_r
 .text._lseek_r
                0x00004694       0x28 c:/program files (x86)/atmel/studio/7.0/toolchain/arm/arm-gnu-toolchain/bin/../lib/gcc/arm-none-eabi/4.9.3/../../../../arm-none-eabi/lib/armv6-m\libc_nano.a(lib_a-lseekr.o)
                0x00004694                _lseek_r
 .text.__smakebuf_r
                0x000046bc       0xb0 c:/program files (x86)/atmel/studio/7.0/toolchain/arm/arm-gnu-toolchain/bin/../lib/gcc/arm-none-eabi/4.9.3/../../../../arm-none-eabi/lib/armv6-m\libc_nano.a(lib_a-makebuf.o)
                0x000046bc                __smakebuf_r
 .text.memchr   0x0000476c       0x16 c:/program files (x86)/atmel/studio/7.0/toolchain/arm/arm-gnu-toolchain/bin/../lib/gcc/arm-none-eabi/4.9.3/../../../../arm-none-eabi/lib/armv6-m\libc_nano.a(lib_a-memchr.o)
                0x0000476c                memchr
 *fill*         0x00004782        0x2 
 .text._read_r  0x00004784       0x28 c:/program files (x86)/atmel/studio/7.0/toolchain/arm/arm-gnu-toolchain/bin/../lib/gcc/arm-none-eabi/4.9.3/../../../../arm-none-eabi/lib/armv6-m\libc_nano.a(lib_a-readr.o)
                0x00004784                _read_r
 .text._fstat_r
                0x000047ac       0x24 c:/program files (x86)/atmel/studio/7.0/toolchain/arm/arm-gnu-toolchain/bin/../lib/gcc/arm-none-eabi/4.9.3/../../../../arm-none-eabi/lib/armv6-m\libc_nano.a(lib_a-fstatr.o)
                0x000047ac                _fstat_r
 .text._isatty_r
                0x000047d0       0x24 c:/program files (x86)/atmel/studio/7.0/toolchain/arm/arm-gnu-toolchain/bin/../lib/gcc/arm-none-eabi/4.9.3/../../../../arm-none-eabi/lib/armv6-m\libc_nano.a(lib_a-isattyr.o)
                0x000047d0                _isatty_r
 *(.glue_7t)
 .glue_7t       0x00000000        0x0 linker stubs
 *(.glue_7)
 .glue_7        0x00000000        0x0 linker stubs
 *(.rodata .rodata* .gnu.linkonce.r.*)
 .rodata        0x000047f4       0x18 src/ASF/sam0/drivers/sercom/sercom.o
 .rodata        0x0000480c        0x6 src/ASF/sam0/drivers/sercom/sercom_interrupt.o
 *fill*         0x00004812        0x2 
 .rodata._tcc_intflag
                0x00004814       0x30 src/ASF/sam0/drivers/tcc/tcc_callback.o
                0x00004814                _tcc_intflag
 .rodata.system_clock_source_get_hz
                0x00004844       0x24 src/ASF/sam0/drivers/system/clock/clock_samd21_r21_da/clock.o
 .rodata.system_clock_source_enable
                0x00004868       0x24 src/ASF/sam0/drivers/system/clock/clock_samd21_r21_da/clock.o
 .rodata        0x0000488c       0xa5 src/main.o
 *fill*         0x00004931        0x3 
 .rodata.str1.4
                0x00004934      0x150 src/main.o
                                0x14f (size before relaxing)
 .rodata.str1.1
                0x00004a84        0x2 c:/program files (x86)/atmel/studio/7.0/toolchain/arm/arm-gnu-toolchain/bin/../lib/gcc/arm-none-eabi/4.9.3/../../../../arm-none-eabi/lib/armv6-m\libc_nano.a(lib_a-impure.o)
 *fill*         0x00004a86        0x2 
 .rodata._global_impure_ptr
                0x00004a88        0x4 c:/program files (x86)/atmel/studio/7.0/toolchain/arm/arm-gnu-toolchain/bin/../lib/gcc/arm-none-eabi/4.9.3/../../../../arm-none-eabi/lib/armv6-m\libc_nano.a(lib_a-impure.o)
                0x00004a88                _global_impure_ptr
 .rodata.__sf_fake_stdin
                0x00004a8c       0x20 c:/program files (x86)/atmel/studio/7.0/toolchain/arm/arm-gnu-toolchain/bin/../lib/gcc/arm-none-eabi/4.9.3/../../../../arm-none-eabi/lib/armv6-m\libc_nano.a(lib_a-findfp.o)
                0x00004a8c                __sf_fake_stdin
 .rodata.__sf_fake_stdout
                0x00004aac       0x20 c:/program files (x86)/atmel/studio/7.0/toolchain/arm/arm-gnu-toolchain/bin/../lib/gcc/arm-none-eabi/4.9.3/../../../../arm-none-eabi/lib/armv6-m\libc_nano.a(lib_a-findfp.o)
                0x00004aac                __sf_fake_stdout
 .rodata.__sf_fake_stderr
                0x00004acc       0x20 c:/program files (x86)/atmel/studio/7.0/toolchain/arm/arm-gnu-toolchain/bin/../lib/gcc/arm-none-eabi/4.9.3/../../../../arm-none-eabi/lib/armv6-m\libc_nano.a(lib_a-findfp.o)
                0x00004acc                __sf_fake_stderr
 .rodata.str1.1
                0x00004aec       0x11 c:/program files (x86)/atmel/studio/7.0/toolchain/arm/arm-gnu-toolchain/bin/../lib/gcc/arm-none-eabi/4.9.3/../../../../arm-none-eabi/lib/armv6-m\libc_nano.a(lib_a-nano-vfprintf.o)
 .rodata.str1.1
                0x00004afd       0x22 c:/program files (x86)/atmel/studio/7.0/toolchain/arm/arm-gnu-toolchain/bin/../lib/gcc/arm-none-eabi/4.9.3/../../../../arm-none-eabi/lib/armv6-m\libc_nano.a(lib_a-nano-vfprintf_i.o)
 *(.ARM.extab* .gnu.linkonce.armextab.*)
                0x00004b20                . = ALIGN (0x4)
 *fill*         0x00004b1f        0x1 
 *(.init)
 .init          0x00004b20        0x4 c:/program files (x86)/atmel/studio/7.0/toolchain/arm/arm-gnu-toolchain/bin/../lib/gcc/arm-none-eabi/4.9.3/armv6-m/crti.o
                0x00004b20                _init
 .init          0x00004b24        0x8 c:/program files (x86)/atmel/studio/7.0/toolchain/arm/arm-gnu-toolchain/bin/../lib/gcc/arm-none-eabi/4.9.3/armv6-m/crtn.o
                0x00004b2c                . = ALIGN (0x4)
                0x00004b2c                __preinit_array_start = .
 *(.preinit_array)
                0x00004b2c                __preinit_array_end = .
                0x00004b2c                . = ALIGN (0x4)
                0x00004b2c                __init_array_start = .
 *(SORT(.init_array.*))
 *(.init_array)
 .init_array    0x00004b2c        0x4 c:/program files (x86)/atmel/studio/7.0/toolchain/arm/arm-gnu-toolchain/bin/../lib/gcc/arm-none-eabi/4.9.3/armv6-m/crtbegin.o
                0x00004b30                __init_array_end = .
                0x00004b30                . = ALIGN (0x4)
 *crtbegin.o(.ctors)
 *(EXCLUDE_FILE(*crtend.o) .ctors)
 *(SORT(.ctors.*))
 *crtend.o(.ctors)
                0x00004b30                . = ALIGN (0x4)
 *(.fini)
 .fini          0x00004b30        0x4 c:/program files (x86)/atmel/studio/7.0/toolchain/arm/arm-gnu-toolchain/bin/../lib/gcc/arm-none-eabi/4.9.3/armv6-m/crti.o
                0x00004b30                _fini
 .fini          0x00004b34        0x8 c:/program files (x86)/atmel/studio/7.0/toolchain/arm/arm-gnu-toolchain/bin/../lib/gcc/arm-none-eabi/4.9.3/armv6-m/crtn.o
                0x00004b3c                . = ALIGN (0x4)
                0x00004b3c                __fini_array_start = .
 *(.fini_array)
 .fini_array    0x00004b3c        0x4 c:/program files (x86)/atmel/studio/7.0/toolchain/arm/arm-gnu-toolchain/bin/../lib/gcc/arm-none-eabi/4.9.3/armv6-m/crtbegin.o
 *(SORT(.fini_array.*))
                0x00004b40                __fini_array_end = .
 *crtbegin.o(.dtors)
 *(EXCLUDE_FILE(*crtend.o) .dtors)
 *(SORT(.dtors.*))
 *crtend.o(.dtors)
                0x00004b40                . = ALIGN (0x4)
                0x00004b40                _efixed = .
                0x00004b40                PROVIDE (__exidx_start, .)

.vfp11_veneer   0x00004b40        0x0
 .vfp11_veneer  0x00000000        0x0 linker stubs

.v4_bx          0x00004b40        0x0
 .v4_bx         0x00000000        0x0 linker stubs

.iplt           0x00004b40        0x0
 .iplt          0x00000000        0x0 c:/program files (x86)/atmel/studio/7.0/toolchain/arm/arm-gnu-toolchain/bin/../lib/gcc/arm-none-eabi/4.9.3/armv6-m/crtbegin.o

.eh_frame       0x00004b40        0x0
 .eh_frame      0x00004b40        0x0 c:/program files (x86)/atmel/studio/7.0/toolchain/arm/arm-gnu-toolchain/bin/../lib/gcc/arm-none-eabi/4.9.3/armv6-m/crtbegin.o

.rel.dyn        0x00004b40        0x0
 .rel.iplt      0x00000000        0x0 c:/program files (x86)/atmel/studio/7.0/toolchain/arm/arm-gnu-toolchain/bin/../lib/gcc/arm-none-eabi/4.9.3/armv6-m/crtbegin.o

.jcr            0x00004b40        0x0
 .jcr           0x00004b40        0x0 c:/program files (x86)/atmel/studio/7.0/toolchain/arm/arm-gnu-toolchain/bin/../lib/gcc/arm-none-eabi/4.9.3/armv6-m/crtbegin.o

.igot.plt       0x00004b40        0x0
 .igot.plt      0x00000000        0x0 c:/program files (x86)/atmel/studio/7.0/toolchain/arm/arm-gnu-toolchain/bin/../lib/gcc/arm-none-eabi/4.9.3/armv6-m/crtbegin.o

.ARM.exidx
 *(.ARM.exidx* .gnu.linkonce.armexidx.*)
                0x00004b40                PROVIDE (__exidx_end, .)
                0x00004b40                . = ALIGN (0x4)
                0x00004b40                _etext = .

.relocate       0x20000000       0x70 load address 0x00004b40
                0x20000000                . = ALIGN (0x4)
                0x20000000                _srelocate = .
 *(.ramfunc .ramfunc.*)
 *(.data .data.*)
 .data.cycles_per_us
                0x20000000        0x4 src/ASF/common2/services/delay/sam0/systick_counter.o
 .data.cycles_per_ms
                0x20000004        0x4 src/ASF/common2/services/delay/sam0/systick_counter.o
 .data.g_interrupt_enabled
                0x20000008        0x1 src/ASF/common/utils/interrupt/interrupt_sam_nvic.o
                0x20000008                g_interrupt_enabled
 *fill*         0x20000009        0x3 
 .data.impure_data
                0x2000000c       0x60 c:/program files (x86)/atmel/studio/7.0/toolchain/arm/arm-gnu-toolchain/bin/../lib/gcc/arm-none-eabi/4.9.3/../../../../arm-none-eabi/lib/armv6-m\libc_nano.a(lib_a-impure.o)
 .data._impure_ptr
                0x2000006c        0x4 c:/program files (x86)/atmel/studio/7.0/toolchain/arm/arm-gnu-toolchain/bin/../lib/gcc/arm-none-eabi/4.9.3/../../../../arm-none-eabi/lib/armv6-m\libc_nano.a(lib_a-impure.o)
                0x2000006c                _impure_ptr
                0x20000070                . = ALIGN (0x4)
                0x20000070                _erelocate = .

.bss            0x20000070      0x18c load address 0x00004bb0
                0x20000070                . = ALIGN (0x4)
                0x20000070                _sbss = .
                0x20000070                _szero = .
 *(.bss .bss.*)
 .bss           0x20000070       0x1c c:/program files (x86)/atmel/studio/7.0/toolchain/arm/arm-gnu-toolchain/bin/../lib/gcc/arm-none-eabi/4.9.3/armv6-m/crtbegin.o
 .bss._sercom_config
                0x2000008c        0x2 src/ASF/sam0/drivers/sercom/sercom.o
 *fill*         0x2000008e        0x2 
 .bss.serial_rx_buf
                0x20000090       0x9c src/ASF/thirdparty/wireless/addons/sio2host/uart/sio2host.o
 .bss.host_uart_module
                0x2000012c       0x34 src/ASF/thirdparty/wireless/addons/sio2host/uart/sio2host.o
 .bss.serial_rx_buf_tail
                0x20000160        0x1 src/ASF/thirdparty/wireless/addons/sio2host/uart/sio2host.o
 .bss._handler_table_initialized
                0x20000161        0x1 src/ASF/sam0/drivers/sercom/sercom_interrupt.o
 *fill*         0x20000162        0x2 
 .bss._sercom_interrupt_handlers
                0x20000164       0x18 src/ASF/sam0/drivers/sercom/sercom_interrupt.o
 .bss.cpu_irq_critical_section_counter
                0x2000017c        0x4 src/ASF/common/utils/interrupt/interrupt_sam_nvic.o
 .bss.cpu_irq_prev_interrupt_state
                0x20000180        0x1 src/ASF/common/utils/interrupt/interrupt_sam_nvic.o
 *fill*         0x20000181        0x3 
 .bss._system_clock_inst
                0x20000184       0x18 src/ASF/sam0/drivers/system/clock/clock_samd21_r21_da/clock.o
 .bss.heap.5211
                0x2000019c        0x4 src/ASF/sam0/utils/syscalls/gcc/syscalls.o
 .bss.__malloc_sbrk_start
                0x200001a0        0x4 c:/program files (x86)/atmel/studio/7.0/toolchain/arm/arm-gnu-toolchain/bin/../lib/gcc/arm-none-eabi/4.9.3/../../../../arm-none-eabi/lib/armv6-m\libc_nano.a(lib_a-nano-mallocr.o)
                0x200001a0                __malloc_sbrk_start
 .bss.__malloc_free_list
                0x200001a4        0x4 c:/program files (x86)/atmel/studio/7.0/toolchain/arm/arm-gnu-toolchain/bin/../lib/gcc/arm-none-eabi/4.9.3/../../../../arm-none-eabi/lib/armv6-m\libc_nano.a(lib_a-nano-mallocr.o)
                0x200001a4                __malloc_free_list
 *(COMMON)
 COMMON         0x200001a8        0x4 src/ASF/sam0/utils/stdio/read.o
                0x200001a8                ptr_get
 COMMON         0x200001ac        0x8 src/ASF/sam0/utils/stdio/write.o
                0x200001ac                ptr_put
                0x200001b0                stdio_base
 COMMON         0x200001b4       0x18 src/ASF/sam0/drivers/sercom/sercom_interrupt.o
                0x200001b4                _sercom_instances
 COMMON         0x200001cc        0xc src/ASF/sam0/drivers/tcc/tcc_callback.o
                0x200001cc                _tcc_instances
 COMMON         0x200001d8       0x1d src/main.o
                0x200001d8                neo
                0x200001e0                duration
                0x200001e4                num
                0x200001e8                wholenote
                0x200001ec                note
                0x200001f0                songPtr
                0x200001f4                scale
 *fill*         0x200001f5        0x3 
 COMMON         0x200001f8        0x4 c:/program files (x86)/atmel/studio/7.0/toolchain/arm/arm-gnu-toolchain/bin/../lib/gcc/arm-none-eabi/4.9.3/../../../../arm-none-eabi/lib/armv6-m\libc_nano.a(lib_a-reent.o)
                0x200001f8                errno
                0x200001fc                . = ALIGN (0x4)
                0x200001fc                _ebss = .
                0x200001fc                _ezero = .

.stack          0x200001fc     0x2004 load address 0x00004d3c
                0x20000200                . = ALIGN (0x8)
 *fill*         0x200001fc        0x4 
                0x20000200                _sstack = .
                0x20002200                . = (. + STACK_SIZE)
 *fill*         0x20000200     0x2000 
                0x20002200                . = ALIGN (0x8)
                0x20002200                _estack = .
                0x20002200                . = ALIGN (0x4)
                0x20002200                _end = .
OUTPUT(Neopixel.elf elf32-littlearm)

.ARM.attributes
                0x00000000       0x28
 .ARM.attributes
                0x00000000       0x1e c:/program files (x86)/atmel/studio/7.0/toolchain/arm/arm-gnu-toolchain/bin/../lib/gcc/arm-none-eabi/4.9.3/armv6-m/crti.o
 .ARM.attributes
                0x0000001e       0x2c c:/program files (x86)/atmel/studio/7.0/toolchain/arm/arm-gnu-toolchain/bin/../lib/gcc/arm-none-eabi/4.9.3/armv6-m/crtbegin.o
 .ARM.attributes
                0x0000004a       0x32 src/ASF/common2/services/delay/sam0/systick_counter.o
 .ARM.attributes
                0x0000007c       0x32 src/ASF/sam0/drivers/sercom/sercom.o
 .ARM.attributes
                0x000000ae       0x32 src/ASF/sam0/utils/stdio/read.o
 .ARM.attributes
                0x000000e0       0x32 src/ASF/sam0/utils/stdio/write.o
 .ARM.attributes
                0x00000112       0x32 src/ASF/thirdparty/wireless/addons/sio2host/uart/sio2host.o
 .ARM.attributes
                0x00000144       0x32 src/ASF/sam0/drivers/sercom/usart/usart.o
 .ARM.attributes
                0x00000176       0x32 src/ASF/sam0/drivers/sercom/usart/usart_interrupt.o
 .ARM.attributes
                0x000001a8       0x32 src/ASF/sam0/drivers/sercom/sercom_interrupt.o
 .ARM.attributes
                0x000001da       0x32 src/ASF/sam0/drivers/tcc/tcc_callback.o
 .ARM.attributes
                0x0000020c       0x32 src/ASF/common/utils/interrupt/interrupt_sam_nvic.o
 .ARM.attributes
                0x0000023e       0x32 src/ASF/sam0/boards/samr21_xplained_pro/board_init.o
 .ARM.attributes
                0x00000270       0x32 src/ASF/sam0/drivers/port/port.o
 .ARM.attributes
                0x000002a2       0x32 src/ASF/sam0/drivers/system/clock/clock_samd21_r21_da/clock.o
 .ARM.attributes
                0x000002d4       0x32 src/ASF/sam0/drivers/system/clock/clock_samd21_r21_da/gclk.o
 .ARM.attributes
                0x00000306       0x32 src/ASF/sam0/drivers/system/pinmux/pinmux.o
 .ARM.attributes
                0x00000338       0x32 src/ASF/sam0/drivers/system/system.o
 .ARM.attributes
                0x0000036a       0x32 src/ASF/sam0/utils/cmsis/samr21/source/gcc/startup_samr21.o
 .ARM.attributes
                0x0000039c       0x32 src/ASF/sam0/utils/syscalls/gcc/syscalls.o
 .ARM.attributes
                0x000003ce       0x32 src/main.o
 .ARM.attributes
                0x00000400       0x1e c:/program files (x86)/atmel/studio/7.0/toolchain/arm/arm-gnu-toolchain/bin/../lib/gcc/arm-none-eabi/4.9.3/armv6-m\libgcc.a(_udivsi3.o)
 .ARM.attributes
                0x0000041e       0x1e c:/program files (x86)/atmel/studio/7.0/toolchain/arm/arm-gnu-toolchain/bin/../lib/gcc/arm-none-eabi/4.9.3/armv6-m\libgcc.a(_dvmd_tls.o)
 .ARM.attributes
                0x0000043c       0x2c c:/program files (x86)/atmel/studio/7.0/toolchain/arm/arm-gnu-toolchain/bin/../lib/gcc/arm-none-eabi/4.9.3/armv6-m\libgcc.a(_muldi3.o)
 .ARM.attributes
                0x00000468       0x2c c:/program files (x86)/atmel/studio/7.0/toolchain/arm/arm-gnu-toolchain/bin/../lib/gcc/arm-none-eabi/4.9.3/../../../../arm-none-eabi/lib/armv6-m\libc_nano.a(lib_a-impure.o)
 .ARM.attributes
                0x00000494       0x2c c:/program files (x86)/atmel/studio/7.0/toolchain/arm/arm-gnu-toolchain/bin/../lib/gcc/arm-none-eabi/4.9.3/../../../../arm-none-eabi/lib/armv6-m\libc_nano.a(lib_a-init.o)
 .ARM.attributes
                0x000004c0       0x2c c:/program files (x86)/atmel/studio/7.0/toolchain/arm/arm-gnu-toolchain/bin/../lib/gcc/arm-none-eabi/4.9.3/../../../../arm-none-eabi/lib/armv6-m\libc_nano.a(lib_a-memcpy.o)
 .ARM.attributes
                0x000004ec       0x2c c:/program files (x86)/atmel/studio/7.0/toolchain/arm/arm-gnu-toolchain/bin/../lib/gcc/arm-none-eabi/4.9.3/../../../../arm-none-eabi/lib/armv6-m\libc_nano.a(lib_a-memset.o)
 .ARM.attributes
                0x00000518       0x2c c:/program files (x86)/atmel/studio/7.0/toolchain/arm/arm-gnu-toolchain/bin/../lib/gcc/arm-none-eabi/4.9.3/../../../../arm-none-eabi/lib/armv6-m\libc_nano.a(lib_a-printf.o)
 .ARM.attributes
                0x00000544       0x2c c:/program files (x86)/atmel/studio/7.0/toolchain/arm/arm-gnu-toolchain/bin/../lib/gcc/arm-none-eabi/4.9.3/../../../../arm-none-eabi/lib/armv6-m\libc_nano.a(lib_a-setbuf.o)
 .ARM.attributes
                0x00000570       0x2c c:/program files (x86)/atmel/studio/7.0/toolchain/arm/arm-gnu-toolchain/bin/../lib/gcc/arm-none-eabi/4.9.3/../../../../arm-none-eabi/lib/armv6-m\libc_nano.a(lib_a-setvbuf.o)
 .ARM.attributes
                0x0000059c       0x2c c:/program files (x86)/atmel/studio/7.0/toolchain/arm/arm-gnu-toolchain/bin/../lib/gcc/arm-none-eabi/4.9.3/../../../../arm-none-eabi/lib/armv6-m\libc_nano.a(lib_a-fflush.o)
 .ARM.attributes
                0x000005c8       0x2c c:/program files (x86)/atmel/studio/7.0/toolchain/arm/arm-gnu-toolchain/bin/../lib/gcc/arm-none-eabi/4.9.3/../../../../arm-none-eabi/lib/armv6-m\libc_nano.a(lib_a-findfp.o)
 .ARM.attributes
                0x000005f4       0x2c c:/program files (x86)/atmel/studio/7.0/toolchain/arm/arm-gnu-toolchain/bin/../lib/gcc/arm-none-eabi/4.9.3/../../../../arm-none-eabi/lib/armv6-m\libc_nano.a(lib_a-fwalk.o)
 .ARM.attributes
                0x00000620       0x2c c:/program files (x86)/atmel/studio/7.0/toolchain/arm/arm-gnu-toolchain/bin/../lib/gcc/arm-none-eabi/4.9.3/../../../../arm-none-eabi/lib/armv6-m\libc_nano.a(lib_a-malloc.o)
 .ARM.attributes
                0x0000064c       0x2c c:/program files (x86)/atmel/studio/7.0/toolchain/arm/arm-gnu-toolchain/bin/../lib/gcc/arm-none-eabi/4.9.3/../../../../arm-none-eabi/lib/armv6-m\libc_nano.a(lib_a-nano-freer.o)
 .ARM.attributes
                0x00000678       0x2c c:/program files (x86)/atmel/studio/7.0/toolchain/arm/arm-gnu-toolchain/bin/../lib/gcc/arm-none-eabi/4.9.3/../../../../arm-none-eabi/lib/armv6-m\libc_nano.a(lib_a-nano-mallocr.o)
 .ARM.attributes
                0x000006a4       0x2c c:/program files (x86)/atmel/studio/7.0/toolchain/arm/arm-gnu-toolchain/bin/../lib/gcc/arm-none-eabi/4.9.3/../../../../arm-none-eabi/lib/armv6-m\libc_nano.a(lib_a-nano-vfprintf.o)
 .ARM.attributes
                0x000006d0       0x2c c:/program files (x86)/atmel/studio/7.0/toolchain/arm/arm-gnu-toolchain/bin/../lib/gcc/arm-none-eabi/4.9.3/../../../../arm-none-eabi/lib/armv6-m\libc_nano.a(lib_a-nano-vfprintf_i.o)
 .ARM.attributes
                0x000006fc       0x2c c:/program files (x86)/atmel/studio/7.0/toolchain/arm/arm-gnu-toolchain/bin/../lib/gcc/arm-none-eabi/4.9.3/../../../../arm-none-eabi/lib/armv6-m\libc_nano.a(lib_a-sbrkr.o)
 .ARM.attributes
                0x00000728       0x2c c:/program files (x86)/atmel/studio/7.0/toolchain/arm/arm-gnu-toolchain/bin/../lib/gcc/arm-none-eabi/4.9.3/../../../../arm-none-eabi/lib/armv6-m\libc_nano.a(lib_a-stdio.o)
 .ARM.attributes
                0x00000754       0x2c c:/program files (x86)/atmel/studio/7.0/toolchain/arm/arm-gnu-toolchain/bin/../lib/gcc/arm-none-eabi/4.9.3/../../../../arm-none-eabi/lib/armv6-m\libc_nano.a(lib_a-wbuf.o)
 .ARM.attributes
                0x00000780       0x2c c:/program files (x86)/atmel/studio/7.0/toolchain/arm/arm-gnu-toolchain/bin/../lib/gcc/arm-none-eabi/4.9.3/../../../../arm-none-eabi/lib/armv6-m\libc_nano.a(lib_a-writer.o)
 .ARM.attributes
                0x000007ac       0x2c c:/program files (x86)/atmel/studio/7.0/toolchain/arm/arm-gnu-toolchain/bin/../lib/gcc/arm-none-eabi/4.9.3/../../../../arm-none-eabi/lib/armv6-m\libc_nano.a(lib_a-wsetup.o)
 .ARM.attributes
                0x000007d8       0x2c c:/program files (x86)/atmel/studio/7.0/toolchain/arm/arm-gnu-toolchain/bin/../lib/gcc/arm-none-eabi/4.9.3/../../../../arm-none-eabi/lib/armv6-m\libc_nano.a(lib_a-closer.o)
 .ARM.attributes
                0x00000804       0x2c c:/program files (x86)/atmel/studio/7.0/toolchain/arm/arm-gnu-toolchain/bin/../lib/gcc/arm-none-eabi/4.9.3/../../../../arm-none-eabi/lib/armv6-m\libc_nano.a(lib_a-lseekr.o)
 .ARM.attributes
                0x00000830       0x2c c:/program files (x86)/atmel/studio/7.0/toolchain/arm/arm-gnu-toolchain/bin/../lib/gcc/arm-none-eabi/4.9.3/../../../../arm-none-eabi/lib/armv6-m\libc_nano.a(lib_a-makebuf.o)
 .ARM.attributes
                0x0000085c       0x2c c:/program files (x86)/atmel/studio/7.0/toolchain/arm/arm-gnu-toolchain/bin/../lib/gcc/arm-none-eabi/4.9.3/../../../../arm-none-eabi/lib/armv6-m\libc_nano.a(lib_a-memchr.o)
 .ARM.attributes
                0x00000888       0x2c c:/program files (x86)/atmel/studio/7.0/toolchain/arm/arm-gnu-toolchain/bin/../lib/gcc/arm-none-eabi/4.9.3/../../../../arm-none-eabi/lib/armv6-m\libc_nano.a(lib_a-readr.o)
 .ARM.attributes
                0x000008b4       0x2c c:/program files (x86)/atmel/studio/7.0/toolchain/arm/arm-gnu-toolchain/bin/../lib/gcc/arm-none-eabi/4.9.3/../../../../arm-none-eabi/lib/armv6-m\libc_nano.a(lib_a-reent.o)
 .ARM.attributes
                0x000008e0       0x2c c:/program files (x86)/atmel/studio/7.0/toolchain/arm/arm-gnu-toolchain/bin/../lib/gcc/arm-none-eabi/4.9.3/../../../../arm-none-eabi/lib/armv6-m\libc_nano.a(lib_a-fstatr.o)
 .ARM.attributes
                0x0000090c       0x2c c:/program files (x86)/atmel/studio/7.0/toolchain/arm/arm-gnu-toolchain/bin/../lib/gcc/arm-none-eabi/4.9.3/../../../../arm-none-eabi/lib/armv6-m\libc_nano.a(lib_a-isattyr.o)
 .ARM.attributes
                0x00000938       0x1e c:/program files (x86)/atmel/studio/7.0/toolchain/arm/arm-gnu-toolchain/bin/../lib/gcc/arm-none-eabi/4.9.3/armv6-m/crtn.o

.comment        0x00000000       0x5b
 .comment       0x00000000       0x5b src/ASF/common2/services/delay/sam0/systick_counter.o
                                 0x5c (size before relaxing)
 .comment       0x00000000       0x5c src/ASF/sam0/drivers/sercom/sercom.o
 .comment       0x00000000       0x5c src/ASF/sam0/utils/stdio/read.o
 .comment       0x00000000       0x5c src/ASF/sam0/utils/stdio/write.o
 .comment       0x00000000       0x5c src/ASF/thirdparty/wireless/addons/sio2host/uart/sio2host.o
 .comment       0x00000000       0x5c src/ASF/sam0/drivers/sercom/usart/usart.o
 .comment       0x00000000       0x5c src/ASF/sam0/drivers/sercom/usart/usart_interrupt.o
 .comment       0x00000000       0x5c src/ASF/sam0/drivers/sercom/sercom_interrupt.o
 .comment       0x00000000       0x5c src/ASF/sam0/drivers/tcc/tcc_callback.o
 .comment       0x00000000       0x5c src/ASF/common/utils/interrupt/interrupt_sam_nvic.o
 .comment       0x00000000       0x5c src/ASF/sam0/boards/samr21_xplained_pro/board_init.o
 .comment       0x00000000       0x5c src/ASF/sam0/drivers/port/port.o
 .comment       0x00000000       0x5c src/ASF/sam0/drivers/system/clock/clock_samd21_r21_da/clock.o
 .comment       0x00000000       0x5c src/ASF/sam0/drivers/system/clock/clock_samd21_r21_da/gclk.o
 .comment       0x00000000       0x5c src/ASF/sam0/drivers/system/pinmux/pinmux.o
 .comment       0x00000000       0x5c src/ASF/sam0/drivers/system/system.o
 .comment       0x00000000       0x5c src/ASF/sam0/utils/cmsis/samr21/source/gcc/startup_samr21.o
 .comment       0x00000000       0x5c src/ASF/sam0/utils/syscalls/gcc/syscalls.o
 .comment       0x00000000       0x5c src/main.o

.debug_info     0x00000000    0x24108
 .debug_info    0x00000000      0x269 src/ASF/common2/services/delay/sam0/systick_counter.o
 .debug_info    0x00000269     0x252d src/ASF/sam0/drivers/sercom/sercom.o
 .debug_info    0x00002796      0x1c2 src/ASF/sam0/utils/stdio/read.o
 .debug_info    0x00002958      0x1bf src/ASF/sam0/utils/stdio/write.o
 .debug_info    0x00002b17     0x3a53 src/ASF/thirdparty/wireless/addons/sio2host/uart/sio2host.o
 .debug_info    0x0000656a     0x4097 src/ASF/sam0/drivers/sercom/usart/usart.o
 .debug_info    0x0000a601     0x277b src/ASF/sam0/drivers/sercom/usart/usart_interrupt.o
 .debug_info    0x0000cd7c     0x2305 src/ASF/sam0/drivers/sercom/sercom_interrupt.o
 .debug_info    0x0000f081     0x27d9 src/ASF/sam0/drivers/tcc/tcc_callback.o
 .debug_info    0x0001185a      0x1ec src/ASF/common/utils/interrupt/interrupt_sam_nvic.o
 .debug_info    0x00011a46      0x9bd src/ASF/sam0/boards/samr21_xplained_pro/board_init.o
 .debug_info    0x00012403      0x966 src/ASF/sam0/drivers/port/port.o
 .debug_info    0x00012d69     0x3036 src/ASF/sam0/drivers/system/clock/clock_samd21_r21_da/clock.o
 .debug_info    0x00015d9f     0x1498 src/ASF/sam0/drivers/system/clock/clock_samd21_r21_da/gclk.o
 .debug_info    0x00017237      0xa45 src/ASF/sam0/drivers/system/pinmux/pinmux.o
 .debug_info    0x00017c7c      0x17a src/ASF/sam0/drivers/system/system.o
 .debug_info    0x00017df6     0x3a6f src/ASF/sam0/utils/cmsis/samr21/source/gcc/startup_samr21.o
 .debug_info    0x0001b865      0x427 src/ASF/sam0/utils/syscalls/gcc/syscalls.o
 .debug_info    0x0001bc8c     0x847c src/main.o

.debug_abbrev   0x00000000     0x2ed0
 .debug_abbrev  0x00000000      0x13c src/ASF/common2/services/delay/sam0/systick_counter.o
 .debug_abbrev  0x0000013c      0x2fd src/ASF/sam0/drivers/sercom/sercom.o
 .debug_abbrev  0x00000439      0x108 src/ASF/sam0/utils/stdio/read.o
 .debug_abbrev  0x00000541       0xf5 src/ASF/sam0/utils/stdio/write.o
 .debug_abbrev  0x00000636      0x431 src/ASF/thirdparty/wireless/addons/sio2host/uart/sio2host.o
 .debug_abbrev  0x00000a67      0x3c6 src/ASF/sam0/drivers/sercom/usart/usart.o
 .debug_abbrev  0x00000e2d      0x37b src/ASF/sam0/drivers/sercom/usart/usart_interrupt.o
 .debug_abbrev  0x000011a8      0x22c src/ASF/sam0/drivers/sercom/sercom_interrupt.o
 .debug_abbrev  0x000013d4      0x2f3 src/ASF/sam0/drivers/tcc/tcc_callback.o
 .debug_abbrev  0x000016c7       0xf6 src/ASF/common/utils/interrupt/interrupt_sam_nvic.o
 .debug_abbrev  0x000017bd      0x22b src/ASF/sam0/boards/samr21_xplained_pro/board_init.o
 .debug_abbrev  0x000019e8      0x1da src/ASF/sam0/drivers/port/port.o
 .debug_abbrev  0x00001bc2      0x3f6 src/ASF/sam0/drivers/system/clock/clock_samd21_r21_da/clock.o
 .debug_abbrev  0x00001fb8      0x327 src/ASF/sam0/drivers/system/clock/clock_samd21_r21_da/gclk.o
 .debug_abbrev  0x000022df      0x287 src/ASF/sam0/drivers/system/pinmux/pinmux.o
 .debug_abbrev  0x00002566       0xb9 src/ASF/sam0/drivers/system/system.o
 .debug_abbrev  0x0000261f      0x211 src/ASF/sam0/utils/cmsis/samr21/source/gcc/startup_samr21.o
 .debug_abbrev  0x00002830      0x141 src/ASF/sam0/utils/syscalls/gcc/syscalls.o
 .debug_abbrev  0x00002971      0x55f src/main.o

.debug_loc      0x00000000     0x4c64
 .debug_loc     0x00000000       0xe4 src/ASF/common2/services/delay/sam0/systick_counter.o
 .debug_loc     0x000000e4      0x982 src/ASF/sam0/drivers/sercom/sercom.o
 .debug_loc     0x00000a66      0x11d src/ASF/sam0/utils/stdio/read.o
 .debug_loc     0x00000b83      0x152 src/ASF/sam0/utils/stdio/write.o
 .debug_loc     0x00000cd5      0x471 src/ASF/thirdparty/wireless/addons/sio2host/uart/sio2host.o
 .debug_loc     0x00001146      0xcf3 src/ASF/sam0/drivers/sercom/usart/usart.o
 .debug_loc     0x00001e39      0x589 src/ASF/sam0/drivers/sercom/usart/usart_interrupt.o
 .debug_loc     0x000023c2      0x16c src/ASF/sam0/drivers/sercom/sercom_interrupt.o
 .debug_loc     0x0000252e      0x245 src/ASF/sam0/drivers/tcc/tcc_callback.o
 .debug_loc     0x00002773       0x1e src/ASF/common/utils/interrupt/interrupt_sam_nvic.o
 .debug_loc     0x00002791       0x65 src/ASF/sam0/boards/samr21_xplained_pro/board_init.o
 .debug_loc     0x000027f6      0x16d src/ASF/sam0/drivers/port/port.o
 .debug_loc     0x00002963     0x107c src/ASF/sam0/drivers/system/clock/clock_samd21_r21_da/clock.o
 .debug_loc     0x000039df      0x51e src/ASF/sam0/drivers/system/clock/clock_samd21_r21_da/gclk.o
 .debug_loc     0x00003efd      0x32f src/ASF/sam0/drivers/system/pinmux/pinmux.o
 .debug_loc     0x0000422c       0x20 src/ASF/sam0/drivers/system/system.o
 .debug_loc     0x0000424c       0x20 src/ASF/sam0/utils/cmsis/samr21/source/gcc/startup_samr21.o
 .debug_loc     0x0000426c      0x11d src/ASF/sam0/utils/syscalls/gcc/syscalls.o
 .debug_loc     0x00004389      0x8db src/main.o

.debug_aranges  0x00000000      0x578
 .debug_aranges
                0x00000000       0x30 src/ASF/common2/services/delay/sam0/systick_counter.o
 .debug_aranges
                0x00000030       0x40 src/ASF/sam0/drivers/sercom/sercom.o
 .debug_aranges
                0x00000070       0x20 src/ASF/sam0/utils/stdio/read.o
 .debug_aranges
                0x00000090       0x20 src/ASF/sam0/utils/stdio/write.o
 .debug_aranges
                0x000000b0       0x60 src/ASF/thirdparty/wireless/addons/sio2host/uart/sio2host.o
 .debug_aranges
                0x00000110       0x40 src/ASF/sam0/drivers/sercom/usart/usart.o
 .debug_aranges
                0x00000150       0x70 src/ASF/sam0/drivers/sercom/usart/usart_interrupt.o
 .debug_aranges
                0x000001c0       0x60 src/ASF/sam0/drivers/sercom/sercom_interrupt.o
 .debug_aranges
                0x00000220       0x58 src/ASF/sam0/drivers/tcc/tcc_callback.o
 .debug_aranges
                0x00000278       0x28 src/ASF/common/utils/interrupt/interrupt_sam_nvic.o
 .debug_aranges
                0x000002a0       0x20 src/ASF/sam0/boards/samr21_xplained_pro/board_init.o
 .debug_aranges
                0x000002c0       0x28 src/ASF/sam0/drivers/port/port.o
 .debug_aranges
                0x000002e8       0x78 src/ASF/sam0/drivers/system/clock/clock_samd21_r21_da/clock.o
 .debug_aranges
                0x00000360       0x80 src/ASF/sam0/drivers/system/clock/clock_samd21_r21_da/gclk.o
 .debug_aranges
                0x000003e0       0x38 src/ASF/sam0/drivers/system/pinmux/pinmux.o
 .debug_aranges
                0x00000418       0x28 src/ASF/sam0/drivers/system/system.o
 .debug_aranges
                0x00000440       0x28 src/ASF/sam0/utils/cmsis/samr21/source/gcc/startup_samr21.o
 .debug_aranges
                0x00000468       0x60 src/ASF/sam0/utils/syscalls/gcc/syscalls.o
 .debug_aranges
                0x000004c8       0xb0 src/main.o

.debug_ranges   0x00000000      0x588
 .debug_ranges  0x00000000       0x50 src/ASF/common2/services/delay/sam0/systick_counter.o
 .debug_ranges  0x00000050       0x48 src/ASF/sam0/drivers/sercom/sercom.o
 .debug_ranges  0x00000098       0x10 src/ASF/sam0/utils/stdio/read.o
 .debug_ranges  0x000000a8       0x10 src/ASF/sam0/utils/stdio/write.o
 .debug_ranges  0x000000b8       0x50 src/ASF/thirdparty/wireless/addons/sio2host/uart/sio2host.o
 .debug_ranges  0x00000108       0xf8 src/ASF/sam0/drivers/sercom/usart/usart.o
 .debug_ranges  0x00000200       0x60 src/ASF/sam0/drivers/sercom/usart/usart_interrupt.o
 .debug_ranges  0x00000260       0x50 src/ASF/sam0/drivers/sercom/sercom_interrupt.o
 .debug_ranges  0x000002b0       0x48 src/ASF/sam0/drivers/tcc/tcc_callback.o
 .debug_ranges  0x000002f8       0x18 src/ASF/common/utils/interrupt/interrupt_sam_nvic.o
 .debug_ranges  0x00000310       0x10 src/ASF/sam0/boards/samr21_xplained_pro/board_init.o
 .debug_ranges  0x00000320       0x18 src/ASF/sam0/drivers/port/port.o
 .debug_ranges  0x00000338       0x68 src/ASF/sam0/drivers/system/clock/clock_samd21_r21_da/clock.o
 .debug_ranges  0x000003a0       0x70 src/ASF/sam0/drivers/system/clock/clock_samd21_r21_da/gclk.o
 .debug_ranges  0x00000410       0x28 src/ASF/sam0/drivers/system/pinmux/pinmux.o
 .debug_ranges  0x00000438       0x18 src/ASF/sam0/drivers/system/system.o
 .debug_ranges  0x00000450       0x18 src/ASF/sam0/utils/cmsis/samr21/source/gcc/startup_samr21.o
 .debug_ranges  0x00000468       0x50 src/ASF/sam0/utils/syscalls/gcc/syscalls.o
 .debug_ranges  0x000004b8       0xd0 src/main.o

.debug_macro    0x00000000    0x18d18
 .debug_macro   0x00000000      0x4a9 src/ASF/common2/services/delay/sam0/systick_counter.o
 .debug_macro   0x000004a9      0x856 src/ASF/common2/services/delay/sam0/systick_counter.o
 .debug_macro   0x00000cff      0x166 src/ASF/common2/services/delay/sam0/systick_counter.o
 .debug_macro   0x00000e65      0x621 src/ASF/common2/services/delay/sam0/systick_counter.o
 .debug_macro   0x00001486       0x22 src/ASF/common2/services/delay/sam0/systick_counter.o
 .debug_macro   0x000014a8       0x44 src/ASF/common2/services/delay/sam0/systick_counter.o
 .debug_macro   0x000014ec       0x58 src/ASF/common2/services/delay/sam0/systick_counter.o
 .debug_macro   0x00001544       0x22 src/ASF/common2/services/delay/sam0/systick_counter.o
 .debug_macro   0x00001566      0x1df src/ASF/common2/services/delay/sam0/systick_counter.o
 .debug_macro   0x00001745       0x10 src/ASF/common2/services/delay/sam0/systick_counter.o
 .debug_macro   0x00001755       0x76 src/ASF/common2/services/delay/sam0/systick_counter.o
 .debug_macro   0x000017cb       0x16 src/ASF/common2/services/delay/sam0/systick_counter.o
 .debug_macro   0x000017e1      0x6e5 src/ASF/common2/services/delay/sam0/systick_counter.o
 .debug_macro   0x00001ec6      0xde2 src/ASF/common2/services/delay/sam0/systick_counter.o
 .debug_macro   0x00002ca8       0x22 src/ASF/common2/services/delay/sam0/systick_counter.o
 .debug_macro   0x00002cca       0x40 src/ASF/common2/services/delay/sam0/systick_counter.o
 .debug_macro   0x00002d0a       0x3a src/ASF/common2/services/delay/sam0/systick_counter.o
 .debug_macro   0x00002d44       0x1f src/ASF/common2/services/delay/sam0/systick_counter.o
 .debug_macro   0x00002d63      0x250 src/ASF/common2/services/delay/sam0/systick_counter.o
 .debug_macro   0x00002fb3      0x682 src/ASF/common2/services/delay/sam0/systick_counter.o
 .debug_macro   0x00003635      0x8bf src/ASF/common2/services/delay/sam0/systick_counter.o
 .debug_macro   0x00003ef4      0xd6a src/ASF/common2/services/delay/sam0/systick_counter.o
 .debug_macro   0x00004c5e      0x4ce src/ASF/common2/services/delay/sam0/systick_counter.o
 .debug_macro   0x0000512c      0x9f8 src/ASF/common2/services/delay/sam0/systick_counter.o
 .debug_macro   0x00005b24      0x82b src/ASF/common2/services/delay/sam0/systick_counter.o
 .debug_macro   0x0000634f      0x45f src/ASF/common2/services/delay/sam0/systick_counter.o
 .debug_macro   0x000067ae       0x5e src/ASF/common2/services/delay/sam0/systick_counter.o
 .debug_macro   0x0000680c      0x225 src/ASF/common2/services/delay/sam0/systick_counter.o
 .debug_macro   0x00006a31      0x797 src/ASF/common2/services/delay/sam0/systick_counter.o
 .debug_macro   0x000071c8       0x5e src/ASF/common2/services/delay/sam0/systick_counter.o
 .debug_macro   0x00007226      0x60a src/ASF/common2/services/delay/sam0/systick_counter.o
 .debug_macro   0x00007830      0x3b6 src/ASF/common2/services/delay/sam0/systick_counter.o
 .debug_macro   0x00007be6       0x94 src/ASF/common2/services/delay/sam0/systick_counter.o
 .debug_macro   0x00007c7a      0xc55 src/ASF/common2/services/delay/sam0/systick_counter.o
 .debug_macro   0x000088cf     0x1092 src/ASF/common2/services/delay/sam0/systick_counter.o
 .debug_macro   0x00009961      0xc4a src/ASF/common2/services/delay/sam0/systick_counter.o
 .debug_macro   0x0000a5ab      0x6bf src/ASF/common2/services/delay/sam0/systick_counter.o
 .debug_macro   0x0000ac6a     0x1b4b src/ASF/common2/services/delay/sam0/systick_counter.o
 .debug_macro   0x0000c7b5     0x144a src/ASF/common2/services/delay/sam0/systick_counter.o
 .debug_macro   0x0000dbff      0x34e src/ASF/common2/services/delay/sam0/systick_counter.o
 .debug_macro   0x0000df4d       0x7c src/ASF/common2/services/delay/sam0/systick_counter.o
 .debug_macro   0x0000dfc9       0xa0 src/ASF/common2/services/delay/sam0/systick_counter.o
 .debug_macro   0x0000e069       0xca src/ASF/common2/services/delay/sam0/systick_counter.o
 .debug_macro   0x0000e133       0x94 src/ASF/common2/services/delay/sam0/systick_counter.o
 .debug_macro   0x0000e1c7       0x58 src/ASF/common2/services/delay/sam0/systick_counter.o
 .debug_macro   0x0000e21f      0x364 src/ASF/common2/services/delay/sam0/systick_counter.o
 .debug_macro   0x0000e583       0x82 src/ASF/common2/services/delay/sam0/systick_counter.o
 .debug_macro   0x0000e605      0x197 src/ASF/common2/services/delay/sam0/systick_counter.o
 .debug_macro   0x0000e79c       0xa0 src/ASF/common2/services/delay/sam0/systick_counter.o
 .debug_macro   0x0000e83c       0xb2 src/ASF/common2/services/delay/sam0/systick_counter.o
 .debug_macro   0x0000e8ee       0x1c src/ASF/common2/services/delay/sam0/systick_counter.o
 .debug_macro   0x0000e90a       0x1c src/ASF/common2/services/delay/sam0/systick_counter.o
 .debug_macro   0x0000e926       0x1c src/ASF/common2/services/delay/sam0/systick_counter.o
 .debug_macro   0x0000e942       0x7c src/ASF/common2/services/delay/sam0/systick_counter.o
 .debug_macro   0x0000e9be      0x1c6 src/ASF/common2/services/delay/sam0/systick_counter.o
 .debug_macro   0x0000eb84       0x16 src/ASF/common2/services/delay/sam0/systick_counter.o
 .debug_macro   0x0000eb9a       0xdc src/ASF/common2/services/delay/sam0/systick_counter.o
 .debug_macro   0x0000ec76      0x12f src/ASF/common2/services/delay/sam0/systick_counter.o
 .debug_macro   0x0000eda5      0x12f src/ASF/common2/services/delay/sam0/systick_counter.o
 .debug_macro   0x0000eed4      0x12f src/ASF/common2/services/delay/sam0/systick_counter.o
 .debug_macro   0x0000f003      0x12f src/ASF/common2/services/delay/sam0/systick_counter.o
 .debug_macro   0x0000f132      0x12f src/ASF/common2/services/delay/sam0/systick_counter.o
 .debug_macro   0x0000f261      0x12f src/ASF/common2/services/delay/sam0/systick_counter.o
 .debug_macro   0x0000f390      0x11e src/ASF/common2/services/delay/sam0/systick_counter.o
 .debug_macro   0x0000f4ae       0xe2 src/ASF/common2/services/delay/sam0/systick_counter.o
 .debug_macro   0x0000f590       0xe2 src/ASF/common2/services/delay/sam0/systick_counter.o
 .debug_macro   0x0000f672       0xe2 src/ASF/common2/services/delay/sam0/systick_counter.o
 .debug_macro   0x0000f754      0x12c src/ASF/common2/services/delay/sam0/systick_counter.o
 .debug_macro   0x0000f880      0x100 src/ASF/common2/services/delay/sam0/systick_counter.o
 .debug_macro   0x0000f980       0xf4 src/ASF/common2/services/delay/sam0/systick_counter.o
 .debug_macro   0x0000fa74      0x40f src/ASF/common2/services/delay/sam0/systick_counter.o
 .debug_macro   0x0000fe83       0x40 src/ASF/common2/services/delay/sam0/systick_counter.o
 .debug_macro   0x0000fec3      0x345 src/ASF/common2/services/delay/sam0/systick_counter.o
 .debug_macro   0x00010208     0x174b src/ASF/common2/services/delay/sam0/systick_counter.o
 .debug_macro   0x00011953       0x74 src/ASF/common2/services/delay/sam0/systick_counter.o
 .debug_macro   0x000119c7       0x58 src/ASF/common2/services/delay/sam0/systick_counter.o
 .debug_macro   0x00011a1f       0x35 src/ASF/common2/services/delay/sam0/systick_counter.o
 .debug_macro   0x00011a54       0x9c src/ASF/common2/services/delay/sam0/systick_counter.o
 .debug_macro   0x00011af0       0x16 src/ASF/common2/services/delay/sam0/systick_counter.o
 .debug_macro   0x00011b06       0x35 src/ASF/common2/services/delay/sam0/systick_counter.o
 .debug_macro   0x00011b3b      0x29d src/ASF/common2/services/delay/sam0/systick_counter.o
 .debug_macro   0x00011dd8       0x10 src/ASF/common2/services/delay/sam0/systick_counter.o
 .debug_macro   0x00011de8       0x52 src/ASF/common2/services/delay/sam0/systick_counter.o
 .debug_macro   0x00011e3a       0x16 src/ASF/common2/services/delay/sam0/systick_counter.o
 .debug_macro   0x00011e50       0x43 src/ASF/common2/services/delay/sam0/systick_counter.o
 .debug_macro   0x00011e93      0x180 src/ASF/common2/services/delay/sam0/systick_counter.o
 .debug_macro   0x00012013       0x10 src/ASF/common2/services/delay/sam0/systick_counter.o
 .debug_macro   0x00012023       0x22 src/ASF/common2/services/delay/sam0/systick_counter.o
 .debug_macro   0x00012045       0xbe src/ASF/common2/services/delay/sam0/systick_counter.o
 .debug_macro   0x00012103       0x16 src/ASF/common2/services/delay/sam0/systick_counter.o
 .debug_macro   0x00012119      0x197 src/ASF/common2/services/delay/sam0/systick_counter.o
 .debug_macro   0x000122b0       0x16 src/ASF/common2/services/delay/sam0/systick_counter.o
 .debug_macro   0x000122c6       0x16 src/ASF/common2/services/delay/sam0/systick_counter.o
 .debug_macro   0x000122dc       0x29 src/ASF/common2/services/delay/sam0/systick_counter.o
 .debug_macro   0x00012305       0x51 src/ASF/common2/services/delay/sam0/systick_counter.o
 .debug_macro   0x00012356       0x3f src/ASF/common2/services/delay/sam0/systick_counter.o
 .debug_macro   0x00012395      0x3df src/ASF/common2/services/delay/sam0/systick_counter.o
 .debug_macro   0x00012774       0x11 src/ASF/common2/services/delay/sam0/systick_counter.o
 .debug_macro   0x00012785       0x16 src/ASF/common2/services/delay/sam0/systick_counter.o
 .debug_macro   0x0001279b       0x16 src/ASF/common2/services/delay/sam0/systick_counter.o
 .debug_macro   0x000127b1      0x4fc src/ASF/sam0/drivers/sercom/sercom.o
 .debug_macro   0x00012cad       0x11 src/ASF/sam0/drivers/sercom/sercom.o
 .debug_macro   0x00012cbe       0x2e src/ASF/sam0/drivers/sercom/sercom.o
 .debug_macro   0x00012cec       0xa0 src/ASF/sam0/drivers/sercom/sercom.o
 .debug_macro   0x00012d8c       0x10 src/ASF/sam0/drivers/sercom/sercom.o
 .debug_macro   0x00012d9c      0x46e src/ASF/sam0/utils/stdio/read.o
 .debug_macro   0x0001320a      0x46e src/ASF/sam0/utils/stdio/write.o
 .debug_macro   0x00013678      0x5ab src/ASF/thirdparty/wireless/addons/sio2host/uart/sio2host.o
 .debug_macro   0x00013c23      0x279 src/ASF/thirdparty/wireless/addons/sio2host/uart/sio2host.o
 .debug_macro   0x00013e9c      0x6b3 src/ASF/thirdparty/wireless/addons/sio2host/uart/sio2host.o
 .debug_macro   0x0001454f       0x19 src/ASF/thirdparty/wireless/addons/sio2host/uart/sio2host.o
 .debug_macro   0x00014568       0x57 src/ASF/thirdparty/wireless/addons/sio2host/uart/sio2host.o
 .debug_macro   0x000145bf       0x8f src/ASF/thirdparty/wireless/addons/sio2host/uart/sio2host.o
 .debug_macro   0x0001464e       0x46 src/ASF/thirdparty/wireless/addons/sio2host/uart/sio2host.o
 .debug_macro   0x00014694      0x50d src/ASF/sam0/drivers/sercom/usart/usart.o
 .debug_macro   0x00014ba1       0x51 src/ASF/sam0/drivers/sercom/usart/usart.o
 .debug_macro   0x00014bf2      0x50d src/ASF/sam0/drivers/sercom/usart/usart_interrupt.o
 .debug_macro   0x000150ff      0x4f9 src/ASF/sam0/drivers/sercom/sercom_interrupt.o
 .debug_macro   0x000155f8      0x4e8 src/ASF/sam0/drivers/tcc/tcc_callback.o
 .debug_macro   0x00015ae0      0x46e src/ASF/common/utils/interrupt/interrupt_sam_nvic.o
 .debug_macro   0x00015f4e      0x4aa src/ASF/sam0/boards/samr21_xplained_pro/board_init.o
 .debug_macro   0x000163f8      0x488 src/ASF/sam0/drivers/port/port.o
 .debug_macro   0x00016880      0x4ee src/ASF/sam0/drivers/system/clock/clock_samd21_r21_da/clock.o
 .debug_macro   0x00016d6e      0x29d src/ASF/sam0/drivers/system/clock/clock_samd21_r21_da/clock.o
 .debug_macro   0x0001700b      0x4a4 src/ASF/sam0/drivers/system/clock/clock_samd21_r21_da/gclk.o
 .debug_macro   0x000174af      0x480 src/ASF/sam0/drivers/system/pinmux/pinmux.o
 .debug_macro   0x0001792f      0x4b2 src/ASF/sam0/drivers/system/system.o
 .debug_macro   0x00017de1      0x2c2 src/ASF/sam0/utils/cmsis/samr21/source/gcc/startup_samr21.o
 .debug_macro   0x000180a3       0x3a src/ASF/sam0/utils/cmsis/samr21/source/gcc/startup_samr21.o
 .debug_macro   0x000180dd      0x169 src/ASF/sam0/utils/syscalls/gcc/syscalls.o
 .debug_macro   0x00018246       0x4a src/ASF/sam0/utils/syscalls/gcc/syscalls.o
 .debug_macro   0x00018290       0x97 src/ASF/sam0/utils/syscalls/gcc/syscalls.o
 .debug_macro   0x00018327       0xef src/ASF/sam0/utils/syscalls/gcc/syscalls.o
 .debug_macro   0x00018416       0x52 src/ASF/sam0/utils/syscalls/gcc/syscalls.o
 .debug_macro   0x00018468       0x16 src/ASF/sam0/utils/syscalls/gcc/syscalls.o
 .debug_macro   0x0001847e       0x10 src/ASF/sam0/utils/syscalls/gcc/syscalls.o
 .debug_macro   0x0001848e       0x10 src/ASF/sam0/utils/syscalls/gcc/syscalls.o
 .debug_macro   0x0001849e       0x10 src/ASF/sam0/utils/syscalls/gcc/syscalls.o
 .debug_macro   0x000184ae       0x35 src/ASF/sam0/utils/syscalls/gcc/syscalls.o
 .debug_macro   0x000184e3      0x122 src/ASF/sam0/utils/syscalls/gcc/syscalls.o
 .debug_macro   0x00018605      0x5f9 src/main.o
 .debug_macro   0x00018bfe       0x5e src/main.o
 .debug_macro   0x00018c5c       0xac src/main.o
 .debug_macro   0x00018d08       0x10 src/main.o

.debug_line     0x00000000     0xcb3d
 .debug_line    0x00000000      0x929 src/ASF/common2/services/delay/sam0/systick_counter.o
 .debug_line    0x00000929      0xb2e src/ASF/sam0/drivers/sercom/sercom.o
 .debug_line    0x00001457      0x817 src/ASF/sam0/utils/stdio/read.o
 .debug_line    0x00001c6e      0x808 src/ASF/sam0/utils/stdio/write.o
 .debug_line    0x00002476      0xe73 src/ASF/thirdparty/wireless/addons/sio2host/uart/sio2host.o
 .debug_line    0x000032e9      0xc72 src/ASF/sam0/drivers/sercom/usart/usart.o
 .debug_line    0x00003f5b      0xbf5 src/ASF/sam0/drivers/sercom/usart/usart_interrupt.o
 .debug_line    0x00004b50      0xad6 src/ASF/sam0/drivers/sercom/sercom_interrupt.o
 .debug_line    0x00005626      0xa19 src/ASF/sam0/drivers/tcc/tcc_callback.o
 .debug_line    0x0000603f      0x835 src/ASF/common/utils/interrupt/interrupt_sam_nvic.o
 .debug_line    0x00006874      0x8e8 src/ASF/sam0/boards/samr21_xplained_pro/board_init.o
 .debug_line    0x0000715c      0x861 src/ASF/sam0/drivers/port/port.o
 .debug_line    0x000079bd      0xc36 src/ASF/sam0/drivers/system/clock/clock_samd21_r21_da/clock.o
 .debug_line    0x000085f3      0xbd2 src/ASF/sam0/drivers/system/clock/clock_samd21_r21_da/gclk.o
 .debug_line    0x000091c5      0x887 src/ASF/sam0/drivers/system/pinmux/pinmux.o
 .debug_line    0x00009a4c      0x950 src/ASF/sam0/drivers/system/system.o
 .debug_line    0x0000a39c      0x630 src/ASF/sam0/utils/cmsis/samr21/source/gcc/startup_samr21.o
 .debug_line    0x0000a9cc      0x398 src/ASF/sam0/utils/syscalls/gcc/syscalls.o
 .debug_line    0x0000ad64     0x1dd9 src/main.o

.debug_str      0x00000000    0x84824
 .debug_str     0x00000000    0x7826f src/ASF/common2/services/delay/sam0/systick_counter.o
                              0x78614 (size before relaxing)
 .debug_str     0x0007826f     0x15bd src/ASF/sam0/drivers/sercom/sercom.o
                              0x79ae2 (size before relaxing)
 .debug_str     0x0007982c       0x43 src/ASF/sam0/utils/stdio/read.o
                              0x78446 (size before relaxing)
 .debug_str     0x0007986f       0x33 src/ASF/sam0/utils/stdio/write.o
                              0x78448 (size before relaxing)
 .debug_str     0x000798a2     0x44d3 src/ASF/thirdparty/wireless/addons/sio2host/uart/sio2host.o
                              0x7dd84 (size before relaxing)
 .debug_str     0x0007dd75      0x6b2 src/ASF/sam0/drivers/sercom/usart/usart.o
                              0x7a7bb (size before relaxing)
 .debug_str     0x0007e427      0x1a7 src/ASF/sam0/drivers/sercom/usart/usart_interrupt.o
                              0x79b05 (size before relaxing)
 .debug_str     0x0007e5ce      0x189 src/ASF/sam0/drivers/sercom/sercom_interrupt.o
                              0x7991d (size before relaxing)
 .debug_str     0x0007e757      0x863 src/ASF/sam0/drivers/tcc/tcc_callback.o
                              0x79d71 (size before relaxing)
 .debug_str     0x0007efba       0x73 src/ASF/common/utils/interrupt/interrupt_sam_nvic.o
                              0x78499 (size before relaxing)
 .debug_str     0x0007f02d      0x2ed src/ASF/sam0/boards/samr21_xplained_pro/board_init.o
                              0x7b05d (size before relaxing)
 .debug_str     0x0007f31a       0x53 src/ASF/sam0/drivers/port/port.o
                              0x78878 (size before relaxing)
 .debug_str     0x0007f36d     0x2800 src/ASF/sam0/drivers/system/clock/clock_samd21_r21_da/clock.o
                              0x7b620 (size before relaxing)
 .debug_str     0x00081b6d      0x27d src/ASF/sam0/drivers/system/clock/clock_samd21_r21_da/gclk.o
                              0x790df (size before relaxing)
 .debug_str     0x00081dea      0x130 src/ASF/sam0/drivers/system/pinmux/pinmux.o
                              0x78890 (size before relaxing)
 .debug_str     0x00081f1a       0x47 src/ASF/sam0/drivers/system/system.o
                              0x7851e (size before relaxing)
 .debug_str     0x00081f61      0xefd src/ASF/sam0/utils/cmsis/samr21/source/gcc/startup_samr21.o
                              0x651d2 (size before relaxing)
 .debug_str     0x00082e5e      0x837 src/ASF/sam0/utils/syscalls/gcc/syscalls.o
                               0x5fea (size before relaxing)
 .debug_str     0x00083695     0x118f src/main.o
                              0x7f345 (size before relaxing)

.debug_frame    0x00000000     0x1494
 .debug_frame   0x00000000       0x60 src/ASF/common2/services/delay/sam0/systick_counter.o
 .debug_frame   0x00000060       0x9c src/ASF/sam0/drivers/sercom/sercom.o
 .debug_frame   0x000000fc       0x34 src/ASF/sam0/utils/stdio/read.o
 .debug_frame   0x00000130       0x34 src/ASF/sam0/utils/stdio/write.o
 .debug_frame   0x00000164      0x110 src/ASF/thirdparty/wireless/addons/sio2host/uart/sio2host.o
 .debug_frame   0x00000274       0xbc src/ASF/sam0/drivers/sercom/usart/usart.o
 .debug_frame   0x00000330      0x110 src/ASF/sam0/drivers/sercom/usart/usart_interrupt.o
 .debug_frame   0x00000440       0xec src/ASF/sam0/drivers/sercom/sercom_interrupt.o
 .debug_frame   0x0000052c       0xd4 src/ASF/sam0/drivers/tcc/tcc_callback.o
 .debug_frame   0x00000600       0x30 src/ASF/common/utils/interrupt/interrupt_sam_nvic.o
 .debug_frame   0x00000630       0x38 src/ASF/sam0/boards/samr21_xplained_pro/board_init.o
 .debug_frame   0x00000668       0x44 src/ASF/sam0/drivers/port/port.o
 .debug_frame   0x000006ac      0x164 src/ASF/sam0/drivers/system/clock/clock_samd21_r21_da/clock.o
 .debug_frame   0x00000810      0x148 src/ASF/sam0/drivers/system/clock/clock_samd21_r21_da/gclk.o
 .debug_frame   0x00000958       0x74 src/ASF/sam0/drivers/system/pinmux/pinmux.o
 .debug_frame   0x000009cc       0x38 src/ASF/sam0/drivers/system/system.o
 .debug_frame   0x00000a04       0x3c src/ASF/sam0/utils/cmsis/samr21/source/gcc/startup_samr21.o
 .debug_frame   0x00000a40       0xa8 src/ASF/sam0/utils/syscalls/gcc/syscalls.o
 .debug_frame   0x00000ae8      0x1e0 src/main.o
 .debug_frame   0x00000cc8       0x20 c:/program files (x86)/atmel/studio/7.0/toolchain/arm/arm-gnu-toolchain/bin/../lib/gcc/arm-none-eabi/4.9.3/armv6-m\libgcc.a(_udivsi3.o)
 .debug_frame   0x00000ce8       0x34 c:/program files (x86)/atmel/studio/7.0/toolchain/arm/arm-gnu-toolchain/bin/../lib/gcc/arm-none-eabi/4.9.3/armv6-m\libgcc.a(_muldi3.o)
 .debug_frame   0x00000d1c       0x2c c:/program files (x86)/atmel/studio/7.0/toolchain/arm/arm-gnu-toolchain/bin/../lib/gcc/arm-none-eabi/4.9.3/../../../../arm-none-eabi/lib/armv6-m\libc_nano.a(lib_a-init.o)
 .debug_frame   0x00000d48       0x28 c:/program files (x86)/atmel/studio/7.0/toolchain/arm/arm-gnu-toolchain/bin/../lib/gcc/arm-none-eabi/4.9.3/../../../../arm-none-eabi/lib/armv6-m\libc_nano.a(lib_a-memcpy.o)
 .debug_frame   0x00000d70       0x20 c:/program files (x86)/atmel/studio/7.0/toolchain/arm/arm-gnu-toolchain/bin/../lib/gcc/arm-none-eabi/4.9.3/../../../../arm-none-eabi/lib/armv6-m\libc_nano.a(lib_a-memset.o)
 .debug_frame   0x00000d90       0x50 c:/program files (x86)/atmel/studio/7.0/toolchain/arm/arm-gnu-toolchain/bin/../lib/gcc/arm-none-eabi/4.9.3/../../../../arm-none-eabi/lib/armv6-m\libc_nano.a(lib_a-printf.o)
 .debug_frame   0x00000de0       0x28 c:/program files (x86)/atmel/studio/7.0/toolchain/arm/arm-gnu-toolchain/bin/../lib/gcc/arm-none-eabi/4.9.3/../../../../arm-none-eabi/lib/armv6-m\libc_nano.a(lib_a-setbuf.o)
 .debug_frame   0x00000e08       0x34 c:/program files (x86)/atmel/studio/7.0/toolchain/arm/arm-gnu-toolchain/bin/../lib/gcc/arm-none-eabi/4.9.3/../../../../arm-none-eabi/lib/armv6-m\libc_nano.a(lib_a-setvbuf.o)
 .debug_frame   0x00000e3c       0x68 c:/program files (x86)/atmel/studio/7.0/toolchain/arm/arm-gnu-toolchain/bin/../lib/gcc/arm-none-eabi/4.9.3/../../../../arm-none-eabi/lib/armv6-m\libc_nano.a(lib_a-fflush.o)
 .debug_frame   0x00000ea4      0x140 c:/program files (x86)/atmel/studio/7.0/toolchain/arm/arm-gnu-toolchain/bin/../lib/gcc/arm-none-eabi/4.9.3/../../../../arm-none-eabi/lib/armv6-m\libc_nano.a(lib_a-findfp.o)
 .debug_frame   0x00000fe4       0x58 c:/program files (x86)/atmel/studio/7.0/toolchain/arm/arm-gnu-toolchain/bin/../lib/gcc/arm-none-eabi/4.9.3/../../../../arm-none-eabi/lib/armv6-m\libc_nano.a(lib_a-fwalk.o)
 .debug_frame   0x0000103c       0x40 c:/program files (x86)/atmel/studio/7.0/toolchain/arm/arm-gnu-toolchain/bin/../lib/gcc/arm-none-eabi/4.9.3/../../../../arm-none-eabi/lib/armv6-m\libc_nano.a(lib_a-malloc.o)
 .debug_frame   0x0000107c       0x2c c:/program files (x86)/atmel/studio/7.0/toolchain/arm/arm-gnu-toolchain/bin/../lib/gcc/arm-none-eabi/4.9.3/../../../../arm-none-eabi/lib/armv6-m\libc_nano.a(lib_a-nano-freer.o)
 .debug_frame   0x000010a8       0x2c c:/program files (x86)/atmel/studio/7.0/toolchain/arm/arm-gnu-toolchain/bin/../lib/gcc/arm-none-eabi/4.9.3/../../../../arm-none-eabi/lib/armv6-m\libc_nano.a(lib_a-nano-mallocr.o)
 .debug_frame   0x000010d4       0xa0 c:/program files (x86)/atmel/studio/7.0/toolchain/arm/arm-gnu-toolchain/bin/../lib/gcc/arm-none-eabi/4.9.3/../../../../arm-none-eabi/lib/armv6-m\libc_nano.a(lib_a-nano-vfprintf.o)
 .debug_frame   0x00001174       0x54 c:/program files (x86)/atmel/studio/7.0/toolchain/arm/arm-gnu-toolchain/bin/../lib/gcc/arm-none-eabi/4.9.3/../../../../arm-none-eabi/lib/armv6-m\libc_nano.a(lib_a-nano-vfprintf_i.o)
 .debug_frame   0x000011c8       0x2c c:/program files (x86)/atmel/studio/7.0/toolchain/arm/arm-gnu-toolchain/bin/../lib/gcc/arm-none-eabi/4.9.3/../../../../arm-none-eabi/lib/armv6-m\libc_nano.a(lib_a-sbrkr.o)
 .debug_frame   0x000011f4       0x90 c:/program files (x86)/atmel/studio/7.0/toolchain/arm/arm-gnu-toolchain/bin/../lib/gcc/arm-none-eabi/4.9.3/../../../../arm-none-eabi/lib/armv6-m\libc_nano.a(lib_a-stdio.o)
 .debug_frame   0x00001284       0x44 c:/program files (x86)/atmel/studio/7.0/toolchain/arm/arm-gnu-toolchain/bin/../lib/gcc/arm-none-eabi/4.9.3/../../../../arm-none-eabi/lib/armv6-m\libc_nano.a(lib_a-wbuf.o)
 .debug_frame   0x000012c8       0x2c c:/program files (x86)/atmel/studio/7.0/toolchain/arm/arm-gnu-toolchain/bin/../lib/gcc/arm-none-eabi/4.9.3/../../../../arm-none-eabi/lib/armv6-m\libc_nano.a(lib_a-writer.o)
 .debug_frame   0x000012f4       0x2c c:/program files (x86)/atmel/studio/7.0/toolchain/arm/arm-gnu-toolchain/bin/../lib/gcc/arm-none-eabi/4.9.3/../../../../arm-none-eabi/lib/armv6-m\libc_nano.a(lib_a-wsetup.o)
 .debug_frame   0x00001320       0x2c c:/program files (x86)/atmel/studio/7.0/toolchain/arm/arm-gnu-toolchain/bin/../lib/gcc/arm-none-eabi/4.9.3/../../../../arm-none-eabi/lib/armv6-m\libc_nano.a(lib_a-closer.o)
 .debug_frame   0x0000134c       0x2c c:/program files (x86)/atmel/studio/7.0/toolchain/arm/arm-gnu-toolchain/bin/../lib/gcc/arm-none-eabi/4.9.3/../../../../arm-none-eabi/lib/armv6-m\libc_nano.a(lib_a-lseekr.o)
 .debug_frame   0x00001378       0x30 c:/program files (x86)/atmel/studio/7.0/toolchain/arm/arm-gnu-toolchain/bin/../lib/gcc/arm-none-eabi/4.9.3/../../../../arm-none-eabi/lib/armv6-m\libc_nano.a(lib_a-makebuf.o)
 .debug_frame   0x000013a8       0x20 c:/program files (x86)/atmel/studio/7.0/toolchain/arm/arm-gnu-toolchain/bin/../lib/gcc/arm-none-eabi/4.9.3/../../../../arm-none-eabi/lib/armv6-m\libc_nano.a(lib_a-memchr.o)
 .debug_frame   0x000013c8       0x2c c:/program files (x86)/atmel/studio/7.0/toolchain/arm/arm-gnu-toolchain/bin/../lib/gcc/arm-none-eabi/4.9.3/../../../../arm-none-eabi/lib/armv6-m\libc_nano.a(lib_a-readr.o)
 .debug_frame   0x000013f4       0x48 c:/program files (x86)/atmel/studio/7.0/toolchain/arm/arm-gnu-toolchain/bin/../lib/gcc/arm-none-eabi/4.9.3/../../../../arm-none-eabi/lib/armv6-m\libc_nano.a(lib_a-reent.o)
 .debug_frame   0x0000143c       0x2c c:/program files (x86)/atmel/studio/7.0/toolchain/arm/arm-gnu-toolchain/bin/../lib/gcc/arm-none-eabi/4.9.3/../../../../arm-none-eabi/lib/armv6-m\libc_nano.a(lib_a-fstatr.o)
 .debug_frame   0x00001468       0x2c c:/program files (x86)/atmel/studio/7.0/toolchain/arm/arm-gnu-toolchain/bin/../lib/gcc/arm-none-eabi/4.9.3/../../../../arm-none-eabi/lib/armv6-m\libc_nano.a(lib_a-isattyr.o)

Cross Reference Table

Symbol                                            File
AC_Handler                                        src/ASF/sam0/utils/cmsis/samr21/source/gcc/startup_samr21.o
ADC_Handler                                       src/ASF/sam0/utils/cmsis/samr21/source/gcc/startup_samr21.o
DMAC_Handler                                      src/ASF/sam0/utils/cmsis/samr21/source/gcc/startup_samr21.o
Dummy_Handler                                     src/ASF/sam0/utils/cmsis/samr21/source/gcc/startup_samr21.o
EIC_Handler                                       src/ASF/sam0/utils/cmsis/samr21/source/gcc/startup_samr21.o
EVSYS_Handler                                     src/ASF/sam0/utils/cmsis/samr21/source/gcc/startup_samr21.o
HardFault_Handler                                 src/ASF/sam0/utils/cmsis/samr21/source/gcc/startup_samr21.o
NMI_Handler                                       src/ASF/sam0/utils/cmsis/samr21/source/gcc/startup_samr21.o
NVMCTRL_Handler                                   src/ASF/sam0/utils/cmsis/samr21/source/gcc/startup_samr21.o
Neopixel_showPattern                              src/main.o
PM_Handler                                        src/ASF/sam0/utils/cmsis/samr21/source/gcc/startup_samr21.o
PTC_Handler                                       src/ASF/sam0/utils/cmsis/samr21/source/gcc/startup_samr21.o
PendSV_Handler                                    src/ASF/sam0/utils/cmsis/samr21/source/gcc/startup_samr21.o
RTC_Handler                                       src/ASF/sam0/utils/cmsis/samr21/source/gcc/startup_samr21.o
Reset_Handler                                     src/ASF/sam0/utils/cmsis/samr21/source/gcc/startup_samr21.o
SERCOM0_Handler                                   src/ASF/sam0/drivers/sercom/sercom_interrupt.o
SERCOM1_Handler                                   src/ASF/sam0/drivers/sercom/sercom_interrupt.o
SERCOM2_Handler                                   src/ASF/sam0/drivers/sercom/sercom_interrupt.o
SERCOM3_Handler                                   src/ASF/sam0/drivers/sercom/sercom_interrupt.o
SERCOM4_Handler                                   src/ASF/sam0/drivers/sercom/sercom_interrupt.o
SERCOM5_Handler                                   src/ASF/sam0/drivers/sercom/sercom_interrupt.o
SVC_Handler                                       src/ASF/sam0/utils/cmsis/samr21/source/gcc/startup_samr21.o
SYSCTRL_Handler                                   src/ASF/sam0/utils/cmsis/samr21/source/gcc/startup_samr21.o
SysTick_Handler                                   src/ASF/sam0/utils/cmsis/samr21/source/gcc/startup_samr21.o
SystemCoreClock                                   src/ASF/sam0/utils/cmsis/samr21/source/system_samr21.o
SystemCoreClockUpdate                             src/ASF/sam0/utils/cmsis/samr21/source/system_samr21.o
SystemInit                                        src/ASF/sam0/utils/cmsis/samr21/source/system_samr21.o
TC3_Handler                                       src/ASF/sam0/utils/cmsis/samr21/source/gcc/startup_samr21.o
TC4_Handler                                       src/ASF/sam0/utils/cmsis/samr21/source/gcc/startup_samr21.o
TC5_Handler                                       src/ASF/sam0/utils/cmsis/samr21/source/gcc/startup_samr21.o
TCC0_Handler                                      src/ASF/sam0/drivers/tcc/tcc_callback.o
TCC1_Handler                                      src/ASF/sam0/drivers/tcc/tcc_callback.o
TCC2_Handler                                      src/ASF/sam0/drivers/tcc/tcc_callback.o
USART_HOST_ISR_VECT                               src/ASF/thirdparty/wireless/addons/sio2host/uart/sio2host.o
USB_Handler                                       src/ASF/sam0/utils/cmsis/samr21/source/gcc/startup_samr21.o
WDT_Handler                                       src/ASF/sam0/utils/cmsis/samr21/source/gcc/startup_samr21.o
_Jv_RegisterClasses                               c:/program files (x86)/atmel/studio/7.0/toolchain/arm/arm-gnu-toolchain/bin/../lib/gcc/arm-none-eabi/4.9.3/armv6-m/crtbegin.o
__aeabi_cfcmpeq                                   c:/program files (x86)/atmel/studio/7.0/toolchain/arm/arm-gnu-toolchain/bin/../lib/gcc/arm-none-eabi/4.9.3/armv6-m\libgcc.a(_arm_cmpsf2.o)
__aeabi_cfcmple                                   c:/program files (x86)/atmel/studio/7.0/toolchain/arm/arm-gnu-toolchain/bin/../lib/gcc/arm-none-eabi/4.9.3/armv6-m\libgcc.a(_arm_cmpsf2.o)
__aeabi_cfrcmple                                  c:/program files (x86)/atmel/studio/7.0/toolchain/arm/arm-gnu-toolchain/bin/../lib/gcc/arm-none-eabi/4.9.3/armv6-m\libgcc.a(_arm_cmpsf2.o)
__aeabi_d2f                                       c:/program files (x86)/atmel/studio/7.0/toolchain/arm/arm-gnu-toolchain/bin/../lib/gcc/arm-none-eabi/4.9.3/armv6-m\libgcc.a(truncdfsf2.o)
                                                  src/main.o
__aeabi_d2iz                                      c:/program files (x86)/atmel/studio/7.0/toolchain/arm/arm-gnu-toolchain/bin/../lib/gcc/arm-none-eabi/4.9.3/armv6-m\libgcc.a(fixdfsi.o)
                                                  src/main.o
__aeabi_dadd                                      c:/program files (x86)/atmel/studio/7.0/toolchain/arm/arm-gnu-toolchain/bin/../lib/gcc/arm-none-eabi/4.9.3/armv6-m\libgcc.a(adddf3.o)
                                                  src/main.o
__aeabi_ddiv                                      c:/program files (x86)/atmel/studio/7.0/toolchain/arm/arm-gnu-toolchain/bin/../lib/gcc/arm-none-eabi/4.9.3/armv6-m\libgcc.a(divdf3.o)
                                                  src/main.o
__aeabi_dmul                                      c:/program files (x86)/atmel/studio/7.0/toolchain/arm/arm-gnu-toolchain/bin/../lib/gcc/arm-none-eabi/4.9.3/armv6-m\libgcc.a(muldf3.o)
                                                  src/main.o
__aeabi_f2d                                       c:/program files (x86)/atmel/studio/7.0/toolchain/arm/arm-gnu-toolchain/bin/../lib/gcc/arm-none-eabi/4.9.3/armv6-m\libgcc.a(extendsfdf2.o)
                                                  src/main.o
__aeabi_f2iz                                      c:/program files (x86)/atmel/studio/7.0/toolchain/arm/arm-gnu-toolchain/bin/../lib/gcc/arm-none-eabi/4.9.3/armv6-m\libgcc.a(fixsfsi.o)
                                                  c:/program files (x86)/atmel/studio/7.0/toolchain/arm/arm-gnu-toolchain/bin/../lib/gcc/arm-none-eabi/4.9.3/armv6-m\libgcc.a(_fixunssfsi.o)
__aeabi_f2uiz                                     c:/program files (x86)/atmel/studio/7.0/toolchain/arm/arm-gnu-toolchain/bin/../lib/gcc/arm-none-eabi/4.9.3/armv6-m\libgcc.a(_fixunssfsi.o)
                                                  src/main.o
__aeabi_fcmpeq                                    c:/program files (x86)/atmel/studio/7.0/toolchain/arm/arm-gnu-toolchain/bin/../lib/gcc/arm-none-eabi/4.9.3/armv6-m\libgcc.a(_arm_cmpsf2.o)
__aeabi_fcmpge                                    c:/program files (x86)/atmel/studio/7.0/toolchain/arm/arm-gnu-toolchain/bin/../lib/gcc/arm-none-eabi/4.9.3/armv6-m\libgcc.a(_arm_cmpsf2.o)
                                                  c:/program files (x86)/atmel/studio/7.0/toolchain/arm/arm-gnu-toolchain/bin/../lib/gcc/arm-none-eabi/4.9.3/armv6-m\libgcc.a(_fixunssfsi.o)
__aeabi_fcmpgt                                    c:/program files (x86)/atmel/studio/7.0/toolchain/arm/arm-gnu-toolchain/bin/../lib/gcc/arm-none-eabi/4.9.3/armv6-m\libgcc.a(_arm_cmpsf2.o)
__aeabi_fcmple                                    c:/program files (x86)/atmel/studio/7.0/toolchain/arm/arm-gnu-toolchain/bin/../lib/gcc/arm-none-eabi/4.9.3/armv6-m\libgcc.a(_arm_cmpsf2.o)
__aeabi_fcmplt                                    c:/program files (x86)/atmel/studio/7.0/toolchain/arm/arm-gnu-toolchain/bin/../lib/gcc/arm-none-eabi/4.9.3/armv6-m\libgcc.a(_arm_cmpsf2.o)
__aeabi_fsub                                      c:/program files (x86)/atmel/studio/7.0/toolchain/arm/arm-gnu-toolchain/bin/../lib/gcc/arm-none-eabi/4.9.3/armv6-m\libgcc.a(subsf3.o)
                                                  c:/program files (x86)/atmel/studio/7.0/toolchain/arm/arm-gnu-toolchain/bin/../lib/gcc/arm-none-eabi/4.9.3/armv6-m\libgcc.a(_fixunssfsi.o)
__aeabi_i2d                                       c:/program files (x86)/atmel/studio/7.0/toolchain/arm/arm-gnu-toolchain/bin/../lib/gcc/arm-none-eabi/4.9.3/armv6-m\libgcc.a(floatsidf.o)
                                                  src/main.o
__aeabi_idiv                                      c:/program files (x86)/atmel/studio/7.0/toolchain/arm/arm-gnu-toolchain/bin/../lib/gcc/arm-none-eabi/4.9.3/armv6-m\libgcc.a(_divsi3.o)
                                                  c:/program files (x86)/atmel/studio/7.0/toolchain/arm/arm-gnu-toolchain/bin/../lib/gcc/arm-none-eabi/4.9.3/../../../../arm-none-eabi/lib/armv6-m\libc_nano.a(lib_a-fvwrite.o)
                                                  src/main.o
__aeabi_idiv0                                     c:/program files (x86)/atmel/studio/7.0/toolchain/arm/arm-gnu-toolchain/bin/../lib/gcc/arm-none-eabi/4.9.3/armv6-m\libgcc.a(_dvmd_tls.o)